93.49.14.51 - - [29/Mar/2015:07:41:39 +0000] "POST /confronto/engine/get_pb_atleti.php HTTP/1.1" 200 517 "http://atletica.me/confronto/index.php?atletaUno=318537&atletaDue=151185" "Mozilla/5.0 (Linux; U; Android 4.4.2; it-it; LG-D405 Build/KOT49I.A1415179572) AppleWebKit/537.36 (KHTML, like Gecko) Version/4.0 Chrome/30.0.1599.103 Mobile Safari/537.36"
82.58.194.57 - - [29/Mar/2015:07:41:46 +0000] "GET /api/1.0/jade.css HTTP/1.1" 304 212 "http://www.atletipercaso.net/tag/chiodate" "Mozilla/5.0 (Linux; Android 5.0; K00E Build/LRX21V) AppleWebKit/537.36 (KHTML, like Gecko) Chrome/41.0.2272.96 Safari/537.36"
82.58.194.57 - - [29/Mar/2015:07:41:46 +0000] "GET /api/1.0/jade.js HTTP/1.1" 304 212 "http://www.atletipercaso.net/tag/chiodate" "Mozilla/5.0 (Linux; Android 5.0; K00E Build/LRX21V) AppleWebKit/537.36 (KHTML, like Gecko) Chrome/41.0.2272.96 Safari/537.36"
151.18.187.34 - - [29/Mar/2015:07:41:57 +0000] "GET /atleta/66838 HTTP/1.1" 200 6936 "http://atletica.me/societa/1912" "Mozilla/5.0 (Linux; Android 4.4.2; it-it; SAMSUNG GT-I9301I Build/KOT49H) AppleWebKit/537.36 (KHTML, like Gecko) Version/1.5 Chrome/28.0.1500.94 Mobile Safari/537.36"
93.49.14.51 - - [29/Mar/2015:07:41:58 +0000] "GET /confronto/index.php?atletaUno=318537&atletaDue=151185 HTTP/1.1" 200 5469 "http://atletica.me/confronto/index.php?atletaUno=289625&atletaDue=318537" "Mozilla/5.0 (Linux; U; Android 4.4.2; it-it; LG-D405 Build/KOT49I.A1415179572) AppleWebKit/537.36 (KHTML, like Gecko) Version/4.0 Chrome/30.0.1599.103 Mobile Safari/537.36"
151.18.187.34 - - [29/Mar/2015:07:42:00 +0000] "GET /record/fonts/icomoon/icomoon.woff?i64fx9 HTTP/1.1" 302 530 "http://atletica.me/atleta/66838" "Mozilla/5.0 (Linux; Android 4.4.2; it-it; SAMSUNG GT-I9301I Build/KOT49H) AppleWebKit/537.36 (KHTML, like Gecko) Version/1.5 Chrome/28.0.1500.94 Mobile Safari/537.36"
151.18.187.34 - - [29/Mar/2015:07:42:01 +0000] "POST /atleta/aggiorna.php HTTP/1.1" 200 2740 "http://atletica.me/atleta/66838" "Mozilla/5.0 (Linux; Android 4.4.2; it-it; SAMSUNG GT-I9301I Build/KOT49H) AppleWebKit/537.36 (KHTML, like Gecko) Version/1.5 Chrome/28.0.1500.94 Mobile Safari/537.36"
151.18.187.34 - - [29/Mar/2015:07:42:01 +0000] "GET /record/fonts/icomoon/icomoon.ttf?i64fx9 HTTP/1.1" 302 529 "http://atletica.me/atleta/66838" "Mozilla/5.0 (Linux; Android 4.4.2; it-it; SAMSUNG GT-I9301I Build/KOT49H) AppleWebKit/537.36 (KHTML, like Gecko) Version/1.5 Chrome/28.0.1500.94 Mobile Safari/537.36"
87.19.242.17 - - [29/Mar/2015:07:42:01 +0000] "GET / HTTP/1.1" 200 4313 "-" "Mozilla/5.0 (iPad; CPU OS 7_1_2 like Mac OS X) AppleWebKit/537.51.2 (KHTML, like Gecko) Version/7.0 Mobile/11D257 Safari/9537.53"
87.19.242.17 - - [29/Mar/2015:07:42:02 +0000] "GET /style_home.css HTTP/1.1" 200 3591 "http://atletica.me/" "Mozilla/5.0 (iPad; CPU OS 7_1_2 like Mac OS X) AppleWebKit/537.51.2 (KHTML, like Gecko) Version/7.0 Mobile/11D257 Safari/9537.53"
87.19.242.17 - - [29/Mar/2015:07:42:02 +0000] "GET /myjs/login.js HTTP/1.1" 200 1504 "http://atletica.me/" "Mozilla/5.0 (iPad; CPU OS 7_1_2 like Mac OS X) AppleWebKit/537.51.2 (KHTML, like Gecko) Version/7.0 Mobile/11D257 Safari/9537.53"
87.19.242.17 - - [29/Mar/2015:07:42:02 +0000] "GET /ico/face_inv.png HTTP/1.1" 200 1000 "http://atletica.me/" "Mozilla/5.0 (iPad; CPU OS 7_1_2 like Mac OS X) AppleWebKit/537.51.2 (KHTML, like Gecko) Version/7.0 Mobile/11D257 Safari/9537.53"
87.19.242.17 - - [29/Mar/2015:07:42:02 +0000] "GET /ico/so/android.png HTTP/1.1" 200 1178 "http://atletica.me/" "Mozilla/5.0 (iPad; CPU OS 7_1_2 like Mac OS X) AppleWebKit/537.51.2 (KHTML, like Gecko) Version/7.0 Mobile/11D257 Safari/9537.53"
87.19.242.17 - - [29/Mar/2015:07:42:02 +0000] "GET /img/iphone_mini.png HTTP/1.1" 200 55713 "http://atletica.me/" "Mozilla/5.0 (iPad; CPU OS 7_1_2 like Mac OS X) AppleWebKit/537.51.2 (KHTML, like Gecko) Version/7.0 Mobile/11D257 Safari/9537.53"
87.19.242.17 - - [29/Mar/2015:07:42:02 +0000] "GET /ico/scorri.png HTTP/1.1" 200 694 "http://atletica.me/" "Mozilla/5.0 (iPad; CPU OS 7_1_2 like Mac OS X) AppleWebKit/537.51.2 (KHTML, like Gecko) Version/7.0 Mobile/11D257 Safari/9537.53"
87.19.242.17 - - [29/Mar/2015:07:42:02 +0000] "GET /ico/social/facebook.png HTTP/1.1" 200 1169 "http://atletica.me/" "Mozilla/5.0 (iPad; CPU OS 7_1_2 like Mac OS X) AppleWebKit/537.51.2 (KHTML, like Gecko) Version/7.0 Mobile/11D257 Safari/9537.53"
93.49.14.51 - - [29/Mar/2015:07:42:02 +0000] "POST /confronto/engine/confronta.php HTTP/1.1" 200 810 "http://atletica.me/confronto/index.php?atletaUno=318537&atletaDue=151185" "Mozilla/5.0 (Linux; U; Android 4.4.2; it-it; LG-D405 Build/KOT49I.A1415179572) AppleWebKit/537.36 (KHTML, like Gecko) Version/4.0 Chrome/30.0.1599.103 Mobile Safari/537.36"
87.19.242.17 - - [29/Mar/2015:07:42:02 +0000] "GET /ico/social/min/youtube.png HTTP/1.1" 200 897 "http://atletica.me/" "Mozilla/5.0 (iPad; CPU OS 7_1_2 like Mac OS X) AppleWebKit/537.51.2 (KHTML, like Gecko) Version/7.0 Mobile/11D257 Safari/9537.53"
87.19.242.17 - - [29/Mar/2015:07:42:02 +0000] "GET /ico/social/min/face.png HTTP/1.1" 200 893 "http://atletica.me/" "Mozilla/5.0 (iPad; CPU OS 7_1_2 like Mac OS X) AppleWebKit/537.51.2 (KHTML, like Gecko) Version/7.0 Mobile/11D257 Safari/9537.53"
87.19.242.17 - - [29/Mar/2015:07:42:02 +0000] "GET /ico/so/ios.png HTTP/1.1" 200 1347 "http://atletica.me/" "Mozilla/5.0 (iPad; CPU OS 7_1_2 like Mac OS X) AppleWebKit/537.51.2 (KHTML, like Gecko) Version/7.0 Mobile/11D257 Safari/9537.53"
93.49.14.51 - - [29/Mar/2015:07:42:02 +0000] "POST /confronto/engine/get_pb_atleti.php HTTP/1.1" 200 517 "http://atletica.me/confronto/index.php?atletaUno=318537&atletaDue=151185" "Mozilla/5.0 (Linux; U; Android 4.4.2; it-it; LG-D405 Build/KOT49I.A1415179572) AppleWebKit/537.36 (KHTML, like Gecko) Version/4.0 Chrome/30.0.1599.103 Mobile Safari/537.36"
87.19.242.17 - - [29/Mar/2015:07:42:02 +0000] "GET /ico/social/min/twitter.png HTTP/1.1" 200 895 "http://atletica.me/" "Mozilla/5.0 (iPad; CPU OS 7_1_2 like Mac OS X) AppleWebKit/537.51.2 (KHTML, like Gecko) Version/7.0 Mobile/11D257 Safari/9537.53"
87.19.242.17 - - [29/Mar/2015:07:42:02 +0000] "GET /img/height_jump.jpg HTTP/1.1" 200 47110 "http://atletica.me/" "Mozilla/5.0 (iPad; CPU OS 7_1_2 like Mac OS X) AppleWebKit/537.51.2 (KHTML, like Gecko) Version/7.0 Mobile/11D257 Safari/9537.53"
87.19.242.17 - - [29/Mar/2015:07:42:02 +0000] "GET /img/chi_siamo/chi_siamo_mini.jpg HTTP/1.1" 200 53298 "http://atletica.me/" "Mozilla/5.0 (iPad; CPU OS 7_1_2 like Mac OS X) AppleWebKit/537.51.2 (KHTML, like Gecko) Version/7.0 Mobile/11D257 Safari/9537.53"
87.19.242.17 - - [29/Mar/2015:07:42:03 +0000] "GET /style_mob.css HTTP/1.1" 200 805 "http://atletica.me/" "Mozilla/5.0 (iPad; CPU OS 7_1_2 like Mac OS X) AppleWebKit/537.51.2 (KHTML, like Gecko) Version/7.0 Mobile/11D257 Safari/9537.53"
151.18.187.34 - - [29/Mar/2015:07:42:05 +0000] "GET /record/fonts/icomoon/icomoon.svg?i64fx9 HTTP/1.1" 302 530 "http://atletica.me/atleta/66838" "Mozilla/5.0 (Linux; Android 4.4.2; it-it; SAMSUNG GT-I9301I Build/KOT49H) AppleWebKit/537.36 (KHTML, like Gecko) Version/1.5 Chrome/28.0.1500.94 Mobile Safari/537.36"
151.28.231.196 - - [29/Mar/2015:07:42:18 +0000] "GET / HTTP/1.1" 200 4313 "http://atletica.me/profilo/" "Mozilla/5.0 (Linux; Android 4.4.2; GT-I9301I Build/KOT49H) AppleWebKit/537.36 (KHTML, like Gecko) Chrome/40.0.2214.109 Mobile Safari/537.36"
87.19.242.17 - - [29/Mar/2015:07:42:19 +0000] "GET / HTTP/1.1" 200 4255 "-" "Mozilla/5.0 (iPad; CPU OS 7_1_2 like Mac OS X) AppleWebKit/537.51.2 (KHTML, like Gecko) Version/7.0 Mobile/11D257 Safari/9537.53"
151.18.187.34 - - [29/Mar/2015:07:42:22 +0000] "GET /atleta/66808 HTTP/1.1" 200 7124 "http://atletica.me/societa/1912" "Mozilla/5.0 (Linux; Android 4.4.2; it-it; SAMSUNG GT-I9301I Build/KOT49H) AppleWebKit/537.36 (KHTML, like Gecko) Version/1.5 Chrome/28.0.1500.94 Mobile Safari/537.36"
66.249.78.120 - - [29/Mar/2015:07:42:24 +0000] "GET /api/1.0/jade.js HTTP/1.1" 200 5009 "http://www.atletipercaso.net/10773/mondo-jacko-gill-perde-il-record-nazionale-nel-peso-per-mano-di-tom-walsh" "Mozilla/5.0 (compatible; Googlebot/2.1; +http://www.google.com/bot.html)"
66.249.67.103 - - [29/Mar/2015:07:42:25 +0000] "GET /api/1.0/jade.css HTTP/1.1" 200 1757 "http://www.atletipercaso.net/10773/mondo-jacko-gill-perde-il-record-nazionale-nel-peso-per-mano-di-tom-walsh" "Mozilla/5.0 (compatible; Googlebot/2.1; +http://www.google.com/bot.html)"
151.18.187.34 - - [29/Mar/2015:07:42:26 +0000] "GET /record/fonts/icomoon/icomoon.woff?i64fx9 HTTP/1.1" 302 530 "http://atletica.me/atleta/66808" "Mozilla/5.0 (Linux; Android 4.4.2; it-it; SAMSUNG GT-I9301I Build/KOT49H) AppleWebKit/537.36 (KHTML, like Gecko) Version/1.5 Chrome/28.0.1500.94 Mobile Safari/537.36"
151.18.187.34 - - [29/Mar/2015:07:42:26 +0000] "GET /record/fonts/icomoon/icomoon.ttf?i64fx9 HTTP/1.1" 302 529 "http://atletica.me/atleta/66808" "Mozilla/5.0 (Linux; Android 4.4.2; it-it; SAMSUNG GT-I9301I Build/KOT49H) AppleWebKit/537.36 (KHTML, like Gecko) Version/1.5 Chrome/28.0.1500.94 Mobile Safari/537.36"
151.18.187.34 - - [29/Mar/2015:07:42:27 +0000] "GET /record/fonts/icomoon/icomoon.svg?i64fx9 HTTP/1.1" 302 529 "http://atletica.me/atleta/66808" "Mozilla/5.0 (Linux; Android 4.4.2; it-it; SAMSUNG GT-I9301I Build/KOT49H) AppleWebKit/537.36 (KHTML, like Gecko) Version/1.5 Chrome/28.0.1500.94 Mobile Safari/537.36"
151.18.187.34 - - [29/Mar/2015:07:42:28 +0000] "POST /atleta/aggiorna.php HTTP/1.1" 200 2026 "http://atletica.me/atleta/66808" "Mozilla/5.0 (Linux; Android 4.4.2; it-it; SAMSUNG GT-I9301I Build/KOT49H) AppleWebKit/537.36 (KHTML, like Gecko) Version/1.5 Chrome/28.0.1500.94 Mobile Safari/537.36"
79.45.114.140 - - [29/Mar/2015:07:42:31 +0000] "GET /profilo/ HTTP/1.1" 200 4105 "http://atletica.me/" "Mozilla/5.0 (Mobile; Windows Phone 8.1; Android 4.0; ARM; Trident/7.0; Touch; rv:11.0; IEMobile/11.0; NOKIA; Lumia 920) like iPhone OS 7_0_3 Mac OS X AppleWebKit/537 (KHTML, like Gecko) Mobile Safari/537"
79.45.114.140 - - [29/Mar/2015:07:42:31 +0000] "POST /includephp/auto-login.php HTTP/1.1" 200 441 "http://atletica.me/" "Mozilla/5.0 (Mobile; Windows Phone 8.1; Android 4.0; ARM; Trident/7.0; Touch; rv:11.0; IEMobile/11.0; NOKIA; Lumia 920) like iPhone OS 7_0_3 Mac OS X AppleWebKit/537 (KHTML, like Gecko) Mobile Safari/537"
79.45.114.140 - - [29/Mar/2015:07:42:31 +0000] "GET /css/profiloGen.css HTTP/1.1" 200 838 "http://atletica.me/profilo/" "Mozilla/5.0 (Mobile; Windows Phone 8.1; Android 4.0; ARM; Trident/7.0; Touch; rv:11.0; IEMobile/11.0; NOKIA; Lumia 920) like iPhone OS 7_0_3 Mac OS X AppleWebKit/537 (KHTML, like Gecko) Mobile Safari/537"
79.45.114.140 - - [29/Mar/2015:07:42:31 +0000] "GET /css/fondamenta.css HTTP/1.1" 200 4736 "http://atletica.me/profilo/" "Mozilla/5.0 (Mobile; Windows Phone 8.1; Android 4.0; ARM; Trident/7.0; Touch; rv:11.0; IEMobile/11.0; NOKIA; Lumia 920) like iPhone OS 7_0_3 Mac OS X AppleWebKit/537 (KHTML, like Gecko) Mobile Safari/537"
79.45.114.140 - - [29/Mar/2015:07:42:31 +0000] "GET /profilo/style_cell.css HTTP/1.1" 302 529 "http://atletica.me/profilo/" "Mozilla/5.0 (Mobile; Windows Phone 8.1; Android 4.0; ARM; Trident/7.0; Touch; rv:11.0; IEMobile/11.0; NOKIA; Lumia 920) like iPhone OS 7_0_3 Mac OS X AppleWebKit/537 (KHTML, like Gecko) Mobile Safari/537"
79.45.114.140 - - [29/Mar/2015:07:42:32 +0000] "GET /profilo/style.css HTTP/1.1" 200 1877 "http://atletica.me/profilo/" "Mozilla/5.0 (Mobile; Windows Phone 8.1; Android 4.0; ARM; Trident/7.0; Touch; rv:11.0; IEMobile/11.0; NOKIA; Lumia 920) like iPhone OS 7_0_3 Mac OS X AppleWebKit/537 (KHTML, like Gecko) Mobile Safari/537"
79.45.114.140 - - [29/Mar/2015:07:42:32 +0000] "GET /profilo/funzioni_profilo.js HTTP/1.1" 200 4636 "http://atletica.me/profilo/" "Mozilla/5.0 (Mobile; Windows Phone 8.1; Android 4.0; ARM; Trident/7.0; Touch; rv:11.0; IEMobile/11.0; NOKIA; Lumia 920) like iPhone OS 7_0_3 Mac OS X AppleWebKit/537 (KHTML, like Gecko) Mobile Safari/537"
79.45.114.140 - - [29/Mar/2015:07:42:32 +0000] "GET /myjs/fondamenta.js HTTP/1.1" 200 4345 "http://atletica.me/profilo/" "Mozilla/5.0 (Mobile; Windows Phone 8.1; Android 4.0; ARM; Trident/7.0; Touch; rv:11.0; IEMobile/11.0; NOKIA; Lumia 920) like iPhone OS 7_0_3 Mac OS X AppleWebKit/537 (KHTML, like Gecko) Mobile Safari/537"
79.45.114.140 - - [29/Mar/2015:07:42:32 +0000] "GET /ico/cancel/cancel-50.png HTTP/1.1" 200 549 "http://atletica.me/profilo/" "Mozilla/5.0 (Mobile; Windows Phone 8.1; Android 4.0; ARM; Trident/7.0; Touch; rv:11.0; IEMobile/11.0; NOKIA; Lumia 920) like iPhone OS 7_0_3 Mac OS X AppleWebKit/537 (KHTML, like Gecko) Mobile Safari/537"
79.45.114.140 - - [29/Mar/2015:07:42:32 +0000] "GET /ico/sent/sent-50.png HTTP/1.1" 200 962 "http://atletica.me/profilo/" "Mozilla/5.0 (Mobile; Windows Phone 8.1; Android 4.0; ARM; Trident/7.0; Touch; rv:11.0; IEMobile/11.0; NOKIA; Lumia 920) like iPhone OS 7_0_3 Mac OS X AppleWebKit/537 (KHTML, like Gecko) Mobile Safari/537"
79.45.114.140 - - [29/Mar/2015:07:42:32 +0000] "GET /ico/quote-32.png HTTP/1.1" 200 920 "http://atletica.me/profilo/" "Mozilla/5.0 (Mobile; Windows Phone 8.1; Android 4.0; ARM; Trident/7.0; Touch; rv:11.0; IEMobile/11.0; NOKIA; Lumia 920) like iPhone OS 7_0_3 Mac OS X AppleWebKit/537 (KHTML, like Gecko) Mobile Safari/537"
79.45.114.140 - - [29/Mar/2015:07:42:32 +0000] "GET /includephp/down4-32.png HTTP/1.1" 200 473 "http://atletica.me/profilo/" "Mozilla/5.0 (Mobile; Windows Phone 8.1; Android 4.0; ARM; Trident/7.0; Touch; rv:11.0; IEMobile/11.0; NOKIA; Lumia 920) like iPhone OS 7_0_3 Mac OS X AppleWebKit/537 (KHTML, like Gecko) Mobile Safari/537"
79.45.114.140 - - [29/Mar/2015:07:42:32 +0000] "GET /404/ HTTP/1.1" 200 1217 "http://atletica.me/profilo/" "Mozilla/5.0 (Mobile; Windows Phone 8.1; Android 4.0; ARM; Trident/7.0; Touch; rv:11.0; IEMobile/11.0; NOKIA; Lumia 920) like iPhone OS 7_0_3 Mac OS X AppleWebKit/537 (KHTML, like Gecko) Mobile Safari/537"
79.45.114.140 - - [29/Mar/2015:07:42:32 +0000] "GET /ico/bug/bug-32.png HTTP/1.1" 200 962 "http://atletica.me/profilo/" "Mozilla/5.0 (Mobile; Windows Phone 8.1; Android 4.0; ARM; Trident/7.0; Touch; rv:11.0; IEMobile/11.0; NOKIA; Lumia 920) like iPhone OS 7_0_3 Mac OS X AppleWebKit/537 (KHTML, like Gecko) Mobile Safari/537"
79.45.114.140 - - [29/Mar/2015:07:42:32 +0000] "GET /barra/home_icon_white.png HTTP/1.1" 200 1554 "http://atletica.me/profilo/" "Mozilla/5.0 (Mobile; Windows Phone 8.1; Android 4.0; ARM; Trident/7.0; Touch; rv:11.0; IEMobile/11.0; NOKIA; Lumia 920) like iPhone OS 7_0_3 Mac OS X AppleWebKit/537 (KHTML, like Gecko) Mobile Safari/537"
79.45.114.140 - - [29/Mar/2015:07:42:32 +0000] "GET /ico/search/search-100.png HTTP/1.1" 200 1343 "http://atletica.me/profilo/" "Mozilla/5.0 (Mobile; Windows Phone 8.1; Android 4.0; ARM; Trident/7.0; Touch; rv:11.0; IEMobile/11.0; NOKIA; Lumia 920) like iPhone OS 7_0_3 Mac OS X AppleWebKit/537 (KHTML, like Gecko) Mobile Safari/537"
79.45.114.140 - - [29/Mar/2015:07:42:32 +0000] "GET /barra/more_icon_black.png HTTP/1.1" 200 939 "http://atletica.me/profilo/" "Mozilla/5.0 (Mobile; Windows Phone 8.1; Android 4.0; ARM; Trident/7.0; Touch; rv:11.0; IEMobile/11.0; NOKIA; Lumia 920) like iPhone OS 7_0_3 Mac OS X AppleWebKit/537 (KHTML, like Gecko) Mobile Safari/537"
79.45.114.140 - - [29/Mar/2015:07:42:32 +0000] "GET /ico/profilo/setting.png HTTP/1.1" 200 3356 "http://atletica.me/profilo/" "Mozilla/5.0 (Mobile; Windows Phone 8.1; Android 4.0; ARM; Trident/7.0; Touch; rv:11.0; IEMobile/11.0; NOKIA; Lumia 920) like iPhone OS 7_0_3 Mac OS X AppleWebKit/537 (KHTML, like Gecko) Mobile Safari/537"
79.45.114.140 - - [29/Mar/2015:07:42:32 +0000] "GET /ico/profilo/home.png HTTP/1.1" 200 3184 "http://atletica.me/profilo/" "Mozilla/5.0 (Mobile; Windows Phone 8.1; Android 4.0; ARM; Trident/7.0; Touch; rv:11.0; IEMobile/11.0; NOKIA; Lumia 920) like iPhone OS 7_0_3 Mac OS X AppleWebKit/537 (KHTML, like Gecko) Mobile Safari/537"
79.45.114.140 - - [29/Mar/2015:07:42:32 +0000] "GET /profilo/expand-25.png HTTP/1.1" 200 512 "http://atletica.me/profilo/" "Mozilla/5.0 (Mobile; Windows Phone 8.1; Android 4.0; ARM; Trident/7.0; Touch; rv:11.0; IEMobile/11.0; NOKIA; Lumia 920) like iPhone OS 7_0_3 Mac OS X AppleWebKit/537 (KHTML, like Gecko) Mobile Safari/537"
79.45.114.140 - - [29/Mar/2015:07:42:32 +0000] "GET /profilo/align_left-25.png HTTP/1.1" 200 413 "http://atletica.me/profilo/" "Mozilla/5.0 (Mobile; Windows Phone 8.1; Android 4.0; ARM; Trident/7.0; Touch; rv:11.0; IEMobile/11.0; NOKIA; Lumia 920) like iPhone OS 7_0_3 Mac OS X AppleWebKit/537 (KHTML, like Gecko) Mobile Safari/537"
79.45.114.140 - - [29/Mar/2015:07:42:33 +0000] "POST /profilo/getNotizie.php HTTP/1.1" 200 1468 "http://atletica.me/profilo/" "Mozilla/5.0 (Mobile; Windows Phone 8.1; Android 4.0; ARM; Trident/7.0; Touch; rv:11.0; IEMobile/11.0; NOKIA; Lumia 920) like iPhone OS 7_0_3 Mac OS X AppleWebKit/537 (KHTML, like Gecko) Mobile Safari/537"
93.49.14.51 - - [29/Mar/2015:07:42:34 +0000] "GET /confronto/index.php?atletaUno=318537&atletaDue=15407 HTTP/1.1" 200 5461 "http://atletica.me/confronto/index.php?atletaUno=318537&atletaDue=151185" "Mozilla/5.0 (Linux; U; Android 4.4.2; it-it; LG-D405 Build/KOT49I.A1415179572) AppleWebKit/537.36 (KHTML, like Gecko) Version/4.0 Chrome/30.0.1599.103 Mobile Safari/537.36"
93.49.14.51 - - [29/Mar/2015:07:42:39 +0000] "POST /confronto/engine/confronta.php HTTP/1.1" 200 801 "http://atletica.me/confronto/index.php?atletaUno=318537&atletaDue=15407" "Mozilla/5.0 (Linux; U; Android 4.4.2; it-it; LG-D405 Build/KOT49I.A1415179572) AppleWebKit/537.36 (KHTML, like Gecko) Version/4.0 Chrome/30.0.1599.103 Mobile Safari/537.36"
93.49.14.51 - - [29/Mar/2015:07:42:39 +0000] "POST /confronto/engine/get_pb_atleti.php HTTP/1.1" 200 514 "http://atletica.me/confronto/index.php?atletaUno=318537&atletaDue=15407" "Mozilla/5.0 (Linux; U; Android 4.4.2; it-it; LG-D405 Build/KOT49I.A1415179572) AppleWebKit/537.36 (KHTML, like Gecko) Version/4.0 Chrome/30.0.1599.103 Mobile Safari/537.36"
66.249.78.127 - - [29/Mar/2015:07:42:39 +0000] "GET /confronto/index.php?atletaUno=28754&atletaDue=65766 HTTP/1.1" 200 5596 "-" "Mozilla/5.0 (compatible; Googlebot/2.1; +http://www.google.com/bot.html)"
220.181.108.87 - - [29/Mar/2015:07:42:41 +0000] "-" 408 0 "-" "-"
93.49.14.51 - - [29/Mar/2015:07:42:50 +0000] "GET /confronto/index.php?atletaUno=318537&atletaDue=151194 HTTP/1.1" 200 5473 "http://atletica.me/confronto/index.php?atletaUno=318537&atletaDue=15407" "Mozilla/5.0 (Linux; U; Android 4.4.2; it-it; LG-D405 Build/KOT49I.A1415179572) AppleWebKit/537.36 (KHTML, like Gecko) Version/4.0 Chrome/30.0.1599.103 Mobile Safari/537.36"
93.49.14.51 - - [29/Mar/2015:07:42:57 +0000] "POST /confronto/engine/confronta.php HTTP/1.1" 200 739 "http://atletica.me/confronto/index.php?atletaUno=318537&atletaDue=151194" "Mozilla/5.0 (Linux; U; Android 4.4.2; it-it; LG-D405 Build/KOT49I.A1415179572) AppleWebKit/537.36 (KHTML, like Gecko) Version/4.0 Chrome/30.0.1599.103 Mobile Safari/537.36"
93.49.14.51 - - [29/Mar/2015:07:42:57 +0000] "POST /confronto/engine/get_pb_atleti.php HTTP/1.1" 200 529 "http://atletica.me/confronto/index.php?atletaUno=318537&atletaDue=151194" "Mozilla/5.0 (Linux; U; Android 4.4.2; it-it; LG-D405 Build/KOT49I.A1415179572) AppleWebKit/537.36 (KHTML, like Gecko) Version/4.0 Chrome/30.0.1599.103 Mobile Safari/537.36"
151.18.187.34 - - [29/Mar/2015:07:43:20 +0000] "GET /atleta/66810 HTTP/1.1" 200 6894 "http://atletica.me/societa/1912" "Mozilla/5.0 (Linux; Android 4.4.2; it-it; SAMSUNG GT-I9301I Build/KOT49H) AppleWebKit/537.36 (KHTML, like Gecko) Version/1.5 Chrome/28.0.1500.94 Mobile Safari/537.36"
151.18.187.34 - - [29/Mar/2015:07:43:24 +0000] "GET /record/fonts/icomoon/icomoon.woff?i64fx9 HTTP/1.1" 302 530 "http://atletica.me/atleta/66810" "Mozilla/5.0 (Linux; Android 4.4.2; it-it; SAMSUNG GT-I9301I Build/KOT49H) AppleWebKit/537.36 (KHTML, like Gecko) Version/1.5 Chrome/28.0.1500.94 Mobile Safari/537.36"
66.249.78.113 - - [29/Mar/2015:07:43:25 +0000] "POST /atleta/aggiorna.php HTTP/1.1" 200 1149 "http://atletica.me/atleta/154577" "Mozilla/5.0 (compatible; Googlebot/2.1; +http://www.google.com/bot.html)"
79.45.114.140 - - [29/Mar/2015:07:43:25 +0000] "GET /profilo HTTP/1.1" 301 555 "http://atletica.me/profilo/" "Mozilla/5.0 (Mobile; Windows Phone 8.1; Android 4.0; ARM; Trident/7.0; Touch; rv:11.0; IEMobile/11.0; NOKIA; Lumia 920) like iPhone OS 7_0_3 Mac OS X AppleWebKit/537 (KHTML, like Gecko) Mobile Safari/537"
157.55.39.55 - - [29/Mar/2015:07:43:25 +0000] "GET /atleta/index.php?id=165774 HTTP/1.1" 200 6993 "-" "Mozilla/5.0 (compatible; bingbot/2.0; +http://www.bing.com/bingbot.htm)"
79.45.114.140 - - [29/Mar/2015:07:43:25 +0000] "GET /profilo/ HTTP/1.1" 200 4104 "http://atletica.me/profilo/" "Mozilla/5.0 (Mobile; Windows Phone 8.1; Android 4.0; ARM; Trident/7.0; Touch; rv:11.0; IEMobile/11.0; NOKIA; Lumia 920) like iPhone OS 7_0_3 Mac OS X AppleWebKit/537 (KHTML, like Gecko) Mobile Safari/537"
79.45.114.140 - - [29/Mar/2015:07:43:26 +0000] "GET /profilo/style_cell.css HTTP/1.1" 302 529 "http://atletica.me/profilo/" "Mozilla/5.0 (Mobile; Windows Phone 8.1; Android 4.0; ARM; Trident/7.0; Touch; rv:11.0; IEMobile/11.0; NOKIA; Lumia 920) like iPhone OS 7_0_3 Mac OS X AppleWebKit/537 (KHTML, like Gecko) Mobile Safari/537"
79.45.114.140 - - [29/Mar/2015:07:43:26 +0000] "POST /profilo/getNotizie.php HTTP/1.1" 200 1468 "http://atletica.me/profilo/" "Mozilla/5.0 (Mobile; Windows Phone 8.1; Android 4.0; ARM; Trident/7.0; Touch; rv:11.0; IEMobile/11.0; NOKIA; Lumia 920) like iPhone OS 7_0_3 Mac OS X AppleWebKit/537 (KHTML, like Gecko) Mobile Safari/537"
151.18.187.34 - - [29/Mar/2015:07:43:27 +0000] "GET /atleta/66810 HTTP/1.1" 200 6894 "http://atletica.me/societa/1912" "Mozilla/5.0 (Linux; Android 4.4.2; it-it; SAMSUNG GT-I9301I Build/KOT49H) AppleWebKit/537.36 (KHTML, like Gecko) Version/1.5 Chrome/28.0.1500.94 Mobile Safari/537.36"
79.45.114.140 - - [29/Mar/2015:07:43:30 +0000] "GET /profilo/impo HTTP/1.1" 301 562 "http://atletica.me/profilo/" "Mozilla/5.0 (Mobile; Windows Phone 8.1; Android 4.0; ARM; Trident/7.0; Touch; rv:11.0; IEMobile/11.0; NOKIA; Lumia 920) like iPhone OS 7_0_3 Mac OS X AppleWebKit/537 (KHTML, like Gecko) Mobile Safari/537"
151.18.187.34 - - [29/Mar/2015:07:43:30 +0000] "GET /record/fonts/icomoon/icomoon.woff?i64fx9 HTTP/1.1" 302 530 "http://atletica.me/atleta/66810" "Mozilla/5.0 (Linux; Android 4.4.2; it-it; SAMSUNG GT-I9301I Build/KOT49H) AppleWebKit/537.36 (KHTML, like Gecko) Version/1.5 Chrome/28.0.1500.94 Mobile Safari/537.36"
79.45.114.140 - - [29/Mar/2015:07:43:30 +0000] "GET /profilo/impo/ HTTP/1.1" 200 4071 "http://atletica.me/profilo/" "Mozilla/5.0 (Mobile; Windows Phone 8.1; Android 4.0; ARM; Trident/7.0; Touch; rv:11.0; IEMobile/11.0; NOKIA; Lumia 920) like iPhone OS 7_0_3 Mac OS X AppleWebKit/537 (KHTML, like Gecko) Mobile Safari/537"
79.45.114.140 - - [29/Mar/2015:07:43:30 +0000] "GET /profilo/impo/style.css HTTP/1.1" 200 1516 "http://atletica.me/profilo/impo/" "Mozilla/5.0 (Mobile; Windows Phone 8.1; Android 4.0; ARM; Trident/7.0; Touch; rv:11.0; IEMobile/11.0; NOKIA; Lumia 920) like iPhone OS 7_0_3 Mac OS X AppleWebKit/537 (KHTML, like Gecko) Mobile Safari/537"
79.45.114.140 - - [29/Mar/2015:07:43:30 +0000] "GET /profilo/impo/style_cell.css HTTP/1.1" 302 530 "http://atletica.me/profilo/impo/" "Mozilla/5.0 (Mobile; Windows Phone 8.1; Android 4.0; ARM; Trident/7.0; Touch; rv:11.0; IEMobile/11.0; NOKIA; Lumia 920) like iPhone OS 7_0_3 Mac OS X AppleWebKit/537 (KHTML, like Gecko) Mobile Safari/537"
79.45.114.140 - - [29/Mar/2015:07:43:31 +0000] "GET /profilo/impo/myfun.js HTTP/1.1" 200 1648 "http://atletica.me/profilo/impo/" "Mozilla/5.0 (Mobile; Windows Phone 8.1; Android 4.0; ARM; Trident/7.0; Touch; rv:11.0; IEMobile/11.0; NOKIA; Lumia 920) like iPhone OS 7_0_3 Mac OS X AppleWebKit/537 (KHTML, like Gecko) Mobile Safari/537"
79.45.114.140 - - [29/Mar/2015:07:43:31 +0000] "GET /ico/checkmark/checkmark-50.png HTTP/1.1" 200 743 "http://atletica.me/profilo/impo/" "Mozilla/5.0 (Mobile; Windows Phone 8.1; Android 4.0; ARM; Trident/7.0; Touch; rv:11.0; IEMobile/11.0; NOKIA; Lumia 920) like iPhone OS 7_0_3 Mac OS X AppleWebKit/537 (KHTML, like Gecko) Mobile Safari/537"
151.18.187.34 - - [29/Mar/2015:07:43:31 +0000] "GET /record/fonts/icomoon/icomoon.ttf?i64fx9 HTTP/1.1" 302 529 "http://atletica.me/atleta/66810" "Mozilla/5.0 (Linux; Android 4.4.2; it-it; SAMSUNG GT-I9301I Build/KOT49H) AppleWebKit/537.36 (KHTML, like Gecko) Version/1.5 Chrome/28.0.1500.94 Mobile Safari/537.36"
79.45.114.140 - - [29/Mar/2015:07:43:31 +0000] "POST /profilo/impo/getListSegui.php HTTP/1.1" 200 706 "http://atletica.me/profilo/impo/" "Mozilla/5.0 (Mobile; Windows Phone 8.1; Android 4.0; ARM; Trident/7.0; Touch; rv:11.0; IEMobile/11.0; NOKIA; Lumia 920) like iPhone OS 7_0_3 Mac OS X AppleWebKit/537 (KHTML, like Gecko) Mobile Safari/537"
151.18.187.34 - - [29/Mar/2015:07:43:31 +0000] "GET /record/fonts/icomoon/icomoon.svg?i64fx9 HTTP/1.1" 302 529 "http://atletica.me/atleta/66810" "Mozilla/5.0 (Linux; Android 4.4.2; it-it; SAMSUNG GT-I9301I Build/KOT49H) AppleWebKit/537.36 (KHTML, like Gecko) Version/1.5 Chrome/28.0.1500.94 Mobile Safari/537.36"
151.18.187.34 - - [29/Mar/2015:07:43:32 +0000] "POST /atleta/aggiorna.php HTTP/1.1" 200 1857 "http://atletica.me/atleta/66810" "Mozilla/5.0 (Linux; Android 4.4.2; it-it; SAMSUNG GT-I9301I Build/KOT49H) AppleWebKit/537.36 (KHTML, like Gecko) Version/1.5 Chrome/28.0.1500.94 Mobile Safari/537.36"
93.49.14.51 - - [29/Mar/2015:07:43:37 +0000] "GET /confronto/index.php?atletaUno=318537&atletaDue=15407 HTTP/1.1" 200 5461 "http://atletica.me/confronto/index.php?atletaUno=318537&atletaDue=151185" "Mozilla/5.0 (Linux; U; Android 4.4.2; it-it; LG-D405 Build/KOT49I.A1415179572) AppleWebKit/537.36 (KHTML, like Gecko) Version/4.0 Chrome/30.0.1599.103 Mobile Safari/537.36"
93.49.14.51 - - [29/Mar/2015:07:43:40 +0000] "POST /confronto/engine/confronta.php HTTP/1.1" 200 801 "http://atletica.me/confronto/index.php?atletaUno=318537&atletaDue=15407" "Mozilla/5.0 (Linux; U; Android 4.4.2; it-it; LG-D405 Build/KOT49I.A1415179572) AppleWebKit/537.36 (KHTML, like Gecko) Version/4.0 Chrome/30.0.1599.103 Mobile Safari/537.36"
93.49.14.51 - - [29/Mar/2015:07:43:40 +0000] "POST /confronto/engine/get_pb_atleti.php HTTP/1.1" 200 514 "http://atletica.me/confronto/index.php?atletaUno=318537&atletaDue=15407" "Mozilla/5.0 (Linux; U; Android 4.4.2; it-it; LG-D405 Build/KOT49I.A1415179572) AppleWebKit/537.36 (KHTML, like Gecko) Version/4.0 Chrome/30.0.1599.103 Mobile Safari/537.36"
93.49.14.51 - - [29/Mar/2015:07:43:40 +0000] "GET /confronto/index.php?atletaUno=318537&atletaDue=151185 HTTP/1.1" 200 5468 "http://atletica.me/confronto/index.php?atletaUno=289625&atletaDue=318537" "Mozilla/5.0 (Linux; U; Android 4.4.2; it-it; LG-D405 Build/KOT49I.A1415179572) AppleWebKit/537.36 (KHTML, like Gecko) Version/4.0 Chrome/30.0.1599.103 Mobile Safari/537.36"
93.49.14.51 - - [29/Mar/2015:07:43:41 +0000] "GET /confronto/index.php?atletaUno=318537&atletaDue=151185 HTTP/1.1" 200 5468 "http://atletica.me/confronto/index.php?atletaUno=289625&atletaDue=318537" "Mozilla/5.0 (Linux; U; Android 4.4.2; it-it; LG-D405 Build/KOT49I.A1415179572) AppleWebKit/537.36 (KHTML, like Gecko) Version/4.0 Chrome/30.0.1599.103 Mobile Safari/537.36"
93.49.14.51 - - [29/Mar/2015:07:43:42 +0000] "POST /confronto/engine/confronta.php HTTP/1.1" 200 810 "http://atletica.me/confronto/index.php?atletaUno=318537&atletaDue=151185" "Mozilla/5.0 (Linux; U; Android 4.4.2; it-it; LG-D405 Build/KOT49I.A1415179572) AppleWebKit/537.36 (KHTML, like Gecko) Version/4.0 Chrome/30.0.1599.103 Mobile Safari/537.36"
93.49.14.51 - - [29/Mar/2015:07:43:42 +0000] "POST /confronto/engine/get_pb_atleti.php HTTP/1.1" 200 516 "http://atletica.me/confronto/index.php?atletaUno=318537&atletaDue=151185" "Mozilla/5.0 (Linux; U; Android 4.4.2; it-it; LG-D405 Build/KOT49I.A1415179572) AppleWebKit/537.36 (KHTML, like Gecko) Version/4.0 Chrome/30.0.1599.103 Mobile Safari/537.36"
79.45.114.140 - - [29/Mar/2015:07:43:44 +0000] "GET /manifestazioni HTTP/1.1" 301 567 "http://atletica.me/profilo/impo/" "Mozilla/5.0 (Mobile; Windows Phone 8.1; Android 4.0; ARM; Trident/7.0; Touch; rv:11.0; IEMobile/11.0; NOKIA; Lumia 920) like iPhone OS 7_0_3 Mac OS X AppleWebKit/537 (KHTML, like Gecko) Mobile Safari/537"
79.45.114.140 - - [29/Mar/2015:07:43:44 +0000] "GET /manifestazioni/ HTTP/1.1" 200 4437 "http://atletica.me/profilo/impo/" "Mozilla/5.0 (Mobile; Windows Phone 8.1; Android 4.0; ARM; Trident/7.0; Touch; rv:11.0; IEMobile/11.0; NOKIA; Lumia 920) like iPhone OS 7_0_3 Mac OS X AppleWebKit/537 (KHTML, like Gecko) Mobile Safari/537"
79.45.114.140 - - [29/Mar/2015:07:43:45 +0000] "GET /manifestazioni/style.css HTTP/1.1" 200 3046 "http://atletica.me/manifestazioni/" "Mozilla/5.0 (Mobile; Windows Phone 8.1; Android 4.0; ARM; Trident/7.0; Touch; rv:11.0; IEMobile/11.0; NOKIA; Lumia 920) like iPhone OS 7_0_3 Mac OS X AppleWebKit/537 (KHTML, like Gecko) Mobile Safari/537"
79.45.114.140 - - [29/Mar/2015:07:43:45 +0000] "GET /manifestazioni/style_cell.css HTTP/1.1" 302 530 "http://atletica.me/manifestazioni/" "Mozilla/5.0 (Mobile; Windows Phone 8.1; Android 4.0; ARM; Trident/7.0; Touch; rv:11.0; IEMobile/11.0; NOKIA; Lumia 920) like iPhone OS 7_0_3 Mac OS X AppleWebKit/537 (KHTML, like Gecko) Mobile Safari/537"
79.45.114.140 - - [29/Mar/2015:07:43:45 +0000] "GET /manifestazioni/myfun.js HTTP/1.1" 200 3215 "http://atletica.me/manifestazioni/" "Mozilla/5.0 (Mobile; Windows Phone 8.1; Android 4.0; ARM; Trident/7.0; Touch; rv:11.0; IEMobile/11.0; NOKIA; Lumia 920) like iPhone OS 7_0_3 Mac OS X AppleWebKit/537 (KHTML, like Gecko) Mobile Safari/537"
93.49.14.51 - - [29/Mar/2015:07:43:45 +0000] "GET /confronto/index.php?atletaUno=289625&atletaDue=313178 HTTP/1.1" 200 5470 "http://atletica.me/confronto/index.php?atletaUno=313180&atletaDue=289625" "Mozilla/5.0 (Linux; U; Android 4.4.2; it-it; LG-D405 Build/KOT49I.A1415179572) AppleWebKit/537.36 (KHTML, like Gecko) Version/4.0 Chrome/30.0.1599.103 Mobile Safari/537.36"
93.49.14.51 - - [29/Mar/2015:07:43:47 +0000] "POST /confronto/engine/confronta.php HTTP/1.1" 200 706 "http://atletica.me/confronto/index.php?atletaUno=289625&atletaDue=313178" "Mozilla/5.0 (Linux; U; Android 4.4.2; it-it; LG-D405 Build/KOT49I.A1415179572) AppleWebKit/537.36 (KHTML, like Gecko) Version/4.0 Chrome/30.0.1599.103 Mobile Safari/537.36"
93.49.14.51 - - [29/Mar/2015:07:43:47 +0000] "POST /confronto/engine/get_pb_atleti.php HTTP/1.1" 200 498 "http://atletica.me/confronto/index.php?atletaUno=289625&atletaDue=313178" "Mozilla/5.0 (Linux; U; Android 4.4.2; it-it; LG-D405 Build/KOT49I.A1415179572) AppleWebKit/537.36 (KHTML, like Gecko) Version/4.0 Chrome/30.0.1599.103 Mobile Safari/537.36"
93.49.14.51 - - [29/Mar/2015:07:43:47 +0000] "GET /confronto/index.php?atletaUno=289625&atletaDue=318537 HTTP/1.1" 200 5447 "http://atletica.me/confronto/index.php?atletaUno=289625&atletaDue=313178" "Mozilla/5.0 (Linux; U; Android 4.4.2; it-it; LG-D405 Build/KOT49I.A1415179572) AppleWebKit/537.36 (KHTML, like Gecko) Version/4.0 Chrome/30.0.1599.103 Mobile Safari/537.36"
79.45.114.140 - - [29/Mar/2015:07:43:47 +0000] "POST /manifestazioni/getManifestazioniIeriOggiDomani.php HTTP/1.1" 200 1595 "http://atletica.me/manifestazioni/" "Mozilla/5.0 (Mobile; Windows Phone 8.1; Android 4.0; ARM; Trident/7.0; Touch; rv:11.0; IEMobile/11.0; NOKIA; Lumia 920) like iPhone OS 7_0_3 Mac OS X AppleWebKit/537 (KHTML, like Gecko) Mobile Safari/537"
93.49.14.51 - - [29/Mar/2015:07:43:48 +0000] "POST /confronto/engine/confronta.php HTTP/1.1" 200 712 "http://atletica.me/confronto/index.php?atletaUno=289625&atletaDue=318537" "Mozilla/5.0 (Linux; U; Android 4.4.2; it-it; LG-D405 Build/KOT49I.A1415179572) AppleWebKit/537.36 (KHTML, like Gecko) Version/4.0 Chrome/30.0.1599.103 Mobile Safari/537.36"
93.49.14.51 - - [29/Mar/2015:07:43:48 +0000] "POST /confronto/engine/get_pb_atleti.php HTTP/1.1" 200 495 "http://atletica.me/confronto/index.php?atletaUno=289625&atletaDue=318537" "Mozilla/5.0 (Linux; U; Android 4.4.2; it-it; LG-D405 Build/KOT49I.A1415179572) AppleWebKit/537.36 (KHTML, like Gecko) Version/4.0 Chrome/30.0.1599.103 Mobile Safari/537.36"
79.45.114.140 - - [29/Mar/2015:07:43:48 +0000] "GET /ico/flag/24/pl.png HTTP/1.1" 200 669 "http://atletica.me/manifestazioni/" "Mozilla/5.0 (Mobile; Windows Phone 8.1; Android 4.0; ARM; Trident/7.0; Touch; rv:11.0; IEMobile/11.0; NOKIA; Lumia 920) like iPhone OS 7_0_3 Mac OS X AppleWebKit/537 (KHTML, like Gecko) Mobile Safari/537"
79.45.114.140 - - [29/Mar/2015:07:43:48 +0000] "GET /ico/flag/24/cn.png HTTP/1.1" 200 926 "http://atletica.me/manifestazioni/" "Mozilla/5.0 (Mobile; Windows Phone 8.1; Android 4.0; ARM; Trident/7.0; Touch; rv:11.0; IEMobile/11.0; NOKIA; Lumia 920) like iPhone OS 7_0_3 Mac OS X AppleWebKit/537 (KHTML, like Gecko) Mobile Safari/537"
79.45.114.140 - - [29/Mar/2015:07:43:48 +0000] "GET /ico/flag/24/it.png HTTP/1.1" 200 858 "http://atletica.me/manifestazioni/" "Mozilla/5.0 (Mobile; Windows Phone 8.1; Android 4.0; ARM; Trident/7.0; Touch; rv:11.0; IEMobile/11.0; NOKIA; Lumia 920) like iPhone OS 7_0_3 Mac OS X AppleWebKit/537 (KHTML, like Gecko) Mobile Safari/537"
66.249.78.113 - - [29/Mar/2015:07:43:48 +0000] "GET /confronto/index.php?atletaUno=126420&atletaDue=73198 HTTP/1.1" 200 5531 "-" "Mozilla/5.0 (compatible; Googlebot/2.1; +http://www.google.com/bot.html)"
66.249.67.87 - - [29/Mar/2015:07:43:52 +0000] "POST /atleta/aggiorna.php HTTP/1.1" 200 1729 "http://atletica.me/atleta/index.php?id=43432" "Mozilla/5.0 (compatible; Googlebot/2.1; +http://www.google.com/bot.html)"
93.49.14.51 - - [29/Mar/2015:07:43:58 +0000] "GET /confronto/index.php?atletaUno=289625&atletaDue=313178 HTTP/1.1" 200 5471 "http://atletica.me/confronto/index.php?atletaUno=313180&atletaDue=289625" "Mozilla/5.0 (Linux; U; Android 4.4.2; it-it; LG-D405 Build/KOT49I.A1415179572) AppleWebKit/537.36 (KHTML, like Gecko) Version/4.0 Chrome/30.0.1599.103 Mobile Safari/537.36"
93.49.14.51 - - [29/Mar/2015:07:43:59 +0000] "POST /confronto/engine/confronta.php HTTP/1.1" 200 706 "http://atletica.me/confronto/index.php?atletaUno=289625&atletaDue=313178" "Mozilla/5.0 (Linux; U; Android 4.4.2; it-it; LG-D405 Build/KOT49I.A1415179572) AppleWebKit/537.36 (KHTML, like Gecko) Version/4.0 Chrome/30.0.1599.103 Mobile Safari/537.36"
93.49.14.51 - - [29/Mar/2015:07:43:59 +0000] "POST /confronto/engine/get_pb_atleti.php HTTP/1.1" 200 499 "http://atletica.me/confronto/index.php?atletaUno=289625&atletaDue=313178" "Mozilla/5.0 (Linux; U; Android 4.4.2; it-it; LG-D405 Build/KOT49I.A1415179572) AppleWebKit/537.36 (KHTML, like Gecko) Version/4.0 Chrome/30.0.1599.103 Mobile Safari/537.36"
79.45.114.140 - - [29/Mar/2015:07:44:02 +0000] "POST /manifestazioni/getManifestazioni.php HTTP/1.1" 200 2813 "http://atletica.me/manifestazioni/" "Mozilla/5.0 (Mobile; Windows Phone 8.1; Android 4.0; ARM; Trident/7.0; Touch; rv:11.0; IEMobile/11.0; NOKIA; Lumia 920) like iPhone OS 7_0_3 Mac OS X AppleWebKit/537 (KHTML, like Gecko) Mobile Safari/537"
217.200.202.227 - - [29/Mar/2015:07:44:01 +0000] "GET /confronto/index.php?atletaUno=120415&atletaDue=36346 HTTP/1.1" 200 5558 "-" "Mozilla/5.0 (Linux; U; Android 4.2.2; it-it; GT-I9060 Build/JDQ39) AppleWebKit/534.30 (KHTML, like Gecko) Version/4.0 Mobile Safari/534.30"
93.49.14.51 - - [29/Mar/2015:07:44:02 +0000] "GET /confronto/index.php?atletaUno=313180&atletaDue=289625 HTTP/1.1" 200 5463 "http://atletica.me/confronto/index.php?atletaUno=313180&atletaDue=151194" "Mozilla/5.0 (Linux; U; Android 4.4.2; it-it; LG-D405 Build/KOT49I.A1415179572) AppleWebKit/537.36 (KHTML, like Gecko) Version/4.0 Chrome/30.0.1599.103 Mobile Safari/537.36"
217.200.202.227 - - [29/Mar/2015:07:44:02 +0000] "GET /css/fondamenta.css HTTP/1.1" 200 4735 "http://atletica.me/confronto/index.php?atletaUno=120415&atletaDue=36346" "Mozilla/5.0 (Linux; U; Android 4.2.2; it-it; GT-I9060 Build/JDQ39) AppleWebKit/534.30 (KHTML, like Gecko) Version/4.0 Mobile Safari/534.30"
217.200.202.227 - - [29/Mar/2015:07:44:02 +0000] "GET /confronto/style.css HTTP/1.1" 200 3430 "http://atletica.me/confronto/index.php?atletaUno=120415&atletaDue=36346" "Mozilla/5.0 (Linux; U; Android 4.2.2; it-it; GT-I9060 Build/JDQ39) AppleWebKit/534.30 (KHTML, like Gecko) Version/4.0 Mobile Safari/534.30"
217.200.202.227 - - [29/Mar/2015:07:44:02 +0000] "GET /myjs/fondamenta.js HTTP/1.1" 200 4345 "http://atletica.me/confronto/index.php?atletaUno=120415&atletaDue=36346" "Mozilla/5.0 (Linux; U; Android 4.2.2; it-it; GT-I9060 Build/JDQ39) AppleWebKit/534.30 (KHTML, like Gecko) Version/4.0 Mobile Safari/534.30"
217.200.202.227 - - [29/Mar/2015:07:44:02 +0000] "GET /atleta/style.css HTTP/1.1" 200 4778 "http://atletica.me/confronto/index.php?atletaUno=120415&atletaDue=36346" "Mozilla/5.0 (Linux; U; Android 4.2.2; it-it; GT-I9060 Build/JDQ39) AppleWebKit/534.30 (KHTML, like Gecko) Version/4.0 Mobile Safari/534.30"
217.200.202.227 - - [29/Mar/2015:07:44:02 +0000] "GET /record/css/component.css HTTP/1.1" 200 1674 "http://atletica.me/confronto/index.php?atletaUno=120415&atletaDue=36346" "Mozilla/5.0 (Linux; U; Android 4.2.2; it-it; GT-I9060 Build/JDQ39) AppleWebKit/534.30 (KHTML, like Gecko) Version/4.0 Mobile Safari/534.30"
217.200.202.227 - - [29/Mar/2015:07:44:02 +0000] "GET /record/css/content.css HTTP/1.1" 200 2462 "http://atletica.me/confronto/index.php?atletaUno=120415&atletaDue=36346" "Mozilla/5.0 (Linux; U; Android 4.2.2; it-it; GT-I9060 Build/JDQ39) AppleWebKit/534.30 (KHTML, like Gecko) Version/4.0 Mobile Safari/534.30"
217.200.202.227 - - [29/Mar/2015:07:44:02 +0000] "GET /record/js/modernizr.custom.js HTTP/1.1" 200 4102 "http://atletica.me/confronto/index.php?atletaUno=120415&atletaDue=36346" "Mozilla/5.0 (Linux; U; Android 4.2.2; it-it; GT-I9060 Build/JDQ39) AppleWebKit/534.30 (KHTML, like Gecko) Version/4.0 Mobile Safari/534.30"
217.200.202.227 - - [29/Mar/2015:07:44:03 +0000] "GET /confronto/myfun_clean.js HTTP/1.1" 200 9122 "http://atletica.me/confronto/index.php?atletaUno=120415&atletaDue=36346" "Mozilla/5.0 (Linux; U; Android 4.2.2; it-it; GT-I9060 Build/JDQ39) AppleWebKit/534.30 (KHTML, like Gecko) Version/4.0 Mobile Safari/534.30"
217.200.202.227 - - [29/Mar/2015:07:44:03 +0000] "GET /confronto/style_cell.css HTTP/1.1" 200 816 "http://atletica.me/confronto/index.php?atletaUno=120415&atletaDue=36346" "Mozilla/5.0 (Linux; U; Android 4.2.2; it-it; GT-I9060 Build/JDQ39) AppleWebKit/534.30 (KHTML, like Gecko) Version/4.0 Mobile Safari/534.30"
93.49.14.51 - - [29/Mar/2015:07:44:03 +0000] "POST /confronto/engine/confronta.php HTTP/1.1" 200 715 "http://atletica.me/confronto/index.php?atletaUno=313180&atletaDue=289625" "Mozilla/5.0 (Linux; U; Android 4.4.2; it-it; LG-D405 Build/KOT49I.A1415179572) AppleWebKit/537.36 (KHTML, like Gecko) Version/4.0 Chrome/30.0.1599.103 Mobile Safari/537.36"
93.49.14.51 - - [29/Mar/2015:07:44:03 +0000] "POST /confronto/engine/get_pb_atleti.php HTTP/1.1" 200 502 "http://atletica.me/confronto/index.php?atletaUno=313180&atletaDue=289625" "Mozilla/5.0 (Linux; U; Android 4.4.2; it-it; LG-D405 Build/KOT49I.A1415179572) AppleWebKit/537.36 (KHTML, like Gecko) Version/4.0 Chrome/30.0.1599.103 Mobile Safari/537.36"
217.200.202.227 - - [29/Mar/2015:07:44:03 +0000] "GET /confronto/atleta/style_cell.css HTTP/1.1" 302 529 "http://atletica.me/confronto/index.php?atletaUno=120415&atletaDue=36346" "Mozilla/5.0 (Linux; U; Android 4.2.2; it-it; GT-I9060 Build/JDQ39) AppleWebKit/534.30 (KHTML, like Gecko) Version/4.0 Mobile Safari/534.30"
217.200.202.227 - - [29/Mar/2015:07:44:04 +0000] "GET /404/ HTTP/1.1" 200 1217 "http://atletica.me/confronto/index.php?atletaUno=120415&atletaDue=36346" "Mozilla/5.0 (Linux; U; Android 4.2.2; it-it; GT-I9060 Build/JDQ39) AppleWebKit/534.30 (KHTML, like Gecko) Version/4.0 Mobile Safari/534.30"
217.200.202.227 - - [29/Mar/2015:07:44:04 +0000] "GET /myjs/ricerca.js HTTP/1.1" 200 645 "http://atletica.me/confronto/index.php?atletaUno=120415&atletaDue=36346" "Mozilla/5.0 (Linux; U; Android 4.2.2; it-it; GT-I9060 Build/JDQ39) AppleWebKit/534.30 (KHTML, like Gecko) Version/4.0 Mobile Safari/534.30"
217.200.202.227 - - [29/Mar/2015:07:44:04 +0000] "GET /myjs/login.js HTTP/1.1" 200 1505 "http://atletica.me/confronto/index.php?atletaUno=120415&atletaDue=36346" "Mozilla/5.0 (Linux; U; Android 4.2.2; it-it; GT-I9060 Build/JDQ39) AppleWebKit/534.30 (KHTML, like Gecko) Version/4.0 Mobile Safari/534.30"
151.18.187.34 - - [29/Mar/2015:07:44:04 +0000] "GET /atleta/66809 HTTP/1.1" 200 6862 "http://atletica.me/societa/1912" "Mozilla/5.0 (Linux; Android 4.4.2; it-it; SAMSUNG GT-I9301I Build/KOT49H) AppleWebKit/537.36 (KHTML, like Gecko) Version/1.5 Chrome/28.0.1500.94 Mobile Safari/537.36"
217.200.202.227 - - [29/Mar/2015:07:44:06 +0000] "GET /ico/cancel/cancel-50.png HTTP/1.1" 200 548 "http://atletica.me/confronto/index.php?atletaUno=120415&atletaDue=36346" "Mozilla/5.0 (Linux; U; Android 4.2.2; it-it; GT-I9060 Build/JDQ39) AppleWebKit/534.30 (KHTML, like Gecko) Version/4.0 Mobile Safari/534.30"
217.200.202.227 - - [29/Mar/2015:07:44:06 +0000] "GET /ico/sent/sent-50.png HTTP/1.1" 200 962 "http://atletica.me/confronto/index.php?atletaUno=120415&atletaDue=36346" "Mozilla/5.0 (Linux; U; Android 4.2.2; it-it; GT-I9060 Build/JDQ39) AppleWebKit/534.30 (KHTML, like Gecko) Version/4.0 Mobile Safari/534.30"
93.49.14.51 - - [29/Mar/2015:07:44:06 +0000] "GET /confronto/index.php?atletaUno=313180&atletaDue=151194 HTTP/1.1" 200 5470 "http://atletica.me/atleta/313180" "Mozilla/5.0 (Linux; U; Android 4.4.2; it-it; LG-D405 Build/KOT49I.A1415179572) AppleWebKit/537.36 (KHTML, like Gecko) Version/4.0 Chrome/30.0.1599.103 Mobile Safari/537.36"
217.200.202.227 - - [29/Mar/2015:07:44:06 +0000] "GET /includephp/down4-32.png HTTP/1.1" 200 474 "http://atletica.me/confronto/index.php?atletaUno=120415&atletaDue=36346" "Mozilla/5.0 (Linux; U; Android 4.2.2; it-it; GT-I9060 Build/JDQ39) AppleWebKit/534.30 (KHTML, like Gecko) Version/4.0 Mobile Safari/534.30"
217.200.202.227 - - [29/Mar/2015:07:44:06 +0000] "GET /ico/bug/bug-32.png HTTP/1.1" 200 963 "http://atletica.me/confronto/index.php?atletaUno=120415&atletaDue=36346" "Mozilla/5.0 (Linux; U; Android 4.2.2; it-it; GT-I9060 Build/JDQ39) AppleWebKit/534.30 (KHTML, like Gecko) Version/4.0 Mobile Safari/534.30"
217.200.202.227 - - [29/Mar/2015:07:44:06 +0000] "GET /ico/quote-32.png HTTP/1.1" 200 921 "http://atletica.me/confronto/index.php?atletaUno=120415&atletaDue=36346" "Mozilla/5.0 (Linux; U; Android 4.2.2; it-it; GT-I9060 Build/JDQ39) AppleWebKit/534.30 (KHTML, like Gecko) Version/4.0 Mobile Safari/534.30"
217.200.202.227 - - [29/Mar/2015:07:44:06 +0000] "GET /ico/Registration/enter/enter-32.png HTTP/1.1" 200 557 "http://atletica.me/confronto/index.php?atletaUno=120415&atletaDue=36346" "Mozilla/5.0 (Linux; U; Android 4.2.2; it-it; GT-I9060 Build/JDQ39) AppleWebKit/534.30 (KHTML, like Gecko) Version/4.0 Mobile Safari/534.30"
217.200.202.227 - - [29/Mar/2015:07:44:06 +0000] "GET /barra/home_icon_white.png HTTP/1.1" 200 1555 "http://atletica.me/confronto/index.php?atletaUno=120415&atletaDue=36346" "Mozilla/5.0 (Linux; U; Android 4.2.2; it-it; GT-I9060 Build/JDQ39) AppleWebKit/534.30 (KHTML, like Gecko) Version/4.0 Mobile Safari/534.30"
217.200.202.227 - - [29/Mar/2015:07:44:06 +0000] "GET /ico/search/search-100.png HTTP/1.1" 200 1344 "http://atletica.me/confronto/index.php?atletaUno=120415&atletaDue=36346" "Mozilla/5.0 (Linux; U; Android 4.2.2; it-it; GT-I9060 Build/JDQ39) AppleWebKit/534.30 (KHTML, like Gecko) Version/4.0 Mobile Safari/534.30"
217.200.202.227 - - [29/Mar/2015:07:44:07 +0000] "GET /barra/more_icon_black.png HTTP/1.1" 200 939 "http://atletica.me/confronto/index.php?atletaUno=120415&atletaDue=36346" "Mozilla/5.0 (Linux; U; Android 4.2.2; it-it; GT-I9060 Build/JDQ39) AppleWebKit/534.30 (KHTML, like Gecko) Version/4.0 Mobile Safari/534.30"
217.200.202.227 - - [29/Mar/2015:07:44:07 +0000] "GET /ico/social/min/face.png HTTP/1.1" 200 894 "http://atletica.me/confronto/index.php?atletaUno=120415&atletaDue=36346" "Mozilla/5.0 (Linux; U; Android 4.2.2; it-it; GT-I9060 Build/JDQ39) AppleWebKit/534.30 (KHTML, like Gecko) Version/4.0 Mobile Safari/534.30"
217.200.202.227 - - [29/Mar/2015:07:44:07 +0000] "GET /ico/social/min/twitter.png HTTP/1.1" 200 896 "http://atletica.me/confronto/index.php?atletaUno=120415&atletaDue=36346" "Mozilla/5.0 (Linux; U; Android 4.2.2; it-it; GT-I9060 Build/JDQ39) AppleWebKit/534.30 (KHTML, like Gecko) Version/4.0 Mobile Safari/534.30"
217.200.202.227 - - [29/Mar/2015:07:44:07 +0000] "GET /ico/social/min/youtube.png HTTP/1.1" 200 898 "http://atletica.me/confronto/index.php?atletaUno=120415&atletaDue=36346" "Mozilla/5.0 (Linux; U; Android 4.2.2; it-it; GT-I9060 Build/JDQ39) AppleWebKit/534.30 (KHTML, like Gecko) Version/4.0 Mobile Safari/534.30"
217.200.202.227 - - [29/Mar/2015:07:44:07 +0000] "GET /img/pattern/skulls.png HTTP/1.1" 200 67029 "http://atletica.me/confronto/index.php?atletaUno=120415&atletaDue=36346" "Mozilla/5.0 (Linux; U; Android 4.2.2; it-it; GT-I9060 Build/JDQ39) AppleWebKit/534.30 (KHTML, like Gecko) Version/4.0 Mobile Safari/534.30"
217.200.202.227 - - [29/Mar/2015:07:44:07 +0000] "POST /confronto/engine/confronta.php HTTP/1.1" 200 2538 "http://atletica.me/confronto/index.php?atletaUno=120415&atletaDue=36346" "Mozilla/5.0 (Linux; U; Android 4.2.2; it-it; GT-I9060 Build/JDQ39) AppleWebKit/534.30 (KHTML, like Gecko) Version/4.0 Mobile Safari/534.30"
217.200.202.227 - - [29/Mar/2015:07:44:07 +0000] "POST /confronto/engine/get_pb_atleti.php HTTP/1.1" 200 943 "http://atletica.me/confronto/index.php?atletaUno=120415&atletaDue=36346" "Mozilla/5.0 (Linux; U; Android 4.2.2; it-it; GT-I9060 Build/JDQ39) AppleWebKit/534.30 (KHTML, like Gecko) Version/4.0 Mobile Safari/534.30"
93.49.14.51 - - [29/Mar/2015:07:44:07 +0000] "POST /confronto/engine/confronta.php HTTP/1.1" 200 758 "http://atletica.me/confronto/index.php?atletaUno=313180&atletaDue=151194" "Mozilla/5.0 (Linux; U; Android 4.4.2; it-it; LG-D405 Build/KOT49I.A1415179572) AppleWebKit/537.36 (KHTML, like Gecko) Version/4.0 Chrome/30.0.1599.103 Mobile Safari/537.36"
93.49.14.51 - - [29/Mar/2015:07:44:07 +0000] "POST /confronto/engine/get_pb_atleti.php HTTP/1.1" 200 521 "http://atletica.me/confronto/index.php?atletaUno=313180&atletaDue=151194" "Mozilla/5.0 (Linux; U; Android 4.4.2; it-it; LG-D405 Build/KOT49I.A1415179572) AppleWebKit/537.36 (KHTML, like Gecko) Version/4.0 Chrome/30.0.1599.103 Mobile Safari/537.36"
151.18.187.34 - - [29/Mar/2015:07:44:08 +0000] "GET /record/fonts/icomoon/icomoon.woff?i64fx9 HTTP/1.1" 302 530 "http://atletica.me/atleta/66809" "Mozilla/5.0 (Linux; Android 4.4.2; it-it; SAMSUNG GT-I9301I Build/KOT49H) AppleWebKit/537.36 (KHTML, like Gecko) Version/1.5 Chrome/28.0.1500.94 Mobile Safari/537.36"
151.18.187.34 - - [29/Mar/2015:07:44:09 +0000] "GET /record/fonts/icomoon/icomoon.ttf?i64fx9 HTTP/1.1" 302 529 "http://atletica.me/atleta/66809" "Mozilla/5.0 (Linux; Android 4.4.2; it-it; SAMSUNG GT-I9301I Build/KOT49H) AppleWebKit/537.36 (KHTML, like Gecko) Version/1.5 Chrome/28.0.1500.94 Mobile Safari/537.36"
151.18.187.34 - - [29/Mar/2015:07:44:10 +0000] "GET /record/fonts/icomoon/icomoon.svg?i64fx9 HTTP/1.1" 302 529 "http://atletica.me/atleta/66809" "Mozilla/5.0 (Linux; Android 4.4.2; it-it; SAMSUNG GT-I9301I Build/KOT49H) AppleWebKit/537.36 (KHTML, like Gecko) Version/1.5 Chrome/28.0.1500.94 Mobile Safari/537.36"
151.18.187.34 - - [29/Mar/2015:07:44:10 +0000] "POST /atleta/aggiorna.php HTTP/1.1" 200 907 "http://atletica.me/atleta/66809" "Mozilla/5.0 (Linux; Android 4.4.2; it-it; SAMSUNG GT-I9301I Build/KOT49H) AppleWebKit/537.36 (KHTML, like Gecko) Version/1.5 Chrome/28.0.1500.94 Mobile Safari/537.36"
93.49.14.51 - - [29/Mar/2015:07:44:12 +0000] "GET /atleta/313180 HTTP/1.1" 200 6857 "http://atletica.me/atleta/289625" "Mozilla/5.0 (Linux; U; Android 4.4.2; it-it; LG-D405 Build/KOT49I.A1415179572) AppleWebKit/537.36 (KHTML, like Gecko) Version/4.0 Chrome/30.0.1599.103 Mobile Safari/537.36"
217.200.202.227 - - [29/Mar/2015:07:44:12 +0000] "GET /ico/expand/expand1.png HTTP/1.1" 200 7266 "http://atletica.me/confronto/index.php?atletaUno=120415&atletaDue=36346" "Mozilla/5.0 (Linux; U; Android 4.2.2; it-it; GT-I9060 Build/JDQ39) AppleWebKit/534.30 (KHTML, like Gecko) Version/4.0 Mobile Safari/534.30"
93.49.14.51 - - [29/Mar/2015:07:44:14 +0000] "POST /atleta/aggiorna.php HTTP/1.1" 200 881 "http://atletica.me/atleta/313180" "Mozilla/5.0 (Linux; U; Android 4.4.2; it-it; LG-D405 Build/KOT49I.A1415179572) AppleWebKit/537.36 (KHTML, like Gecko) Version/4.0 Chrome/30.0.1599.103 Mobile Safari/537.36"
66.249.67.95 - - [29/Mar/2015:07:44:20 +0000] "POST /confronto/engine/confronta.php HTTP/1.1" 200 2019 "http://atletica.me/confronto/index.php?atletaUno=149667&atletaDue=105275" "Mozilla/5.0 (compatible; Googlebot/2.1; +http://www.google.com/bot.html)"
66.249.78.120 - - [29/Mar/2015:07:44:20 +0000] "POST /confronto/engine/get_pb_atleti.php HTTP/1.1" 200 625 "http://atletica.me/confronto/index.php?atletaUno=149667&atletaDue=105275" "Mozilla/5.0 (compatible; Googlebot/2.1; +http://www.google.com/bot.html)"
217.200.202.227 - - [29/Mar/2015:07:44:25 +0000] "GET /confronto/index.php?atletaUno=120415&atletaDue=94790 HTTP/1.1" 200 5513 "http://atletica.me/confronto/index.php?atletaUno=120415&atletaDue=36346" "Mozilla/5.0 (Linux; U; Android 4.2.2; it-it; GT-I9060 Build/JDQ39) AppleWebKit/534.30 (KHTML, like Gecko) Version/4.0 Mobile Safari/534.30"
93.49.14.51 - - [29/Mar/2015:07:44:27 +0000] "POST /atleta/sexy_list_selected.php HTTP/1.1" 200 754 "http://atletica.me/atleta/313180" "Mozilla/5.0 (Linux; U; Android 4.4.2; it-it; LG-D405 Build/KOT49I.A1415179572) AppleWebKit/537.36 (KHTML, like Gecko) Version/4.0 Chrome/30.0.1599.103 Mobile Safari/537.36"
93.49.14.51 - - [29/Mar/2015:07:44:26 +0000] "POST /atleta/sexy_list_selected.php HTTP/1.1" 200 1689 "http://atletica.me/atleta/313180" "Mozilla/5.0 (Linux; U; Android 4.4.2; it-it; LG-D405 Build/KOT49I.A1415179572) AppleWebKit/537.36 (KHTML, like Gecko) Version/4.0 Chrome/30.0.1599.103 Mobile Safari/537.36"
