87.5.108.8 - - [29/Mar/2015:08:06:47 +0000] "GET /record/fonts/icomoon/icomoon.svg?i64fx9 HTTP/1.1" 302 529 "http://atletica.me/record/css/content.css" "Mozilla/5.0 (Linux; Android 5.0.2; XT1032 Build/LXB22.46-28.1) AppleWebKit/537.36 (KHTML, like Gecko) Version/4.0 Chrome/37.0.0.0 Mobile Safari/537.36"
87.5.108.8 - - [29/Mar/2015:08:06:48 +0000] "POST /atleta/aggiorna.php HTTP/1.1" 200 6438 "http://atletica.me/atleta/92377" "Mozilla/5.0 (Linux; Android 5.0.2; XT1032 Build/LXB22.46-28.1) AppleWebKit/537.36 (KHTML, like Gecko) Version/4.0 Chrome/37.0.0.0 Mobile Safari/537.36"
79.23.7.69 - - [29/Mar/2015:08:06:51 +0000] "GET /confronto/index.php?atletaUno=4779&atletaDue=188174 HTTP/1.1" 200 5486 "https://www.google.it/" "Mozilla/5.0 (Windows NT 6.1; WOW64) AppleWebKit/537.36 (KHTML, like Gecko) Chrome/41.0.2272.101 Safari/537.36"
79.23.7.69 - - [29/Mar/2015:08:06:52 +0000] "GET /confronto/style.css HTTP/1.1" 200 3429 "http://atletica.me/confronto/index.php?atletaUno=4779&atletaDue=188174" "Mozilla/5.0 (Windows NT 6.1; WOW64) AppleWebKit/537.36 (KHTML, like Gecko) Chrome/41.0.2272.101 Safari/537.36"
79.23.7.69 - - [29/Mar/2015:08:06:52 +0000] "GET /confronto/myfun_clean.js HTTP/1.1" 200 9122 "http://atletica.me/confronto/index.php?atletaUno=4779&atletaDue=188174" "Mozilla/5.0 (Windows NT 6.1; WOW64) AppleWebKit/537.36 (KHTML, like Gecko) Chrome/41.0.2272.101 Safari/537.36"
79.23.7.69 - - [29/Mar/2015:08:06:52 +0000] "GET /confronto/style_cell.css HTTP/1.1" 200 816 "http://atletica.me/confronto/index.php?atletaUno=4779&atletaDue=188174" "Mozilla/5.0 (Windows NT 6.1; WOW64) AppleWebKit/537.36 (KHTML, like Gecko) Chrome/41.0.2272.101 Safari/537.36"
79.23.7.69 - - [29/Mar/2015:08:06:52 +0000] "GET /confronto/atleta/style_cell.css HTTP/1.1" 302 529 "http://atletica.me/confronto/index.php?atletaUno=4779&atletaDue=188174" "Mozilla/5.0 (Windows NT 6.1; WOW64) AppleWebKit/537.36 (KHTML, like Gecko) Chrome/41.0.2272.101 Safari/537.36"
79.23.7.69 - - [29/Mar/2015:08:06:52 +0000] "GET /404/ HTTP/1.1" 200 1217 "http://atletica.me/confronto/index.php?atletaUno=4779&atletaDue=188174" "Mozilla/5.0 (Windows NT 6.1; WOW64) AppleWebKit/537.36 (KHTML, like Gecko) Chrome/41.0.2272.101 Safari/537.36"
79.23.7.69 - - [29/Mar/2015:08:06:52 +0000] "GET /img/pattern/skulls.png HTTP/1.1" 200 67029 "http://atletica.me/confronto/style.css" "Mozilla/5.0 (Windows NT 6.1; WOW64) AppleWebKit/537.36 (KHTML, like Gecko) Chrome/41.0.2272.101 Safari/537.36"
79.23.7.69 - - [29/Mar/2015:08:06:52 +0000] "POST /confronto/engine/confronta.php HTTP/1.1" 200 1474 "http://atletica.me/confronto/index.php?atletaUno=4779&atletaDue=188174" "Mozilla/5.0 (Windows NT 6.1; WOW64) AppleWebKit/537.36 (KHTML, like Gecko) Chrome/41.0.2272.101 Safari/537.36"
79.23.7.69 - - [29/Mar/2015:08:06:52 +0000] "POST /confronto/engine/get_pb_atleti.php HTTP/1.1" 200 711 "http://atletica.me/confronto/index.php?atletaUno=4779&atletaDue=188174" "Mozilla/5.0 (Windows NT 6.1; WOW64) AppleWebKit/537.36 (KHTML, like Gecko) Chrome/41.0.2272.101 Safari/537.36"
66.249.67.87 - - [29/Mar/2015:08:06:53 +0000] "POST /confronto/engine/confronta.php HTTP/1.1" 200 1223 "http://atletica.me/confronto/index.php?atletaUno=115024&atletaDue=104666" "Mozilla/5.0 (compatible; Googlebot/2.1; +http://www.google.com/bot.html)"
79.23.7.69 - - [29/Mar/2015:08:06:54 +0000] "GET /ico/expand/expand1.png HTTP/1.1" 200 7265 "http://atletica.me/confronto/index.php?atletaUno=4779&atletaDue=188174" "Mozilla/5.0 (Windows NT 6.1; WOW64) AppleWebKit/537.36 (KHTML, like Gecko) Chrome/41.0.2272.101 Safari/537.36"
66.249.78.127 - - [29/Mar/2015:08:06:54 +0000] "POST /confronto/engine/get_pb_atleti.php HTTP/1.1" 200 660 "http://atletica.me/confronto/index.php?atletaUno=115024&atletaDue=104666" "Mozilla/5.0 (compatible; Googlebot/2.1; +http://www.google.com/bot.html)"
79.21.80.5 - - [29/Mar/2015:08:07:00 +0000] "GET /api/1.0/jade.js HTTP/1.1" 200 5009 "http://www.atletipercaso.net/16969/news-bufera-sullaccordo-nike-gatlin-gli-atleti-sponsorizzare-un-ex-dopato-uccide-latletica" "Mozilla/5.0 (iPhone; CPU iPhone OS 8_2 like Mac OS X) AppleWebKit/600.1.4 (KHTML, like Gecko) Mobile/12D508 [FBAN/FBIOS;FBAV/26.0.0.11.13;FBBV/7806348;FBDV/iPhone5,4;FBMD/iPhone;FBSN/iPhone OS;FBSV/8.2;FBSS/2; FBCR/TIM;FBID/phone;FBLC/it_IT;FBOP/5]"
79.21.80.5 - - [29/Mar/2015:08:07:01 +0000] "GET /api/1.0/jade.css HTTP/1.1" 200 1757 "http://www.atletipercaso.net/16969/news-bufera-sullaccordo-nike-gatlin-gli-atleti-sponsorizzare-un-ex-dopato-uccide-latletica" "Mozilla/5.0 (iPhone; CPU iPhone OS 8_2 like Mac OS X) AppleWebKit/600.1.4 (KHTML, like Gecko) Mobile/12D508 [FBAN/FBIOS;FBAV/26.0.0.11.13;FBBV/7806348;FBDV/iPhone5,4;FBMD/iPhone;FBSN/iPhone OS;FBSV/8.2;FBSS/2; FBCR/TIM;FBID/phone;FBLC/it_IT;FBOP/5]"
66.249.78.113 - - [29/Mar/2015:08:07:02 +0000] "GET /confronto/index.php?atletaUno=63806&atletaDue=38894 HTTP/1.1" 200 5579 "-" "Mozilla/5.0 (compatible; Googlebot/2.1; +http://www.google.com/bot.html)"
79.21.80.5 - - [29/Mar/2015:08:07:12 +0000] "GET /api/1.0/jade.js?_=1427616421972 HTTP/1.1" 200 5009 "http://www.atletipercaso.net/16969/news-bufera-sullaccordo-nike-gatlin-gli-atleti-sponsorizzare-un-ex-dopato-uccide-latletica" "Mozilla/5.0 (iPhone; CPU iPhone OS 8_2 like Mac OS X) AppleWebKit/600.1.4 (KHTML, like Gecko) Mobile/12D508 [FBAN/FBIOS;FBAV/26.0.0.11.13;FBBV/7806348;FBDV/iPhone5,4;FBMD/iPhone;FBSN/iPhone OS;FBSV/8.2;FBSS/2; FBCR/TIM;FBID/phone;FBLC/it_IT;FBOP/5]"
79.21.80.5 - - [29/Mar/2015:08:07:13 +0000] "GET /api/1.0/jade.js?_=1427616421981 HTTP/1.1" 200 5008 "http://www.atletipercaso.net/16969/news-bufera-sullaccordo-nike-gatlin-gli-atleti-sponsorizzare-un-ex-dopato-uccide-latletica" "Mozilla/5.0 (iPhone; CPU iPhone OS 8_2 like Mac OS X) AppleWebKit/600.1.4 (KHTML, like Gecko) Mobile/12D508 [FBAN/FBIOS;FBAV/26.0.0.11.13;FBBV/7806348;FBDV/iPhone5,4;FBMD/iPhone;FBSN/iPhone OS;FBSV/8.2;FBSS/2; FBCR/TIM;FBID/phone;FBLC/it_IT;FBOP/5]"
79.21.80.5 - - [29/Mar/2015:08:07:14 +0000] "GET /api/1.0/jade.js?_=1427616421990 HTTP/1.1" 200 5008 "http://www.atletipercaso.net/16969/news-bufera-sullaccordo-nike-gatlin-gli-atleti-sponsorizzare-un-ex-dopato-uccide-latletica" "Mozilla/5.0 (iPhone; CPU iPhone OS 8_2 like Mac OS X) AppleWebKit/600.1.4 (KHTML, like Gecko) Mobile/12D508 [FBAN/FBIOS;FBAV/26.0.0.11.13;FBBV/7806348;FBDV/iPhone5,4;FBMD/iPhone;FBSN/iPhone OS;FBSV/8.2;FBSS/2; FBCR/TIM;FBID/phone;FBLC/it_IT;FBOP/5]"
79.21.80.5 - - [29/Mar/2015:08:07:15 +0000] "GET /api/1.0/jade.js?_=1427616421999 HTTP/1.1" 200 5008 "http://www.atletipercaso.net/16969/news-bufera-sullaccordo-nike-gatlin-gli-atleti-sponsorizzare-un-ex-dopato-uccide-latletica" "Mozilla/5.0 (iPhone; CPU iPhone OS 8_2 like Mac OS X) AppleWebKit/600.1.4 (KHTML, like Gecko) Mobile/12D508 [FBAN/FBIOS;FBAV/26.0.0.11.13;FBBV/7806348;FBDV/iPhone5,4;FBMD/iPhone;FBSN/iPhone OS;FBSV/8.2;FBSS/2; FBCR/TIM;FBID/phone;FBLC/it_IT;FBOP/5]"
79.21.80.5 - - [29/Mar/2015:08:07:16 +0000] "GET /api/1.0/jade.js?_=1427616422008 HTTP/1.1" 200 5008 "http://www.atletipercaso.net/16969/news-bufera-sullaccordo-nike-gatlin-gli-atleti-sponsorizzare-un-ex-dopato-uccide-latletica" "Mozilla/5.0 (iPhone; CPU iPhone OS 8_2 like Mac OS X) AppleWebKit/600.1.4 (KHTML, like Gecko) Mobile/12D508 [FBAN/FBIOS;FBAV/26.0.0.11.13;FBBV/7806348;FBDV/iPhone5,4;FBMD/iPhone;FBSN/iPhone OS;FBSV/8.2;FBSS/2; FBCR/TIM;FBID/phone;FBLC/it_IT;FBOP/5]"
79.21.80.5 - - [29/Mar/2015:08:07:17 +0000] "GET /api/1.0/jade.js?_=1427616422017 HTTP/1.1" 200 5008 "http://www.atletipercaso.net/16969/news-bufera-sullaccordo-nike-gatlin-gli-atleti-sponsorizzare-un-ex-dopato-uccide-latletica" "Mozilla/5.0 (iPhone; CPU iPhone OS 8_2 like Mac OS X) AppleWebKit/600.1.4 (KHTML, like Gecko) Mobile/12D508 [FBAN/FBIOS;FBAV/26.0.0.11.13;FBBV/7806348;FBDV/iPhone5,4;FBMD/iPhone;FBSN/iPhone OS;FBSV/8.2;FBSS/2; FBCR/TIM;FBID/phone;FBLC/it_IT;FBOP/5]"
79.21.80.5 - - [29/Mar/2015:08:07:18 +0000] "GET /api/1.0/jade.js?_=1427616422026 HTTP/1.1" 200 5008 "http://www.atletipercaso.net/16969/news-bufera-sullaccordo-nike-gatlin-gli-atleti-sponsorizzare-un-ex-dopato-uccide-latletica" "Mozilla/5.0 (iPhone; CPU iPhone OS 8_2 like Mac OS X) AppleWebKit/600.1.4 (KHTML, like Gecko) Mobile/12D508 [FBAN/FBIOS;FBAV/26.0.0.11.13;FBBV/7806348;FBDV/iPhone5,4;FBMD/iPhone;FBSN/iPhone OS;FBSV/8.2;FBSS/2; FBCR/TIM;FBID/phone;FBLC/it_IT;FBOP/5]"
87.5.108.8 - - [29/Mar/2015:08:07:18 +0000] "POST /atleta/get_avversari.php HTTP/1.1" 200 817 "http://atletica.me/atleta/92377" "Mozilla/5.0 (Linux; Android 5.0.2; XT1032 Build/LXB22.46-28.1) AppleWebKit/537.36 (KHTML, like Gecko) Version/4.0 Chrome/37.0.0.0 Mobile Safari/537.36"
79.21.80.5 - - [29/Mar/2015:08:07:19 +0000] "GET /api/1.0/jade.js?_=1427616422035 HTTP/1.1" 200 5008 "http://www.atletipercaso.net/16969/news-bufera-sullaccordo-nike-gatlin-gli-atleti-sponsorizzare-un-ex-dopato-uccide-latletica" "Mozilla/5.0 (iPhone; CPU iPhone OS 8_2 like Mac OS X) AppleWebKit/600.1.4 (KHTML, like Gecko) Mobile/12D508 [FBAN/FBIOS;FBAV/26.0.0.11.13;FBBV/7806348;FBDV/iPhone5,4;FBMD/iPhone;FBSN/iPhone OS;FBSV/8.2;FBSS/2; FBCR/TIM;FBID/phone;FBLC/it_IT;FBOP/5]"
79.21.80.5 - - [29/Mar/2015:08:07:20 +0000] "GET /api/1.0/jade.js?_=1427616422044 HTTP/1.1" 200 5008 "http://www.atletipercaso.net/16969/news-bufera-sullaccordo-nike-gatlin-gli-atleti-sponsorizzare-un-ex-dopato-uccide-latletica" "Mozilla/5.0 (iPhone; CPU iPhone OS 8_2 like Mac OS X) AppleWebKit/600.1.4 (KHTML, like Gecko) Mobile/12D508 [FBAN/FBIOS;FBAV/26.0.0.11.13;FBBV/7806348;FBDV/iPhone5,4;FBMD/iPhone;FBSN/iPhone OS;FBSV/8.2;FBSS/2; FBCR/TIM;FBID/phone;FBLC/it_IT;FBOP/5]"
79.21.80.5 - - [29/Mar/2015:08:07:21 +0000] "GET /api/1.0/jade.js?_=1427616422053 HTTP/1.1" 200 5008 "http://www.atletipercaso.net/16969/news-bufera-sullaccordo-nike-gatlin-gli-atleti-sponsorizzare-un-ex-dopato-uccide-latletica" "Mozilla/5.0 (iPhone; CPU iPhone OS 8_2 like Mac OS X) AppleWebKit/600.1.4 (KHTML, like Gecko) Mobile/12D508 [FBAN/FBIOS;FBAV/26.0.0.11.13;FBBV/7806348;FBDV/iPhone5,4;FBMD/iPhone;FBSN/iPhone OS;FBSV/8.2;FBSS/2; FBCR/TIM;FBID/phone;FBLC/it_IT;FBOP/5]"
79.21.80.5 - - [29/Mar/2015:08:07:22 +0000] "GET /api/1.0/jade.js?_=1427616422062 HTTP/1.1" 200 5008 "http://www.atletipercaso.net/16969/news-bufera-sullaccordo-nike-gatlin-gli-atleti-sponsorizzare-un-ex-dopato-uccide-latletica" "Mozilla/5.0 (iPhone; CPU iPhone OS 8_2 like Mac OS X) AppleWebKit/600.1.4 (KHTML, like Gecko) Mobile/12D508 [FBAN/FBIOS;FBAV/26.0.0.11.13;FBBV/7806348;FBDV/iPhone5,4;FBMD/iPhone;FBSN/iPhone OS;FBSV/8.2;FBSS/2; FBCR/TIM;FBID/phone;FBLC/it_IT;FBOP/5]"
79.21.80.5 - - [29/Mar/2015:08:07:23 +0000] "GET /api/1.0/jade.js?_=1427616422071 HTTP/1.1" 200 5008 "http://www.atletipercaso.net/16969/news-bufera-sullaccordo-nike-gatlin-gli-atleti-sponsorizzare-un-ex-dopato-uccide-latletica" "Mozilla/5.0 (iPhone; CPU iPhone OS 8_2 like Mac OS X) AppleWebKit/600.1.4 (KHTML, like Gecko) Mobile/12D508 [FBAN/FBIOS;FBAV/26.0.0.11.13;FBBV/7806348;FBDV/iPhone5,4;FBMD/iPhone;FBSN/iPhone OS;FBSV/8.2;FBSS/2; FBCR/TIM;FBID/phone;FBLC/it_IT;FBOP/5]"
79.21.80.5 - - [29/Mar/2015:08:07:24 +0000] "GET /api/1.0/jade.js?_=1427616422080 HTTP/1.1" 200 5008 "http://www.atletipercaso.net/16969/news-bufera-sullaccordo-nike-gatlin-gli-atleti-sponsorizzare-un-ex-dopato-uccide-latletica" "Mozilla/5.0 (iPhone; CPU iPhone OS 8_2 like Mac OS X) AppleWebKit/600.1.4 (KHTML, like Gecko) Mobile/12D508 [FBAN/FBIOS;FBAV/26.0.0.11.13;FBBV/7806348;FBDV/iPhone5,4;FBMD/iPhone;FBSN/iPhone OS;FBSV/8.2;FBSS/2; FBCR/TIM;FBID/phone;FBLC/it_IT;FBOP/5]"
79.21.80.5 - - [29/Mar/2015:08:07:25 +0000] "GET /api/1.0/jade.js?_=1427616422089 HTTP/1.1" 200 5008 "http://www.atletipercaso.net/16969/news-bufera-sullaccordo-nike-gatlin-gli-atleti-sponsorizzare-un-ex-dopato-uccide-latletica" "Mozilla/5.0 (iPhone; CPU iPhone OS 8_2 like Mac OS X) AppleWebKit/600.1.4 (KHTML, like Gecko) Mobile/12D508 [FBAN/FBIOS;FBAV/26.0.0.11.13;FBBV/7806348;FBDV/iPhone5,4;FBMD/iPhone;FBSN/iPhone OS;FBSV/8.2;FBSS/2; FBCR/TIM;FBID/phone;FBLC/it_IT;FBOP/5]"
91.253.46.4 - - [29/Mar/2015:08:07:26 +0000] "GET / HTTP/1.1" 301 545 "-" "Mozilla/5.0 (iPhone; CPU iPhone OS 8_2 like Mac OS X) AppleWebKit/600.1.4 (KHTML, like Gecko) Version/8.0 Mobile/12D508 Safari/600.1.4"
79.21.80.5 - - [29/Mar/2015:08:07:26 +0000] "GET /api/1.0/jade.js?_=1427616422098 HTTP/1.1" 200 5008 "http://www.atletipercaso.net/16969/news-bufera-sullaccordo-nike-gatlin-gli-atleti-sponsorizzare-un-ex-dopato-uccide-latletica" "Mozilla/5.0 (iPhone; CPU iPhone OS 8_2 like Mac OS X) AppleWebKit/600.1.4 (KHTML, like Gecko) Mobile/12D508 [FBAN/FBIOS;FBAV/26.0.0.11.13;FBBV/7806348;FBDV/iPhone5,4;FBMD/iPhone;FBSN/iPhone OS;FBSV/8.2;FBSS/2; FBCR/TIM;FBID/phone;FBLC/it_IT;FBOP/5]"
91.253.46.4 - - [29/Mar/2015:08:07:26 +0000] "GET / HTTP/1.1" 200 4313 "-" "Mozilla/5.0 (iPhone; CPU iPhone OS 8_2 like Mac OS X) AppleWebKit/600.1.4 (KHTML, like Gecko) Version/8.0 Mobile/12D508 Safari/600.1.4"
91.253.46.4 - - [29/Mar/2015:08:07:26 +0000] "GET /style_home.css HTTP/1.1" 200 3591 "http://atletica.me/" "Mozilla/5.0 (iPhone; CPU iPhone OS 8_2 like Mac OS X) AppleWebKit/600.1.4 (KHTML, like Gecko) Version/8.0 Mobile/12D508 Safari/600.1.4"
91.253.46.4 - - [29/Mar/2015:08:07:27 +0000] "GET /img/iphone_mini.png HTTP/1.1" 200 55712 "http://atletica.me/" "Mozilla/5.0 (iPhone; CPU iPhone OS 8_2 like Mac OS X) AppleWebKit/600.1.4 (KHTML, like Gecko) Version/8.0 Mobile/12D508 Safari/600.1.4"
91.253.46.4 - - [29/Mar/2015:08:07:27 +0000] "GET /ico/scorri.png HTTP/1.1" 200 694 "http://atletica.me/" "Mozilla/5.0 (iPhone; CPU iPhone OS 8_2 like Mac OS X) AppleWebKit/600.1.4 (KHTML, like Gecko) Version/8.0 Mobile/12D508 Safari/600.1.4"
91.253.46.4 - - [29/Mar/2015:08:07:27 +0000] "GET /ico/face_inv.png HTTP/1.1" 200 1001 "http://atletica.me/" "Mozilla/5.0 (iPhone; CPU iPhone OS 8_2 like Mac OS X) AppleWebKit/600.1.4 (KHTML, like Gecko) Version/8.0 Mobile/12D508 Safari/600.1.4"
91.253.46.4 - - [29/Mar/2015:08:07:27 +0000] "GET /style_mob.css HTTP/1.1" 200 806 "http://atletica.me/" "Mozilla/5.0 (iPhone; CPU iPhone OS 8_2 like Mac OS X) AppleWebKit/600.1.4 (KHTML, like Gecko) Version/8.0 Mobile/12D508 Safari/600.1.4"
91.253.46.4 - - [29/Mar/2015:08:07:27 +0000] "GET /myjs/login.js HTTP/1.1" 200 1505 "http://atletica.me/" "Mozilla/5.0 (iPhone; CPU iPhone OS 8_2 like Mac OS X) AppleWebKit/600.1.4 (KHTML, like Gecko) Version/8.0 Mobile/12D508 Safari/600.1.4"
91.253.46.4 - - [29/Mar/2015:08:07:27 +0000] "GET /ico/social/facebook.png HTTP/1.1" 200 1169 "http://atletica.me/" "Mozilla/5.0 (iPhone; CPU iPhone OS 8_2 like Mac OS X) AppleWebKit/600.1.4 (KHTML, like Gecko) Version/8.0 Mobile/12D508 Safari/600.1.4"
91.253.46.4 - - [29/Mar/2015:08:07:27 +0000] "GET /ico/so/ios.png HTTP/1.1" 200 1347 "http://atletica.me/" "Mozilla/5.0 (iPhone; CPU iPhone OS 8_2 like Mac OS X) AppleWebKit/600.1.4 (KHTML, like Gecko) Version/8.0 Mobile/12D508 Safari/600.1.4"
91.253.46.4 - - [29/Mar/2015:08:07:27 +0000] "GET /ico/social/min/face.png HTTP/1.1" 200 893 "http://atletica.me/" "Mozilla/5.0 (iPhone; CPU iPhone OS 8_2 like Mac OS X) AppleWebKit/600.1.4 (KHTML, like Gecko) Version/8.0 Mobile/12D508 Safari/600.1.4"
91.253.46.4 - - [29/Mar/2015:08:07:27 +0000] "GET /ico/social/min/twitter.png HTTP/1.1" 200 895 "http://atletica.me/" "Mozilla/5.0 (iPhone; CPU iPhone OS 8_2 like Mac OS X) AppleWebKit/600.1.4 (KHTML, like Gecko) Version/8.0 Mobile/12D508 Safari/600.1.4"
91.253.46.4 - - [29/Mar/2015:08:07:27 +0000] "GET /ico/social/min/youtube.png HTTP/1.1" 200 897 "http://atletica.me/" "Mozilla/5.0 (iPhone; CPU iPhone OS 8_2 like Mac OS X) AppleWebKit/600.1.4 (KHTML, like Gecko) Version/8.0 Mobile/12D508 Safari/600.1.4"
91.253.46.4 - - [29/Mar/2015:08:07:27 +0000] "GET /ico/so/android.png HTTP/1.1" 200 1177 "http://atletica.me/" "Mozilla/5.0 (iPhone; CPU iPhone OS 8_2 like Mac OS X) AppleWebKit/600.1.4 (KHTML, like Gecko) Version/8.0 Mobile/12D508 Safari/600.1.4"
91.253.46.4 - - [29/Mar/2015:08:07:27 +0000] "GET /img/height_jump.jpg HTTP/1.1" 200 47110 "http://atletica.me/" "Mozilla/5.0 (iPhone; CPU iPhone OS 8_2 like Mac OS X) AppleWebKit/600.1.4 (KHTML, like Gecko) Version/8.0 Mobile/12D508 Safari/600.1.4"
91.253.46.4 - - [29/Mar/2015:08:07:27 +0000] "GET /img/chi_siamo/chi_siamo_mini.jpg HTTP/1.1" 200 53298 "http://atletica.me/" "Mozilla/5.0 (iPhone; CPU iPhone OS 8_2 like Mac OS X) AppleWebKit/600.1.4 (KHTML, like Gecko) Version/8.0 Mobile/12D508 Safari/600.1.4"
79.21.80.5 - - [29/Mar/2015:08:07:28 +0000] "GET /api/1.0/jade.js?_=1427616422107 HTTP/1.1" 200 5008 "http://www.atletipercaso.net/16969/news-bufera-sullaccordo-nike-gatlin-gli-atleti-sponsorizzare-un-ex-dopato-uccide-latletica" "Mozilla/5.0 (iPhone; CPU iPhone OS 8_2 like Mac OS X) AppleWebKit/600.1.4 (KHTML, like Gecko) Mobile/12D508 [FBAN/FBIOS;FBAV/26.0.0.11.13;FBBV/7806348;FBDV/iPhone5,4;FBMD/iPhone;FBSN/iPhone OS;FBSV/8.2;FBSS/2; FBCR/TIM;FBID/phone;FBLC/it_IT;FBOP/5]"
79.21.80.5 - - [29/Mar/2015:08:07:31 +0000] "GET /api/1.0/jade.js?_=1427616422116 HTTP/1.1" 200 5008 "http://www.atletipercaso.net/16969/news-bufera-sullaccordo-nike-gatlin-gli-atleti-sponsorizzare-un-ex-dopato-uccide-latletica" "Mozilla/5.0 (iPhone; CPU iPhone OS 8_2 like Mac OS X) AppleWebKit/600.1.4 (KHTML, like Gecko) Mobile/12D508 [FBAN/FBIOS;FBAV/26.0.0.11.13;FBBV/7806348;FBDV/iPhone5,4;FBMD/iPhone;FBSN/iPhone OS;FBSV/8.2;FBSS/2; FBCR/TIM;FBID/phone;FBLC/it_IT;FBOP/5]"
87.5.108.8 - - [29/Mar/2015:08:07:31 +0000] "GET /confronto/index.php?atletaUno=92377&atletaDue=41303 HTTP/1.1" 200 5514 "http://atletica.me/atleta/92377" "Mozilla/5.0 (Linux; Android 5.0.2; XT1032 Build/LXB22.46-28.1) AppleWebKit/537.36 (KHTML, like Gecko) Version/4.0 Chrome/37.0.0.0 Mobile Safari/537.36"
79.21.80.5 - - [29/Mar/2015:08:07:32 +0000] "GET /api/1.0/jade.js?_=1427616422125 HTTP/1.1" 200 5008 "http://www.atletipercaso.net/16969/news-bufera-sullaccordo-nike-gatlin-gli-atleti-sponsorizzare-un-ex-dopato-uccide-latletica" "Mozilla/5.0 (iPhone; CPU iPhone OS 8_2 like Mac OS X) AppleWebKit/600.1.4 (KHTML, like Gecko) Mobile/12D508 [FBAN/FBIOS;FBAV/26.0.0.11.13;FBBV/7806348;FBDV/iPhone5,4;FBMD/iPhone;FBSN/iPhone OS;FBSV/8.2;FBSS/2; FBCR/TIM;FBID/phone;FBLC/it_IT;FBOP/5]"
91.253.46.4 - - [29/Mar/2015:08:07:33 +0000] "POST /includephp/auto-login.php HTTP/1.1" 200 438 "http://atletica.me/" "Mozilla/5.0 (iPhone; CPU iPhone OS 8_2 like Mac OS X) AppleWebKit/600.1.4 (KHTML, like Gecko) Version/8.0 Mobile/12D508 Safari/600.1.4"
87.5.108.8 - - [29/Mar/2015:08:07:35 +0000] "GET /confronto/atleta/style_cell.css HTTP/1.1" 302 529 "http://atletica.me/confronto/index.php?atletaUno=92377&atletaDue=41303" "Mozilla/5.0 (Linux; Android 5.0.2; XT1032 Build/LXB22.46-28.1) AppleWebKit/537.36 (KHTML, like Gecko) Version/4.0 Chrome/37.0.0.0 Mobile Safari/537.36"
87.5.108.8 - - [29/Mar/2015:08:07:36 +0000] "POST /confronto/engine/confronta.php HTTP/1.1" 200 4378 "http://atletica.me/confronto/index.php?atletaUno=92377&atletaDue=41303" "Mozilla/5.0 (Linux; Android 5.0.2; XT1032 Build/LXB22.46-28.1) AppleWebKit/537.36 (KHTML, like Gecko) Version/4.0 Chrome/37.0.0.0 Mobile Safari/537.36"
87.5.108.8 - - [29/Mar/2015:08:07:36 +0000] "POST /confronto/engine/get_pb_atleti.php HTTP/1.1" 200 1222 "http://atletica.me/confronto/index.php?atletaUno=92377&atletaDue=41303" "Mozilla/5.0 (Linux; Android 5.0.2; XT1032 Build/LXB22.46-28.1) AppleWebKit/537.36 (KHTML, like Gecko) Version/4.0 Chrome/37.0.0.0 Mobile Safari/537.36"
66.249.78.127 - - [29/Mar/2015:08:07:37 +0000] "POST /confronto/engine/confronta.php HTTP/1.1" 200 2089 "http://atletica.me/confronto/index.php?atletaUno=29073&atletaDue=29085" "Mozilla/5.0 (compatible; Googlebot/2.1; +http://www.google.com/bot.html)"
66.249.78.127 - - [29/Mar/2015:08:07:38 +0000] "POST /confronto/engine/get_pb_atleti.php HTTP/1.1" 200 774 "http://atletica.me/confronto/index.php?atletaUno=29073&atletaDue=29085" "Mozilla/5.0 (compatible; Googlebot/2.1; +http://www.google.com/bot.html)"
91.253.46.4 - - [29/Mar/2015:08:07:47 +0000] "GET /atleta/ HTTP/1.1" 200 5375 "http://atletica.me/" "Mozilla/5.0 (iPhone; CPU iPhone OS 8_2 like Mac OS X) AppleWebKit/600.1.4 (KHTML, like Gecko) Version/8.0 Mobile/12D508 Safari/600.1.4"
91.253.46.4 - - [29/Mar/2015:08:07:48 +0000] "GET /css/fondamenta.css HTTP/1.1" 200 4735 "http://atletica.me/atleta/" "Mozilla/5.0 (iPhone; CPU iPhone OS 8_2 like Mac OS X) AppleWebKit/600.1.4 (KHTML, like Gecko) Version/8.0 Mobile/12D508 Safari/600.1.4"
91.253.46.4 - - [29/Mar/2015:08:07:48 +0000] "GET /atleta/style_cell.css HTTP/1.1" 200 565 "http://atletica.me/atleta/" "Mozilla/5.0 (iPhone; CPU iPhone OS 8_2 like Mac OS X) AppleWebKit/600.1.4 (KHTML, like Gecko) Version/8.0 Mobile/12D508 Safari/600.1.4"
91.253.46.4 - - [29/Mar/2015:08:07:48 +0000] "GET /myjs/fondamenta.js HTTP/1.1" 200 4345 "http://atletica.me/atleta/" "Mozilla/5.0 (iPhone; CPU iPhone OS 8_2 like Mac OS X) AppleWebKit/600.1.4 (KHTML, like Gecko) Version/8.0 Mobile/12D508 Safari/600.1.4"
91.253.46.4 - - [29/Mar/2015:08:07:48 +0000] "GET /atleta/style.css HTTP/1.1" 200 4778 "http://atletica.me/atleta/" "Mozilla/5.0 (iPhone; CPU iPhone OS 8_2 like Mac OS X) AppleWebKit/600.1.4 (KHTML, like Gecko) Version/8.0 Mobile/12D508 Safari/600.1.4"
91.253.46.4 - - [29/Mar/2015:08:07:48 +0000] "GET /myjs/ricerca.js HTTP/1.1" 200 644 "http://atletica.me/atleta/" "Mozilla/5.0 (iPhone; CPU iPhone OS 8_2 like Mac OS X) AppleWebKit/600.1.4 (KHTML, like Gecko) Version/8.0 Mobile/12D508 Safari/600.1.4"
91.253.46.4 - - [29/Mar/2015:08:07:48 +0000] "GET /record/css/content.css HTTP/1.1" 200 2462 "http://atletica.me/atleta/" "Mozilla/5.0 (iPhone; CPU iPhone OS 8_2 like Mac OS X) AppleWebKit/600.1.4 (KHTML, like Gecko) Version/8.0 Mobile/12D508 Safari/600.1.4"
91.253.46.4 - - [29/Mar/2015:08:07:48 +0000] "GET /record/css/component.css HTTP/1.1" 200 1674 "http://atletica.me/atleta/" "Mozilla/5.0 (iPhone; CPU iPhone OS 8_2 like Mac OS X) AppleWebKit/600.1.4 (KHTML, like Gecko) Version/8.0 Mobile/12D508 Safari/600.1.4"
91.253.46.4 - - [29/Mar/2015:08:07:48 +0000] "GET /record/js/modernizr.custom.js HTTP/1.1" 200 4101 "http://atletica.me/atleta/" "Mozilla/5.0 (iPhone; CPU iPhone OS 8_2 like Mac OS X) AppleWebKit/600.1.4 (KHTML, like Gecko) Version/8.0 Mobile/12D508 Safari/600.1.4"
91.253.46.4 - - [29/Mar/2015:08:07:48 +0000] "GET /atleta/myfun.js HTTP/1.1" 200 6785 "http://atletica.me/atleta/" "Mozilla/5.0 (iPhone; CPU iPhone OS 8_2 like Mac OS X) AppleWebKit/600.1.4 (KHTML, like Gecko) Version/8.0 Mobile/12D508 Safari/600.1.4"
91.253.46.4 - - [29/Mar/2015:08:07:48 +0000] "GET /atleta/graph.js HTTP/1.1" 200 3160 "http://atletica.me/atleta/" "Mozilla/5.0 (iPhone; CPU iPhone OS 8_2 like Mac OS X) AppleWebKit/600.1.4 (KHTML, like Gecko) Version/8.0 Mobile/12D508 Safari/600.1.4"
91.253.46.4 - - [29/Mar/2015:08:07:48 +0000] "GET /record/js/classie.js HTTP/1.1" 200 1062 "http://atletica.me/atleta/" "Mozilla/5.0 (iPhone; CPU iPhone OS 8_2 like Mac OS X) AppleWebKit/600.1.4 (KHTML, like Gecko) Version/8.0 Mobile/12D508 Safari/600.1.4"
91.253.46.4 - - [29/Mar/2015:08:07:48 +0000] "GET /record/js/uiMorphingButton_fixed.js HTTP/1.1" 200 1703 "http://atletica.me/atleta/" "Mozilla/5.0 (iPhone; CPU iPhone OS 8_2 like Mac OS X) AppleWebKit/600.1.4 (KHTML, like Gecko) Version/8.0 Mobile/12D508 Safari/600.1.4"
91.253.46.4 - - [29/Mar/2015:08:07:48 +0000] "GET /ico/cancel/cancel-50.png HTTP/1.1" 200 548 "http://atletica.me/atleta/" "Mozilla/5.0 (iPhone; CPU iPhone OS 8_2 like Mac OS X) AppleWebKit/600.1.4 (KHTML, like Gecko) Version/8.0 Mobile/12D508 Safari/600.1.4"
91.253.46.4 - - [29/Mar/2015:08:07:48 +0000] "GET /ico/sent/sent-50.png HTTP/1.1" 200 962 "http://atletica.me/atleta/" "Mozilla/5.0 (iPhone; CPU iPhone OS 8_2 like Mac OS X) AppleWebKit/600.1.4 (KHTML, like Gecko) Version/8.0 Mobile/12D508 Safari/600.1.4"
91.253.46.4 - - [29/Mar/2015:08:07:48 +0000] "GET /ico/bug/bug-32.png HTTP/1.1" 200 962 "http://atletica.me/atleta/" "Mozilla/5.0 (iPhone; CPU iPhone OS 8_2 like Mac OS X) AppleWebKit/600.1.4 (KHTML, like Gecko) Version/8.0 Mobile/12D508 Safari/600.1.4"
91.253.46.4 - - [29/Mar/2015:08:07:48 +0000] "GET /barra/home_icon_white.png HTTP/1.1" 200 1554 "http://atletica.me/atleta/" "Mozilla/5.0 (iPhone; CPU iPhone OS 8_2 like Mac OS X) AppleWebKit/600.1.4 (KHTML, like Gecko) Version/8.0 Mobile/12D508 Safari/600.1.4"
91.253.46.4 - - [29/Mar/2015:08:07:48 +0000] "GET /barra/more_icon_black.png HTTP/1.1" 200 939 "http://atletica.me/atleta/" "Mozilla/5.0 (iPhone; CPU iPhone OS 8_2 like Mac OS X) AppleWebKit/600.1.4 (KHTML, like Gecko) Version/8.0 Mobile/12D508 Safari/600.1.4"
91.253.46.4 - - [29/Mar/2015:08:07:49 +0000] "GET /includephp/down4-32.png HTTP/1.1" 200 473 "http://atletica.me/atleta/" "Mozilla/5.0 (iPhone; CPU iPhone OS 8_2 like Mac OS X) AppleWebKit/600.1.4 (KHTML, like Gecko) Version/8.0 Mobile/12D508 Safari/600.1.4"
91.253.46.4 - - [29/Mar/2015:08:07:49 +0000] "GET /ico/search/search-100.png HTTP/1.1" 200 1343 "http://atletica.me/atleta/" "Mozilla/5.0 (iPhone; CPU iPhone OS 8_2 like Mac OS X) AppleWebKit/600.1.4 (KHTML, like Gecko) Version/8.0 Mobile/12D508 Safari/600.1.4"
91.253.46.4 - - [29/Mar/2015:08:07:49 +0000] "GET /ico/quote-32.png HTTP/1.1" 200 920 "http://atletica.me/atleta/" "Mozilla/5.0 (iPhone; CPU iPhone OS 8_2 like Mac OS X) AppleWebKit/600.1.4 (KHTML, like Gecko) Version/8.0 Mobile/12D508 Safari/600.1.4"
79.165.172.223 - - [29/Mar/2015:08:07:57 +0000] "GET / HTTP/1.0" 200 10428 "http://yandex.ru/clck/jsredir?from=yandex.ru%3Byandsearch%3Bweb%3B%3B&text=&etext=642.UH08HUokZD8UASCNTdLqBvqzu5DgSfI8_LufFMn7y9cnWv2BXXxfpJVHEGqskzJM.4138f6faa732d57f4098bce4da847b2b78713186&uuid=&state=AiuY0DBWFJ4ePaEse6rgeAjgs2pI3DW9J0KiE5XNXd0dp0ZMwFHoviUoYa6nzP7MSi3gOS8hVmJiuN5udv6ToEE0LJTQPB9PGTtD6O3ODMlCyl6BlFS-Fk_8OGzN05hCBkZUq9jYmbv1CmwP7As8S_qkbQJB47Q_m4PAsIhp73n9ErJ65oTONqJBUWOA4fr3aN9mQiAkFEbAZf2K07xTeg&data=UlNrNmk5WktYejR0eWJFYk1Ldmtxc1VQQWIwZnlPVXRnTFhQOUZTbXpvX0wtTzBycFFyUjhkNjBWLXExT3pBQmJLN0xiand6bi1lLUpIdzE2bkFaQXlQaUhCM1hOT3M3&b64e=2&sign=f5edb3cfe2a0d63b10de7a540f7ed26c&keyno=0&l10n=ru&cts=1427611610638&mc=3.1223633989" "Mozilla/4.0 (compatible; MSIE 8.0; Windows NT 5.1; Trident/4.0; .NET CLR 2.0.50727; .NET CLR 3.0.4506.2152; .NET CLR 3.5.30729)"
79.165.172.223 - - [29/Mar/2015:08:07:58 +0000] "GET /style_home.css HTTP/1.0" 200 14089 "http://atletica.me/" "Mozilla/4.0 (compatible; MSIE 8.0; Windows NT 5.1; Trident/4.0; .NET CLR 2.0.50727; .NET CLR 3.0.4506.2152; .NET CLR 3.5.30729)"
79.165.172.223 - - [29/Mar/2015:08:07:58 +0000] "GET /style_mob.css HTTP/1.0" 200 1287 "http://atletica.me/" "Mozilla/4.0 (compatible; MSIE 8.0; Windows NT 5.1; Trident/4.0; .NET CLR 2.0.50727; .NET CLR 3.0.4506.2152; .NET CLR 3.5.30729)"
79.165.172.223 - - [29/Mar/2015:08:07:58 +0000] "GET /ie7.css HTTP/1.0" 200 429 "http://atletica.me/" "Mozilla/4.0 (compatible; MSIE 8.0; Windows NT 5.1; Trident/4.0; .NET CLR 2.0.50727; .NET CLR 3.0.4506.2152; .NET CLR 3.5.30729)"
66.249.78.113 - - [29/Mar/2015:08:08:04 +0000] "GET /confronto/index.php?atletaUno=103039&atletaDue=68595 HTTP/1.1" 200 5561 "-" "Mozilla/5.0 (compatible; Googlebot/2.1; +http://www.google.com/bot.html)"
91.253.46.4 - - [29/Mar/2015:08:08:10 +0000] "POST /atleta/sexy_list_selected.php HTTP/1.1" 200 1675 "http://atletica.me/atleta/" "Mozilla/5.0 (iPhone; CPU iPhone OS 8_2 like Mac OS X) AppleWebKit/600.1.4 (KHTML, like Gecko) Version/8.0 Mobile/12D508 Safari/600.1.4"
91.253.46.4 - - [29/Mar/2015:08:08:10 +0000] "POST /atleta/sexy_list_selected.php HTTP/1.1" 200 1675 "http://atletica.me/atleta/" "Mozilla/5.0 (iPhone; CPU iPhone OS 8_2 like Mac OS X) AppleWebKit/600.1.4 (KHTML, like Gecko) Version/8.0 Mobile/12D508 Safari/600.1.4"
91.253.46.4 - - [29/Mar/2015:08:08:09 +0000] "POST /atleta/sexy_list_selected.php HTTP/1.1" 200 1703 "http://atletica.me/atleta/" "Mozilla/5.0 (iPhone; CPU iPhone OS 8_2 like Mac OS X) AppleWebKit/600.1.4 (KHTML, like Gecko) Version/8.0 Mobile/12D508 Safari/600.1.4"
91.253.46.4 - - [29/Mar/2015:08:08:11 +0000] "POST /atleta/sexy_list_selected.php HTTP/1.1" 200 501 "http://atletica.me/atleta/" "Mozilla/5.0 (iPhone; CPU iPhone OS 8_2 like Mac OS X) AppleWebKit/600.1.4 (KHTML, like Gecko) Version/8.0 Mobile/12D508 Safari/600.1.4"
91.253.46.4 - - [29/Mar/2015:08:08:11 +0000] "POST /atleta/sexy_list_selected.php HTTP/1.1" 200 500 "http://atletica.me/atleta/" "Mozilla/5.0 (iPhone; CPU iPhone OS 8_2 like Mac OS X) AppleWebKit/600.1.4 (KHTML, like Gecko) Version/8.0 Mobile/12D508 Safari/600.1.4"
66.249.67.103 - - [29/Mar/2015:08:08:12 +0000] "GET /confronto/index.php?atletaUno=93447&atletaDue=17492 HTTP/1.1" 200 5563 "-" "Mozilla/5.0 (compatible; Googlebot/2.1; +http://www.google.com/bot.html)"
91.253.46.4 - - [29/Mar/2015:08:08:11 +0000] "POST /atleta/sexy_list_selected.php HTTP/1.1" 200 500 "http://atletica.me/atleta/" "Mozilla/5.0 (iPhone; CPU iPhone OS 8_2 like Mac OS X) AppleWebKit/600.1.4 (KHTML, like Gecko) Version/8.0 Mobile/12D508 Safari/600.1.4"
91.253.46.4 - - [29/Mar/2015:08:08:12 +0000] "POST /atleta/sexy_list_selected.php HTTP/1.1" 200 500 "http://atletica.me/atleta/" "Mozilla/5.0 (iPhone; CPU iPhone OS 8_2 like Mac OS X) AppleWebKit/600.1.4 (KHTML, like Gecko) Version/8.0 Mobile/12D508 Safari/600.1.4"
79.165.172.223 - - [29/Mar/2015:08:08:16 +0000] "GET /myjs/login.js HTTP/1.0" 200 2970 "http://atletica.me/" "Mozilla/4.0 (compatible; MSIE 8.0; Windows NT 5.1; Trident/4.0; .NET CLR 2.0.50727; .NET CLR 3.0.4506.2152; .NET CLR 3.5.30729)"
91.253.46.4 - - [29/Mar/2015:08:08:19 +0000] "GET /atleta/221555 HTTP/1.1" 200 5146 "http://atletica.me/atleta/" "Mozilla/5.0 (iPhone; CPU iPhone OS 8_2 like Mac OS X) AppleWebKit/600.1.4 (KHTML, like Gecko) Version/8.0 Mobile/12D508 Safari/600.1.4"
151.19.172.92 - - [29/Mar/2015:08:08:59 +0000] "GET /manifestazioni/ HTTP/1.1" 200 4486 "https://www.google.it/" "Mozilla/5.0 (Linux; Android 5.0.1; HTC One_M8 Build/LRX22C) AppleWebKit/537.36 (KHTML, like Gecko) Chrome/41.0.2272.96 Mobile Safari/537.36"
151.19.172.92 - - [29/Mar/2015:08:09:00 +0000] "GET /atleta/ HTTP/1.1" 200 5441 "https://www.google.it/" "Mozilla/5.0 (Linux; Android 5.0.1; HTC One_M8 Build/LRX22C) AppleWebKit/537.36 (KHTML, like Gecko) Chrome/41.0.2272.96 Mobile Safari/537.36"
151.19.172.92 - - [29/Mar/2015:08:09:04 +0000] "GET /atleta/ HTTP/1.1" 200 5444 "https://www.google.it/" "Mozilla/5.0 (Linux; Android 5.0.1; HTC One_M8 Build/LRX22C) AppleWebKit/537.36 (KHTML, like Gecko) Chrome/41.0.2272.96 Mobile Safari/537.36"
151.19.172.92 - - [29/Mar/2015:08:09:07 +0000] "GET /css/fondamenta.css HTTP/1.1" 200 4735 "http://atletica.me/atleta/" "Mozilla/5.0 (Linux; Android 5.0.1; HTC One_M8 Build/LRX22C) AppleWebKit/537.36 (KHTML, like Gecko) Chrome/41.0.2272.96 Mobile Safari/537.36"
151.19.172.92 - - [29/Mar/2015:08:09:07 +0000] "GET /atleta/style.css HTTP/1.1" 200 4778 "http://atletica.me/atleta/" "Mozilla/5.0 (Linux; Android 5.0.1; HTC One_M8 Build/LRX22C) AppleWebKit/537.36 (KHTML, like Gecko) Chrome/41.0.2272.96 Mobile Safari/537.36"
91.253.46.4 - - [29/Mar/2015:08:09:06 +0000] "POST /atleta/sexy_list_selected.php HTTP/1.1" 200 1216 "http://atletica.me/atleta/221555" "Mozilla/5.0 (iPhone; CPU iPhone OS 8_2 like Mac OS X) AppleWebKit/600.1.4 (KHTML, like Gecko) Version/8.0 Mobile/12D508 Safari/600.1.4"
91.253.46.4 - - [29/Mar/2015:08:09:06 +0000] "POST /atleta/sexy_list_selected.php HTTP/1.1" 200 1793 "http://atletica.me/atleta/221555" "Mozilla/5.0 (iPhone; CPU iPhone OS 8_2 like Mac OS X) AppleWebKit/600.1.4 (KHTML, like Gecko) Version/8.0 Mobile/12D508 Safari/600.1.4"
151.19.172.92 - - [29/Mar/2015:08:09:09 +0000] "GET /record/css/component.css HTTP/1.1" 200 1674 "http://atletica.me/atleta/" "Mozilla/5.0 (Linux; Android 5.0.1; HTC One_M8 Build/LRX22C) AppleWebKit/537.36 (KHTML, like Gecko) Chrome/41.0.2272.96 Mobile Safari/537.36"
151.19.172.92 - - [29/Mar/2015:08:09:09 +0000] "GET /record/css/content.css HTTP/1.1" 200 2462 "http://atletica.me/atleta/" "Mozilla/5.0 (Linux; Android 5.0.1; HTC One_M8 Build/LRX22C) AppleWebKit/537.36 (KHTML, like Gecko) Chrome/41.0.2272.96 Mobile Safari/537.36"
151.19.172.92 - - [29/Mar/2015:08:09:09 +0000] "GET /atleta/style_cell.css HTTP/1.1" 200 565 "http://atletica.me/atleta/" "Mozilla/5.0 (Linux; Android 5.0.1; HTC One_M8 Build/LRX22C) AppleWebKit/537.36 (KHTML, like Gecko) Chrome/41.0.2272.96 Mobile Safari/537.36"
151.19.172.92 - - [29/Mar/2015:08:09:09 +0000] "GET /myjs/fondamenta.js HTTP/1.1" 200 4345 "http://atletica.me/atleta/" "Mozilla/5.0 (Linux; Android 5.0.1; HTC One_M8 Build/LRX22C) AppleWebKit/537.36 (KHTML, like Gecko) Chrome/41.0.2272.96 Mobile Safari/537.36"
151.19.172.92 - - [29/Mar/2015:08:09:09 +0000] "GET /record/js/modernizr.custom.js HTTP/1.1" 200 4101 "http://atletica.me/atleta/" "Mozilla/5.0 (Linux; Android 5.0.1; HTC One_M8 Build/LRX22C) AppleWebKit/537.36 (KHTML, like Gecko) Chrome/41.0.2272.96 Mobile Safari/537.36"
151.19.172.92 - - [29/Mar/2015:08:09:09 +0000] "GET /atleta/myfun.js HTTP/1.1" 200 6785 "http://atletica.me/atleta/" "Mozilla/5.0 (Linux; Android 5.0.1; HTC One_M8 Build/LRX22C) AppleWebKit/537.36 (KHTML, like Gecko) Chrome/41.0.2272.96 Mobile Safari/537.36"
91.253.46.4 - - [29/Mar/2015:08:09:10 +0000] "POST /atleta/sexy_list_selected.php HTTP/1.1" 200 1092 "http://atletica.me/atleta/221555" "Mozilla/5.0 (iPhone; CPU iPhone OS 8_2 like Mac OS X) AppleWebKit/600.1.4 (KHTML, like Gecko) Version/8.0 Mobile/12D508 Safari/600.1.4"
151.19.172.92 - - [29/Mar/2015:08:09:11 +0000] "GET /atleta/graph.js HTTP/1.1" 200 3160 "http://atletica.me/atleta/" "Mozilla/5.0 (Linux; Android 5.0.1; HTC One_M8 Build/LRX22C) AppleWebKit/537.36 (KHTML, like Gecko) Chrome/41.0.2272.96 Mobile Safari/537.36"
91.253.46.4 - - [29/Mar/2015:08:09:11 +0000] "POST /atleta/sexy_list_selected.php HTTP/1.1" 200 1092 "http://atletica.me/atleta/221555" "Mozilla/5.0 (iPhone; CPU iPhone OS 8_2 like Mac OS X) AppleWebKit/600.1.4 (KHTML, like Gecko) Version/8.0 Mobile/12D508 Safari/600.1.4"
151.19.172.92 - - [29/Mar/2015:08:09:11 +0000] "GET /myjs/ricerca.js HTTP/1.1" 200 644 "http://atletica.me/atleta/" "Mozilla/5.0 (Linux; Android 5.0.1; HTC One_M8 Build/LRX22C) AppleWebKit/537.36 (KHTML, like Gecko) Chrome/41.0.2272.96 Mobile Safari/537.36"
151.19.172.92 - - [29/Mar/2015:08:09:11 +0000] "GET /record/js/uiMorphingButton_fixed.js HTTP/1.1" 200 1703 "http://atletica.me/atleta/" "Mozilla/5.0 (Linux; Android 5.0.1; HTC One_M8 Build/LRX22C) AppleWebKit/537.36 (KHTML, like Gecko) Chrome/41.0.2272.96 Mobile Safari/537.36"
151.19.172.92 - - [29/Mar/2015:08:09:11 +0000] "GET /myjs/login.js HTTP/1.1" 200 1504 "http://atletica.me/atleta/" "Mozilla/5.0 (Linux; Android 5.0.1; HTC One_M8 Build/LRX22C) AppleWebKit/537.36 (KHTML, like Gecko) Chrome/41.0.2272.96 Mobile Safari/537.36"
151.19.172.92 - - [29/Mar/2015:08:09:11 +0000] "GET /ico/cancel/cancel-50.png HTTP/1.1" 200 548 "http://atletica.me/atleta/" "Mozilla/5.0 (Linux; Android 5.0.1; HTC One_M8 Build/LRX22C) AppleWebKit/537.36 (KHTML, like Gecko) Chrome/41.0.2272.96 Mobile Safari/537.36"
151.19.172.92 - - [29/Mar/2015:08:09:11 +0000] "GET /record/js/classie.js HTTP/1.1" 200 1062 "http://atletica.me/atleta/" "Mozilla/5.0 (Linux; Android 5.0.1; HTC One_M8 Build/LRX22C) AppleWebKit/537.36 (KHTML, like Gecko) Chrome/41.0.2272.96 Mobile Safari/537.36"
91.253.46.4 - - [29/Mar/2015:08:09:11 +0000] "POST /atleta/sexy_list_selected.php HTTP/1.1" 200 1040 "http://atletica.me/atleta/221555" "Mozilla/5.0 (iPhone; CPU iPhone OS 8_2 like Mac OS X) AppleWebKit/600.1.4 (KHTML, like Gecko) Version/8.0 Mobile/12D508 Safari/600.1.4"
91.253.46.4 - - [29/Mar/2015:08:09:12 +0000] "POST /atleta/sexy_list_selected.php HTTP/1.1" 200 949 "http://atletica.me/atleta/221555" "Mozilla/5.0 (iPhone; CPU iPhone OS 8_2 like Mac OS X) AppleWebKit/600.1.4 (KHTML, like Gecko) Version/8.0 Mobile/12D508 Safari/600.1.4"
151.19.172.92 - - [29/Mar/2015:08:09:13 +0000] "GET /ico/sent/sent-50.png HTTP/1.1" 200 962 "http://atletica.me/atleta/" "Mozilla/5.0 (Linux; Android 5.0.1; HTC One_M8 Build/LRX22C) AppleWebKit/537.36 (KHTML, like Gecko) Chrome/41.0.2272.96 Mobile Safari/537.36"
91.253.46.4 - - [29/Mar/2015:08:09:13 +0000] "POST /atleta/sexy_list_selected.php HTTP/1.1" 200 624 "http://atletica.me/atleta/221555" "Mozilla/5.0 (iPhone; CPU iPhone OS 8_2 like Mac OS X) AppleWebKit/600.1.4 (KHTML, like Gecko) Version/8.0 Mobile/12D508 Safari/600.1.4"
91.253.46.4 - - [29/Mar/2015:08:09:14 +0000] "POST /atleta/sexy_list_selected.php HTTP/1.1" 200 456 "http://atletica.me/atleta/221555" "Mozilla/5.0 (iPhone; CPU iPhone OS 8_2 like Mac OS X) AppleWebKit/600.1.4 (KHTML, like Gecko) Version/8.0 Mobile/12D508 Safari/600.1.4"
91.253.46.4 - - [29/Mar/2015:08:09:14 +0000] "POST /atleta/sexy_list_selected.php HTTP/1.1" 200 456 "http://atletica.me/atleta/221555" "Mozilla/5.0 (iPhone; CPU iPhone OS 8_2 like Mac OS X) AppleWebKit/600.1.4 (KHTML, like Gecko) Version/8.0 Mobile/12D508 Safari/600.1.4"
151.19.172.92 - - [29/Mar/2015:08:09:15 +0000] "GET /includephp/down4-32.png HTTP/1.1" 200 473 "http://atletica.me/atleta/" "Mozilla/5.0 (Linux; Android 5.0.1; HTC One_M8 Build/LRX22C) AppleWebKit/537.36 (KHTML, like Gecko) Chrome/41.0.2272.96 Mobile Safari/537.36"
66.249.78.127 - - [29/Mar/2015:08:09:15 +0000] "POST /confronto/engine/confronta.php HTTP/1.1" 200 846 "http://atletica.me/confronto/index.php?atletaUno=168598&atletaDue=172097" "Mozilla/5.0 (compatible; Googlebot/2.1; +http://www.google.com/bot.html)"
151.19.172.92 - - [29/Mar/2015:08:09:16 +0000] "GET /ico/bug/bug-32.png HTTP/1.1" 200 962 "http://atletica.me/atleta/" "Mozilla/5.0 (Linux; Android 5.0.1; HTC One_M8 Build/LRX22C) AppleWebKit/537.36 (KHTML, like Gecko) Chrome/41.0.2272.96 Mobile Safari/537.36"
66.249.78.127 - - [29/Mar/2015:08:09:16 +0000] "POST /confronto/engine/get_pb_atleti.php HTTP/1.1" 200 535 "http://atletica.me/confronto/index.php?atletaUno=168598&atletaDue=172097" "Mozilla/5.0 (compatible; Googlebot/2.1; +http://www.google.com/bot.html)"
91.253.46.4 - - [29/Mar/2015:08:09:17 +0000] "GET /atleta/47232 HTTP/1.1" 200 6865 "http://atletica.me/atleta/221555" "Mozilla/5.0 (iPhone; CPU iPhone OS 8_2 like Mac OS X) AppleWebKit/600.1.4 (KHTML, like Gecko) Version/8.0 Mobile/12D508 Safari/600.1.4"
151.19.172.92 - - [29/Mar/2015:08:09:18 +0000] "GET /ico/quote-32.png HTTP/1.1" 200 920 "http://atletica.me/atleta/" "Mozilla/5.0 (Linux; Android 5.0.1; HTC One_M8 Build/LRX22C) AppleWebKit/537.36 (KHTML, like Gecko) Chrome/41.0.2272.96 Mobile Safari/537.36"
91.253.46.4 - - [29/Mar/2015:08:09:19 +0000] "GET /record/fonts/icomoon/icomoon.woff?i64fx9 HTTP/1.1" 302 529 "http://atletica.me/atleta/47232" "Mozilla/5.0 (iPhone; CPU iPhone OS 8_2 like Mac OS X) AppleWebKit/600.1.4 (KHTML, like Gecko) Version/8.0 Mobile/12D508 Safari/600.1.4"
91.253.46.4 - - [29/Mar/2015:08:09:19 +0000] "GET /404/ HTTP/1.1" 200 1217 "http://atletica.me/atleta/47232" "Mozilla/5.0 (iPhone; CPU iPhone OS 8_2 like Mac OS X) AppleWebKit/600.1.4 (KHTML, like Gecko) Version/8.0 Mobile/12D508 Safari/600.1.4"
91.253.46.4 - - [29/Mar/2015:08:09:19 +0000] "GET /record/fonts/icomoon/icomoon.ttf?i64fx9 HTTP/1.1" 302 529 "http://atletica.me/atleta/47232" "Mozilla/5.0 (iPhone; CPU iPhone OS 8_2 like Mac OS X) AppleWebKit/600.1.4 (KHTML, like Gecko) Version/8.0 Mobile/12D508 Safari/600.1.4"
91.253.46.4 - - [29/Mar/2015:08:09:19 +0000] "GET /record/fonts/icomoon/icomoon.svg?i64fx9 HTTP/1.1" 302 529 "http://atletica.me/atleta/47232" "Mozilla/5.0 (iPhone; CPU iPhone OS 8_2 like Mac OS X) AppleWebKit/600.1.4 (KHTML, like Gecko) Version/8.0 Mobile/12D508 Safari/600.1.4"
91.253.46.4 - - [29/Mar/2015:08:09:20 +0000] "POST /atleta/aggiorna.php HTTP/1.1" 200 667 "http://atletica.me/atleta/47232" "Mozilla/5.0 (iPhone; CPU iPhone OS 8_2 like Mac OS X) AppleWebKit/600.1.4 (KHTML, like Gecko) Version/8.0 Mobile/12D508 Safari/600.1.4"
151.19.172.92 - - [29/Mar/2015:08:09:21 +0000] "GET /ico/Registration/enter/enter-32.png HTTP/1.1" 200 556 "http://atletica.me/atleta/" "Mozilla/5.0 (Linux; Android 5.0.1; HTC One_M8 Build/LRX22C) AppleWebKit/537.36 (KHTML, like Gecko) Chrome/41.0.2272.96 Mobile Safari/537.36"
87.5.108.8 - - [29/Mar/2015:08:09:22 +0000] "GET /atleta/92377 HTTP/1.1" 200 7262 "http://atletica.me/societa/839" "Mozilla/5.0 (Linux; Android 5.0.2; XT1032 Build/LXB22.46-28.1) AppleWebKit/537.36 (KHTML, like Gecko) Version/4.0 Chrome/37.0.0.0 Mobile Safari/537.36"
66.249.67.95 - - [29/Mar/2015:08:09:21 +0000] "GET /confronto/index.php?atletaUno=82583&atletaDue=32941 HTTP/1.1" 200 5592 "-" "Mozilla/5.0 (compatible; Googlebot/2.1; +http://www.google.com/bot.html)"
66.249.78.127 - - [29/Mar/2015:08:09:22 +0000] "POST /confronto/engine/confronta.php HTTP/1.1" 200 3247 "http://atletica.me/confronto/index.php?atletaUno=157147&atletaDue=96021" "Mozilla/5.0 (compatible; Googlebot/2.1; +http://www.google.com/bot.html)"
66.249.78.120 - - [29/Mar/2015:08:09:23 +0000] "POST /confronto/engine/get_pb_atleti.php HTTP/1.1" 200 972 "http://atletica.me/confronto/index.php?atletaUno=157147&atletaDue=96021" "Mozilla/5.0 (compatible; Googlebot/2.1; +http://www.google.com/bot.html)"
87.5.108.8 - - [29/Mar/2015:08:09:23 +0000] "GET /record/fonts/icomoon/icomoon.woff?i64fx9 HTTP/1.1" 302 529 "http://atletica.me/record/css/content.css" "Mozilla/5.0 (Linux; Android 5.0.2; XT1032 Build/LXB22.46-28.1) AppleWebKit/537.36 (KHTML, like Gecko) Version/4.0 Chrome/37.0.0.0 Mobile Safari/537.36"
151.19.172.92 - - [29/Mar/2015:08:09:24 +0000] "GET /barra/home_icon_white.png HTTP/1.1" 200 1554 "http://atletica.me/atleta/" "Mozilla/5.0 (Linux; Android 5.0.1; HTC One_M8 Build/LRX22C) AppleWebKit/537.36 (KHTML, like Gecko) Chrome/41.0.2272.96 Mobile Safari/537.36"
87.5.108.8 - - [29/Mar/2015:08:09:25 +0000] "GET /record/fonts/icomoon/icomoon.ttf?i64fx9 HTTP/1.1" 302 529 "http://atletica.me/record/css/content.css" "Mozilla/5.0 (Linux; Android 5.0.2; XT1032 Build/LXB22.46-28.1) AppleWebKit/537.36 (KHTML, like Gecko) Version/4.0 Chrome/37.0.0.0 Mobile Safari/537.36"
79.31.209.237 - - [29/Mar/2015:08:09:25 +0000] "GET /profilo/ HTTP/1.1" 302 520 "-" "Mozilla/5.0 (Linux; Android 4.4.2; GT-I9301I Build/KOT49H) AppleWebKit/537.36 (KHTML, like Gecko) Chrome/41.0.2272.96 Mobile Safari/537.36"
79.31.209.237 - - [29/Mar/2015:08:09:25 +0000] "GET / HTTP/1.1" 200 4254 "-" "Mozilla/5.0 (Linux; Android 4.4.2; GT-I9301I Build/KOT49H) AppleWebKit/537.36 (KHTML, like Gecko) Chrome/41.0.2272.96 Mobile Safari/537.36"
79.31.209.237 - - [29/Mar/2015:08:09:25 +0000] "GET /style_home.css HTTP/1.1" 200 3591 "http://atletica.me/" "Mozilla/5.0 (Linux; Android 4.4.2; GT-I9301I Build/KOT49H) AppleWebKit/537.36 (KHTML, like Gecko) Chrome/41.0.2272.96 Mobile Safari/537.36"
87.5.108.8 - - [29/Mar/2015:08:09:25 +0000] "GET /record/fonts/icomoon/icomoon.svg?i64fx9 HTTP/1.1" 302 529 "http://atletica.me/record/css/content.css" "Mozilla/5.0 (Linux; Android 5.0.2; XT1032 Build/LXB22.46-28.1) AppleWebKit/537.36 (KHTML, like Gecko) Version/4.0 Chrome/37.0.0.0 Mobile Safari/537.36"
79.31.209.237 - - [29/Mar/2015:08:09:25 +0000] "GET /style_mob.css HTTP/1.1" 200 805 "http://atletica.me/" "Mozilla/5.0 (Linux; Android 4.4.2; GT-I9301I Build/KOT49H) AppleWebKit/537.36 (KHTML, like Gecko) Chrome/41.0.2272.96 Mobile Safari/537.36"
79.31.209.237 - - [29/Mar/2015:08:09:25 +0000] "GET /myjs/login.js HTTP/1.1" 200 1505 "http://atletica.me/" "Mozilla/5.0 (Linux; Android 4.4.2; GT-I9301I Build/KOT49H) AppleWebKit/537.36 (KHTML, like Gecko) Chrome/41.0.2272.96 Mobile Safari/537.36"
79.31.209.237 - - [29/Mar/2015:08:09:25 +0000] "GET /ico/face_inv.png HTTP/1.1" 200 1001 "http://atletica.me/" "Mozilla/5.0 (Linux; Android 4.4.2; GT-I9301I Build/KOT49H) AppleWebKit/537.36 (KHTML, like Gecko) Chrome/41.0.2272.96 Mobile Safari/537.36"
79.31.209.237 - - [29/Mar/2015:08:09:25 +0000] "GET /ico/scorri.png HTTP/1.1" 200 693 "http://atletica.me/" "Mozilla/5.0 (Linux; Android 4.4.2; GT-I9301I Build/KOT49H) AppleWebKit/537.36 (KHTML, like Gecko) Chrome/41.0.2272.96 Mobile Safari/537.36"
87.5.108.8 - - [29/Mar/2015:08:09:25 +0000] "POST /atleta/aggiorna.php HTTP/1.1" 200 6438 "http://atletica.me/atleta/92377" "Mozilla/5.0 (Linux; Android 5.0.2; XT1032 Build/LXB22.46-28.1) AppleWebKit/537.36 (KHTML, like Gecko) Version/4.0 Chrome/37.0.0.0 Mobile Safari/537.36"
79.31.209.237 - - [29/Mar/2015:08:09:25 +0000] "GET /ico/social/facebook.png HTTP/1.1" 200 1168 "http://atletica.me/" "Mozilla/5.0 (Linux; Android 4.4.2; GT-I9301I Build/KOT49H) AppleWebKit/537.36 (KHTML, like Gecko) Chrome/41.0.2272.96 Mobile Safari/537.36"
79.31.209.237 - - [29/Mar/2015:08:09:25 +0000] "GET /img/iphone_mini.png HTTP/1.1" 200 55712 "http://atletica.me/" "Mozilla/5.0 (Linux; Android 4.4.2; GT-I9301I Build/KOT49H) AppleWebKit/537.36 (KHTML, like Gecko) Chrome/41.0.2272.96 Mobile Safari/537.36"
79.31.209.237 - - [29/Mar/2015:08:09:26 +0000] "GET /ico/so/android.png HTTP/1.1" 200 1177 "http://atletica.me/" "Mozilla/5.0 (Linux; Android 4.4.2; GT-I9301I Build/KOT49H) AppleWebKit/537.36 (KHTML, like Gecko) Chrome/41.0.2272.96 Mobile Safari/537.36"
79.31.209.237 - - [29/Mar/2015:08:09:26 +0000] "GET /ico/so/ios.png HTTP/1.1" 200 1347 "http://atletica.me/" "Mozilla/5.0 (Linux; Andro