93.49.14.51 - - [29/Mar/2015:07:44:26 +0000] "POST /atleta/sexy_list_selected.php HTTP/1.1" 200 1703 "http://atletica.me/atleta/313180" "Mozilla/5.0 (Linux; U; Android 4.4.2; it-it; LG-D405 Build/KOT49I.A1415179572) AppleWebKit/537.36 (KHTML, like Gecko) Version/4.0 Chrome/30.0.1599.103 Mobile Safari/537.36"
93.49.14.51 - - [29/Mar/2015:07:44:27 +0000] "POST /atleta/sexy_list_selected.php HTTP/1.1" 200 754 "http://atletica.me/atleta/313180" "Mozilla/5.0 (Linux; U; Android 4.4.2; it-it; LG-D405 Build/KOT49I.A1415179572) AppleWebKit/537.36 (KHTML, like Gecko) Version/4.0 Chrome/30.0.1599.103 Mobile Safari/537.36"
93.49.14.51 - - [29/Mar/2015:07:44:28 +0000] "POST /atleta/sexy_list_selected.php HTTP/1.1" 200 753 "http://atletica.me/atleta/313180" "Mozilla/5.0 (Linux; U; Android 4.4.2; it-it; LG-D405 Build/KOT49I.A1415179572) AppleWebKit/537.36 (KHTML, like Gecko) Version/4.0 Chrome/30.0.1599.103 Mobile Safari/537.36"
93.49.14.51 - - [29/Mar/2015:07:44:28 +0000] "POST /atleta/sexy_list_selected.php HTTP/1.1" 200 585 "http://atletica.me/atleta/313180" "Mozilla/5.0 (Linux; U; Android 4.4.2; it-it; LG-D405 Build/KOT49I.A1415179572) AppleWebKit/537.36 (KHTML, like Gecko) Version/4.0 Chrome/30.0.1599.103 Mobile Safari/537.36"
93.49.14.51 - - [29/Mar/2015:07:44:29 +0000] "POST /atleta/sexy_list_selected.php HTTP/1.1" 200 582 "http://atletica.me/atleta/313180" "Mozilla/5.0 (Linux; U; Android 4.4.2; it-it; LG-D405 Build/KOT49I.A1415179572) AppleWebKit/537.36 (KHTML, like Gecko) Version/4.0 Chrome/30.0.1599.103 Mobile Safari/537.36"
217.200.202.227 - - [29/Mar/2015:07:44:31 +0000] "POST /confronto/engine/confronta.php HTTP/1.1" 200 2106 "http://atletica.me/confronto/index.php?atletaUno=120415&atletaDue=94790" "Mozilla/5.0 (Linux; U; Android 4.2.2; it-it; GT-I9060 Build/JDQ39) AppleWebKit/534.30 (KHTML, like Gecko) Version/4.0 Mobile Safari/534.30"
217.200.202.227 - - [29/Mar/2015:07:44:31 +0000] "POST /confronto/engine/get_pb_atleti.php HTTP/1.1" 200 822 "http://atletica.me/confronto/index.php?atletaUno=120415&atletaDue=94790" "Mozilla/5.0 (Linux; U; Android 4.2.2; it-it; GT-I9060 Build/JDQ39) AppleWebKit/534.30 (KHTML, like Gecko) Version/4.0 Mobile Safari/534.30"
93.49.14.51 - - [29/Mar/2015:07:44:22 +0000] "POST /atleta/sexy_list_selected.php HTTP/1.1" 200 1843 "http://atletica.me/atleta/313180" "Mozilla/5.0 (Linux; U; Android 4.4.2; it-it; LG-D405 Build/KOT49I.A1415179572) AppleWebKit/537.36 (KHTML, like Gecko) Version/4.0 Chrome/30.0.1599.103 Mobile Safari/537.36"
93.49.14.51 - - [29/Mar/2015:07:44:23 +0000] "POST /atleta/sexy_list_selected.php HTTP/1.1" 200 1839 "http://atletica.me/atleta/313180" "Mozilla/5.0 (Linux; U; Android 4.4.2; it-it; LG-D405 Build/KOT49I.A1415179572) AppleWebKit/537.36 (KHTML, like Gecko) Version/4.0 Chrome/30.0.1599.103 Mobile Safari/537.36"
93.49.14.51 - - [29/Mar/2015:07:44:23 +0000] "POST /atleta/sexy_list_selected.php HTTP/1.1" 200 1838 "http://atletica.me/atleta/313180" "Mozilla/5.0 (Linux; U; Android 4.4.2; it-it; LG-D405 Build/KOT49I.A1415179572) AppleWebKit/537.36 (KHTML, like Gecko) Version/4.0 Chrome/30.0.1599.103 Mobile Safari/537.36"
93.49.14.51 - - [29/Mar/2015:07:44:24 +0000] "POST /atleta/sexy_list_selected.php HTTP/1.1" 200 1824 "http://atletica.me/atleta/313180" "Mozilla/5.0 (Linux; U; Android 4.4.2; it-it; LG-D405 Build/KOT49I.A1415179572) AppleWebKit/537.36 (KHTML, like Gecko) Version/4.0 Chrome/30.0.1599.103 Mobile Safari/537.36"
151.18.187.34 - - [29/Mar/2015:07:44:37 +0000] "GET /atleta/66755 HTTP/1.1" 200 6815 "http://atletica.me/societa/1912" "Mozilla/5.0 (Linux; Android 4.4.2; it-it; SAMSUNG GT-I9301I Build/KOT49H) AppleWebKit/537.36 (KHTML, like Gecko) Version/1.5 Chrome/28.0.1500.94 Mobile Safari/537.36"
151.18.187.34 - - [29/Mar/2015:07:44:40 +0000] "GET /record/fonts/icomoon/icomoon.woff?i64fx9 HTTP/1.1" 302 530 "http://atletica.me/atleta/66755" "Mozilla/5.0 (Linux; Android 4.4.2; it-it; SAMSUNG GT-I9301I Build/KOT49H) AppleWebKit/537.36 (KHTML, like Gecko) Version/1.5 Chrome/28.0.1500.94 Mobile Safari/537.36"
151.18.187.34 - - [29/Mar/2015:07:44:41 +0000] "GET /record/fonts/icomoon/icomoon.ttf?i64fx9 HTTP/1.1" 302 529 "http://atletica.me/atleta/66755" "Mozilla/5.0 (Linux; Android 4.4.2; it-it; SAMSUNG GT-I9301I Build/KOT49H) AppleWebKit/537.36 (KHTML, like Gecko) Version/1.5 Chrome/28.0.1500.94 Mobile Safari/537.36"
151.18.187.34 - - [29/Mar/2015:07:44:42 +0000] "GET /record/fonts/icomoon/icomoon.svg?i64fx9 HTTP/1.1" 302 529 "http://atletica.me/atleta/66755" "Mozilla/5.0 (Linux; Android 4.4.2; it-it; SAMSUNG GT-I9301I Build/KOT49H) AppleWebKit/537.36 (KHTML, like Gecko) Version/1.5 Chrome/28.0.1500.94 Mobile Safari/537.36"
151.18.187.34 - - [29/Mar/2015:07:44:42 +0000] "POST /atleta/aggiorna.php HTTP/1.1" 200 702 "http://atletica.me/atleta/66755" "Mozilla/5.0 (Linux; Android 4.4.2; it-it; SAMSUNG GT-I9301I Build/KOT49H) AppleWebKit/537.36 (KHTML, like Gecko) Version/1.5 Chrome/28.0.1500.94 Mobile Safari/537.36"
93.49.14.51 - - [29/Mar/2015:07:44:42 +0000] "GET /atleta/3106 HTTP/1.1" 200 6991 "http://atletica.me/atleta/313180" "Mozilla/5.0 (Linux; U; Android 4.4.2; it-it; LG-D405 Build/KOT49I.A1415179572) AppleWebKit/537.36 (KHTML, like Gecko) Version/4.0 Chrome/30.0.1599.103 Mobile Safari/537.36"
93.49.14.51 - - [29/Mar/2015:07:44:44 +0000] "POST /atleta/aggiorna.php HTTP/1.1" 200 1282 "http://atletica.me/atleta/3106" "Mozilla/5.0 (Linux; U; Android 4.4.2; it-it; LG-D405 Build/KOT49I.A1415179572) AppleWebKit/537.36 (KHTML, like Gecko) Version/4.0 Chrome/30.0.1599.103 Mobile Safari/537.36"
79.45.114.140 - - [29/Mar/2015:07:44:48 +0000] "POST /manifestazioni/getManifestazioni.php HTTP/1.1" 200 2474 "http://atletica.me/manifestazioni/" "Mozilla/5.0 (Mobile; Windows Phone 8.1; Android 4.0; ARM; Trident/7.0; Touch; rv:11.0; IEMobile/11.0; NOKIA; Lumia 920) like iPhone OS 7_0_3 Mac OS X AppleWebKit/537 (KHTML, like Gecko) Mobile Safari/537"
66.249.78.120 - - [29/Mar/2015:07:44:58 +0000] "GET /confronto/index.php?atletaUno=39547&atletaDue=57832 HTTP/1.1" 200 5528 "-" "Mozilla/5.0 (compatible; Googlebot/2.1; +http://www.google.com/bot.html)"
79.45.114.140 - - [29/Mar/2015:07:45:12 +0000] "GET /manifestazioni/gara/22676 HTTP/1.1" 200 5099 "-" "Mozilla/5.0 (Mobile; Windows Phone 8.1; Android 4.0; ARM; Trident/7.0; Touch; rv:11.0; IEMobile/11.0; NOKIA; Lumia 920) like iPhone OS 7_0_3 Mac OS X AppleWebKit/537 (KHTML, like Gecko) Mobile Safari/537"
79.45.114.140 - - [29/Mar/2015:07:45:12 +0000] "GET /manifestazioni/gara/style.css HTTP/1.1" 200 2811 "http://atletica.me/manifestazioni/gara/22676" "Mozilla/5.0 (Mobile; Windows Phone 8.1; Android 4.0; ARM; Trident/7.0; Touch; rv:11.0; IEMobile/11.0; NOKIA; Lumia 920) like iPhone OS 7_0_3 Mac OS X AppleWebKit/537 (KHTML, like Gecko) Mobile Safari/537"
79.45.114.140 - - [29/Mar/2015:07:45:12 +0000] "GET /manifestazioni/gara/style_cell.css HTTP/1.1" 200 746 "http://atletica.me/manifestazioni/gara/22676" "Mozilla/5.0 (Mobile; Windows Phone 8.1; Android 4.0; ARM; Trident/7.0; Touch; rv:11.0; IEMobile/11.0; NOKIA; Lumia 920) like iPhone OS 7_0_3 Mac OS X AppleWebKit/537 (KHTML, like Gecko) Mobile Safari/537"
79.45.114.140 - - [29/Mar/2015:07:45:12 +0000] "GET /manifestazioni/gara/temp.css HTTP/1.1" 200 485 "http://atletica.me/manifestazioni/gara/22676" "Mozilla/5.0 (Mobile; Windows Phone 8.1; Android 4.0; ARM; Trident/7.0; Touch; rv:11.0; IEMobile/11.0; NOKIA; Lumia 920) like iPhone OS 7_0_3 Mac OS X AppleWebKit/537 (KHTML, like Gecko) Mobile Safari/537"
79.45.114.140 - - [29/Mar/2015:07:45:12 +0000] "GET /manifestazioni/gara/myfun.js HTTP/1.1" 200 4752 "http://atletica.me/manifestazioni/gara/22676" "Mozilla/5.0 (Mobile; Windows Phone 8.1; Android 4.0; ARM; Trident/7.0; Touch; rv:11.0; IEMobile/11.0; NOKIA; Lumia 920) like iPhone OS 7_0_3 Mac OS X AppleWebKit/537 (KHTML, like Gecko) Mobile Safari/537"
79.45.114.140 - - [29/Mar/2015:07:45:12 +0000] "GET /ico/star/star_spenta.png HTTP/1.1" 200 3879 "http://atletica.me/manifestazioni/gara/22676" "Mozilla/5.0 (Mobile; Windows Phone 8.1; Android 4.0; ARM; Trident/7.0; Touch; rv:11.0; IEMobile/11.0; NOKIA; Lumia 920) like iPhone OS 7_0_3 Mac OS X AppleWebKit/537 (KHTML, like Gecko) Mobile Safari/537"
79.45.114.140 - - [29/Mar/2015:07:45:13 +0000] "POST /manifestazioni/gara/getOrariGara.php HTTP/1.1" 200 429 "http://atletica.me/manifestazioni/gara/22676" "Mozilla/5.0 (Mobile; Windows Phone 8.1; Android 4.0; ARM; Trident/7.0; Touch; rv:11.0; IEMobile/11.0; NOKIA; Lumia 920) like iPhone OS 7_0_3 Mac OS X AppleWebKit/537 (KHTML, like Gecko) Mobile Safari/537"
151.18.187.34 - - [29/Mar/2015:07:45:23 +0000] "GET /societa/1912 HTTP/1.1" 200 11285 "-" "Mozilla/5.0 (Linux; Android 4.4.2; it-it; SAMSUNG GT-I9301I Build/KOT49H) AppleWebKit/537.36 (KHTML, like Gecko) Version/1.5 Chrome/28.0.1500.94 Mobile Safari/537.36"
79.45.114.140 - - [29/Mar/2015:07:45:28 +0000] "GET /profilo/impo/ HTTP/1.1" 200 4072 "http://atletica.me/profilo/" "Mozilla/5.0 (Mobile; Windows Phone 8.1; Android 4.0; ARM; Trident/7.0; Touch; rv:11.0; IEMobile/11.0; NOKIA; Lumia 920) like iPhone OS 7_0_3 Mac OS X AppleWebKit/537 (KHTML, like Gecko) Mobile Safari/537"
79.45.114.140 - - [29/Mar/2015:07:45:28 +0000] "GET /profilo/impo/style_cell.css HTTP/1.1" 302 530 "http://atletica.me/profilo/impo/" "Mozilla/5.0 (Mobile; Windows Phone 8.1; Android 4.0; ARM; Trident/7.0; Touch; rv:11.0; IEMobile/11.0; NOKIA; Lumia 920) like iPhone OS 7_0_3 Mac OS X AppleWebKit/537 (KHTML, like Gecko) Mobile Safari/537"
80.117.97.55 - - [29/Mar/2015:07:45:37 +0000] "GET /api/1.0/jade.css HTTP/1.1" 304 212 "http://www.fiammeoroatletica.it/" "Mozilla/5.0 (Macintosh; Intel Mac OS X 10_10_2) AppleWebKit/600.4.10 (KHTML, like Gecko) Version/8.0.4 Safari/600.4.10"
80.117.97.55 - - [29/Mar/2015:07:45:37 +0000] "GET /api/1.0/jade.js HTTP/1.1" 304 212 "http://www.fiammeoroatletica.it/" "Mozilla/5.0 (Macintosh; Intel Mac OS X 10_10_2) AppleWebKit/600.4.10 (KHTML, like Gecko) Version/8.0.4 Safari/600.4.10"
217.200.202.227 - - [29/Mar/2015:07:45:39 +0000] "GET /confronto/index.php?atletaUno=120415&atletaDue=36346 HTTP/1.1" 200 5500 "-" "Mozilla/5.0 (Linux; U; Android 4.2.2; it-it; GT-I9060 Build/JDQ39) AppleWebKit/534.30 (KHTML, like Gecko) Version/4.0 Mobile Safari/534.30"
217.200.202.227 - - [29/Mar/2015:07:45:43 +0000] "POST /confronto/engine/confronta.php HTTP/1.1" 200 2539 "http://atletica.me/confronto/index.php?atletaUno=120415&atletaDue=36346" "Mozilla/5.0 (Linux; U; Android 4.2.2; it-it; GT-I9060 Build/JDQ39) AppleWebKit/534.30 (KHTML, like Gecko) Version/4.0 Mobile Safari/534.30"
217.200.202.227 - - [29/Mar/2015:07:45:43 +0000] "POST /confronto/engine/get_pb_atleti.php HTTP/1.1" 200 944 "http://atletica.me/confronto/index.php?atletaUno=120415&atletaDue=36346" "Mozilla/5.0 (Linux; U; Android 4.2.2; it-it; GT-I9060 Build/JDQ39) AppleWebKit/534.30 (KHTML, like Gecko) Version/4.0 Mobile Safari/534.30"
151.18.187.34 - - [29/Mar/2015:07:45:53 +0000] "GET /societa/1912 HTTP/1.1" 200 11285 "-" "Mozilla/5.0 (Linux; Android 4.4.2; it-it; SAMSUNG GT-I9301I Build/KOT49H) AppleWebKit/537.36 (KHTML, like Gecko) Version/1.5 Chrome/28.0.1500.94 Mobile Safari/537.36"
217.200.202.227 - - [29/Mar/2015:07:45:57 +0000] "GET /confronto/index.php?atletaUno=36346&atletaDue=28239 HTTP/1.1" 200 5487 "http://atletica.me/confronto/index.php?atletaUno=120415&atletaDue=36346" "Mozilla/5.0 (Linux; U; Android 4.2.2; it-it; GT-I9060 Build/JDQ39) AppleWebKit/534.30 (KHTML, like Gecko) Version/4.0 Mobile Safari/534.30"
151.18.187.34 - - [29/Mar/2015:07:46:00 +0000] "POST /societa/getStaffetteSocieta.php HTTP/1.1" 200 1172 "http://atletica.me/societa/1912" "Mozilla/5.0 (Linux; Android 4.4.2; it-it; SAMSUNG GT-I9301I Build/KOT49H) AppleWebKit/537.36 (KHTML, like Gecko) Version/1.5 Chrome/28.0.1500.94 Mobile Safari/537.36"
217.200.202.227 - - [29/Mar/2015:07:46:02 +0000] "POST /confronto/engine/confronta.php HTTP/1.1" 200 3018 "http://atletica.me/confronto/index.php?atletaUno=36346&atletaDue=28239" "Mozilla/5.0 (Linux; U; Android 4.2.2; it-it; GT-I9060 Build/JDQ39) AppleWebKit/534.30 (KHTML, like Gecko) Version/4.0 Mobile Safari/534.30"
217.200.202.227 - - [29/Mar/2015:07:46:02 +0000] "POST /confronto/engine/get_pb_atleti.php HTTP/1.1" 200 1005 "http://atletica.me/confronto/index.php?atletaUno=36346&atletaDue=28239" "Mozilla/5.0 (Linux; U; Android 4.2.2; it-it; GT-I9060 Build/JDQ39) AppleWebKit/534.30 (KHTML, like Gecko) Version/4.0 Mobile Safari/534.30"
66.249.78.113 - - [29/Mar/2015:07:46:08 +0000] "GET /confronto/index.php?atletaUno=93456&atletaDue=93404 HTTP/1.1" 200 5555 "-" "Mozilla/5.0 (compatible; Googlebot/2.1; +http://www.google.com/bot.html)"
91.252.103.153 - - [29/Mar/2015:07:46:15 +0000] "GET /atleta/139353 HTTP/1.1" 200 6868 "http://atletica.me/atleta/" "Mozilla/5.0 (iPhone; CPU iPhone OS 8_2 like Mac OS X) AppleWebKit/600.1.4 (KHTML, like Gecko) Version/8.0 Mobile/12D508 Safari/600.1.4"
91.252.103.153 - - [29/Mar/2015:07:46:15 +0000] "GET /css/fondamenta.css HTTP/1.1" 304 211 "http://atletica.me/atleta/139353" "Mozilla/5.0 (iPhone; CPU iPhone OS 8_2 like Mac OS X) AppleWebKit/600.1.4 (KHTML, like Gecko) Version/8.0 Mobile/12D508 Safari/600.1.4"
91.252.103.153 - - [29/Mar/2015:07:46:15 +0000] "GET /myjs/fondamenta.js HTTP/1.1" 304 212 "http://atletica.me/atleta/139353" "Mozilla/5.0 (iPhone; CPU iPhone OS 8_2 like Mac OS X) AppleWebKit/600.1.4 (KHTML, like Gecko) Version/8.0 Mobile/12D508 Safari/600.1.4"
91.252.103.153 - - [29/Mar/2015:07:46:15 +0000] "GET /atleta/style.css HTTP/1.1" 304 212 "http://atletica.me/atleta/139353" "Mozilla/5.0 (iPhone; CPU iPhone OS 8_2 like Mac OS X) AppleWebKit/600.1.4 (KHTML, like Gecko) Version/8.0 Mobile/12D508 Safari/600.1.4"
91.252.103.153 - - [29/Mar/2015:07:46:15 +0000] "GET /atleta/myfun.js HTTP/1.1" 304 212 "http://atletica.me/atleta/139353" "Mozilla/5.0 (iPhone; CPU iPhone OS 8_2 like Mac OS X) AppleWebKit/600.1.4 (KHTML, like Gecko) Version/8.0 Mobile/12D508 Safari/600.1.4"
91.252.103.153 - - [29/Mar/2015:07:46:15 +0000] "GET /atleta/graph.js HTTP/1.1" 304 212 "http://atletica.me/atleta/139353" "Mozilla/5.0 (iPhone; CPU iPhone OS 8_2 like Mac OS X) AppleWebKit/600.1.4 (KHTML, like Gecko) Version/8.0 Mobile/12D508 Safari/600.1.4"
91.252.103.153 - - [29/Mar/2015:07:46:15 +0000] "GET /myjs/ricerca.js HTTP/1.1" 304 211 "http://atletica.me/atleta/139353" "Mozilla/5.0 (iPhone; CPU iPhone OS 8_2 like Mac OS X) AppleWebKit/600.1.4 (KHTML, like Gecko) Version/8.0 Mobile/12D508 Safari/600.1.4"
78.12.115.153 - - [29/Mar/2015:07:46:20 +0000] "GET /api/1.0/jade.js HTTP/1.1" 200 5009 "http://www.atletipercaso.net/tag/streaming" "Mozilla/5.0 (Windows NT 5.1; rv:36.0) Gecko/20100101 Firefox/36.0"
78.12.115.153 - - [29/Mar/2015:07:46:20 +0000] "GET /api/1.0/jade.css HTTP/1.1" 200 1757 "http://www.atletipercaso.net/tag/streaming" "Mozilla/5.0 (Windows NT 5.1; rv:36.0) Gecko/20100101 Firefox/36.0"
91.252.103.153 - - [29/Mar/2015:07:46:20 +0000] "GET /record/fonts/icomoon/icomoon.woff?i64fx9 HTTP/1.1" 302 530 "http://atletica.me/atleta/139353" "Mozilla/5.0 (iPhone; CPU iPhone OS 8_2 like Mac OS X) AppleWebKit/600.1.4 (KHTML, like Gecko) Version/8.0 Mobile/12D508 Safari/600.1.4"
91.252.103.153 - - [29/Mar/2015:07:46:20 +0000] "POST /atleta/aggiorna.php HTTP/1.1" 200 1361 "http://atletica.me/atleta/139353" "Mozilla/5.0 (iPhone; CPU iPhone OS 8_2 like Mac OS X) AppleWebKit/600.1.4 (KHTML, like Gecko) Version/8.0 Mobile/12D508 Safari/600.1.4"
91.252.103.153 - - [29/Mar/2015:07:46:20 +0000] "GET /record/fonts/icomoon/icomoon.ttf?i64fx9 HTTP/1.1" 302 530 "http://atletica.me/atleta/139353" "Mozilla/5.0 (iPhone; CPU iPhone OS 8_2 like Mac OS X) AppleWebKit/600.1.4 (KHTML, like Gecko) Version/8.0 Mobile/12D508 Safari/600.1.4"
91.252.103.153 - - [29/Mar/2015:07:46:22 +0000] "GET /record/fonts/icomoon/icomoon.svg?i64fx9 HTTP/1.1" 302 530 "http://atletica.me/atleta/139353" "Mozilla/5.0 (iPhone; CPU iPhone OS 8_2 like Mac OS X) AppleWebKit/600.1.4 (KHTML, like Gecko) Version/8.0 Mobile/12D508 Safari/600.1.4"
151.18.187.34 - - [29/Mar/2015:07:46:36 +0000] "POST /societa/getManifestazioniSocieta.php HTTP/1.1" 200 293 "http://atletica.me/societa/1912" "Mozilla/5.0 (Linux; Android 4.4.2; it-it; SAMSUNG GT-I9301I Build/KOT49H) AppleWebKit/537.36 (KHTML, like Gecko) Version/1.5 Chrome/28.0.1500.94 Mobile Safari/537.36"
5.90.71.59 - - [29/Mar/2015:07:46:46 +0000] "GET /societa/2512 HTTP/1.1" 200 8900 "-" "Mozilla/5.0 (Linux; U; Android 4.2.2; it-it; GT-I9060 Build/JDQ39) AppleWebKit/534.30 (KHTML, like Gecko) Version/4.0 Mobile Safari/534.30"
80.117.97.55 - - [29/Mar/2015:07:46:47 +0000] "GET / HTTP/1.1" 200 4313 "-" "Mozilla/5.0 (Macintosh; Intel Mac OS X 10_10_2) AppleWebKit/537.36 (KHTML, like Gecko) Chrome/41.0.2272.104 Safari/537.36"
80.117.97.55 - - [29/Mar/2015:07:46:47 +0000] "POST /includephp/auto-login.php HTTP/1.1" 200 440 "http://atletica.me/" "Mozilla/5.0 (Macintosh; Intel Mac OS X 10_10_2) AppleWebKit/537.36 (KHTML, like Gecko) Chrome/41.0.2272.104 Safari/537.36"
93.49.14.51 - - [29/Mar/2015:07:47:00 +0000] "GET /atleta/313180 HTTP/1.1" 200 6858 "http://atletica.me/atleta/289625" "Mozilla/5.0 (Linux; U; Android 4.4.2; it-it; LG-D405 Build/KOT49I.A1415179572) AppleWebKit/537.36 (KHTML, like Gecko) Version/4.0 Chrome/30.0.1599.103 Mobile Safari/537.36"
93.49.14.51 - - [29/Mar/2015:07:47:01 +0000] "GET /atleta/289625 HTTP/1.1" 200 6866 "http://atletica.me/atleta/3133" "Mozilla/5.0 (Linux; U; Android 4.4.2; it-it; LG-D405 Build/KOT49I.A1415179572) AppleWebKit/537.36 (KHTML, like Gecko) Version/4.0 Chrome/30.0.1599.103 Mobile Safari/537.36"
93.49.14.51 - - [29/Mar/2015:07:47:02 +0000] "GET /favicon.ico HTTP/1.1" 302 529 "-" "Mozilla/5.0 (Linux; Android 4.4.2; LG-D405 Build/KOT49I.A1415179572) AppleWebKit/537.36 (KHTML, like Gecko) Chrome/30.0.1599.103 Mobile Safari/537.36"
217.200.202.227 - - [29/Mar/2015:07:47:04 +0000] "GET /atleta/36346 HTTP/1.1" 200 7073 "-" "Mozilla/5.0 (Linux; U; Android 4.2.2; it-it; GT-I9060 Build/JDQ39) AppleWebKit/534.30 (KHTML, like Gecko) Version/4.0 Mobile Safari/534.30"
93.49.14.51 - - [29/Mar/2015:07:47:04 +0000] "GET /atleta/3133 HTTP/1.1" 200 7128 "http://atletica.me/atleta/289625" "Mozilla/5.0 (Linux; U; Android 4.4.2; it-it; LG-D405 Build/KOT49I.A1415179572) AppleWebKit/537.36 (KHTML, like Gecko) Version/4.0 Chrome/30.0.1599.103 Mobile Safari/537.36"
217.200.202.227 - - [29/Mar/2015:07:47:05 +0000] "GET /atleta/style_cell.css HTTP/1.1" 200 564 "http://atletica.me/atleta/36346" "Mozilla/5.0 (Linux; U; Android 4.2.2; it-it; GT-I9060 Build/JDQ39) AppleWebKit/534.30 (KHTML, like Gecko) Version/4.0 Mobile Safari/534.30"
217.200.202.227 - - [29/Mar/2015:07:47:05 +0000] "GET /atleta/graph.js HTTP/1.1" 200 3161 "http://atletica.me/atleta/36346" "Mozilla/5.0 (Linux; U; Android 4.2.2; it-it; GT-I9060 Build/JDQ39) AppleWebKit/534.30 (KHTML, like Gecko) Version/4.0 Mobile Safari/534.30"
217.200.202.227 - - [29/Mar/2015:07:47:05 +0000] "GET /atleta/myfun.js HTTP/1.1" 200 6786 "http://atletica.me/atleta/36346" "Mozilla/5.0 (Linux; U; Android 4.2.2; it-it; GT-I9060 Build/JDQ39) AppleWebKit/534.30 (KHTML, like Gecko) Version/4.0 Mobile Safari/534.30"
217.200.202.227 - - [29/Mar/2015:07:47:06 +0000] "GET /record/js/classie.js HTTP/1.1" 200 1062 "http://atletica.me/atleta/36346" "Mozilla/5.0 (Linux; U; Android 4.2.2; it-it; GT-I9060 Build/JDQ39) AppleWebKit/534.30 (KHTML, like Gecko) Version/4.0 Mobile Safari/534.30"
217.200.202.227 - - [29/Mar/2015:07:47:06 +0000] "GET /record/js/uiMorphingButton_fixed.js HTTP/1.1" 200 1703 "http://atletica.me/atleta/36346" "Mozilla/5.0 (Linux; U; Android 4.2.2; it-it; GT-I9060 Build/JDQ39) AppleWebKit/534.30 (KHTML, like Gecko) Version/4.0 Mobile Safari/534.30"
217.200.202.227 - - [29/Mar/2015:07:47:07 +0000] "GET /record/fonts/icomoon/icomoon.woff?i64fx9 HTTP/1.1" 302 529 "http://atletica.me/atleta/36346" "Mozilla/5.0 (Linux; U; Android 4.2.2; it-it; GT-I9060 Build/JDQ39) AppleWebKit/534.30 (KHTML, like Gecko) Version/4.0 Mobile Safari/534.30"
217.200.202.227 - - [29/Mar/2015:07:47:08 +0000] "GET /record/fonts/icomoon/icomoon.ttf?i64fx9 HTTP/1.1" 302 529 "http://atletica.me/atleta/36346" "Mozilla/5.0 (Linux; U; Android 4.2.2; it-it; GT-I9060 Build/JDQ39) AppleWebKit/534.30 (KHTML, like Gecko) Version/4.0 Mobile Safari/534.30"
217.200.202.227 - - [29/Mar/2015:07:47:08 +0000] "POST /atleta/aggiorna.php HTTP/1.1" 200 4205 "http://atletica.me/atleta/36346" "Mozilla/5.0 (Linux; U; Android 4.2.2; it-it; GT-I9060 Build/JDQ39) AppleWebKit/534.30 (KHTML, like Gecko) Version/4.0 Mobile Safari/534.30"
217.200.202.227 - - [29/Mar/2015:07:47:09 +0000] "GET /record/fonts/icomoon/icomoon.svg?i64fx9 HTTP/1.1" 302 530 "http://atletica.me/atleta/36346" "Mozilla/5.0 (Linux; U; Android 4.2.2; it-it; GT-I9060 Build/JDQ39) AppleWebKit/534.30 (KHTML, like Gecko) Version/4.0 Mobile Safari/534.30"
217.200.202.227 - - [29/Mar/2015:07:47:09 +0000] "GET /ico/favicon.png HTTP/1.1" 200 19428 "http://atletica.me/atleta/36346" "Mozilla/5.0 (Linux; U; Android 4.2.2; it-it; GT-I9060 Build/JDQ39) AppleWebKit/534.30 (KHTML, like Gecko) Version/4.0 Mobile Safari/534.30"
217.200.202.227 - - [29/Mar/2015:07:47:09 +0000] "GET /record/fonts/icomoon/icomoon.woff?i64fx9 HTTP/1.1" 302 529 "http://atletica.me/atleta/36346" "Mozilla/5.0 (Linux; U; Android 4.2.2; it-it; GT-I9060 Build/JDQ39) AppleWebKit/534.30 (KHTML, like Gecko) Version/4.0 Mobile Safari/534.30"
217.200.202.227 - - [29/Mar/2015:07:47:11 +0000] "GET /ico/min-arr.png HTTP/1.1" 200 871 "http://atletica.me/atleta/36346" "Mozilla/5.0 (Linux; U; Android 4.2.2; it-it; GT-I9060 Build/JDQ39) AppleWebKit/534.30 (KHTML, like Gecko) Version/4.0 Mobile Safari/534.30"
207.46.13.6 - - [29/Mar/2015:07:47:11 +0000] "GET /atleta/index.php?id=110662 HTTP/1.1" 200 6938 "-" "Mozilla/5.0 (compatible; bingbot/2.0; +http://www.bing.com/bingbot.htm)"
217.200.202.227 - - [29/Mar/2015:07:47:13 +0000] "GET /record/fonts/icomoon/icomoon.ttf?i64fx9 HTTP/1.1" 302 529 "http://atletica.me/atleta/36346" "Mozilla/5.0 (Linux; U; Android 4.2.2; it-it; GT-I9060 Build/JDQ39) AppleWebKit/534.30 (KHTML, like Gecko) Version/4.0 Mobile Safari/534.30"
217.200.202.227 - - [29/Mar/2015:07:47:17 +0000] "POST /atleta/get_avversari.php HTTP/1.1" 200 767 "http://atletica.me/atleta/36346" "Mozilla/5.0 (Linux; U; Android 4.2.2; it-it; GT-I9060 Build/JDQ39) AppleWebKit/534.30 (KHTML, like Gecko) Version/4.0 Mobile Safari/534.30"
66.249.78.127 - - [29/Mar/2015:07:47:17 +0000] "GET /confronto/index.php?atletaUno=174726&atletaDue=120692 HTTP/1.1" 200 5593 "-" "Mozilla/5.0 (compatible; Googlebot/2.1; +http://www.google.com/bot.html)"
87.18.42.31 - - [29/Mar/2015:07:47:19 +0000] "GET /api/1.0/jade.css HTTP/1.1" 200 1757 "http://www.atletipercaso.net/tag/streaming" "Mozilla/5.0 (iPad; CPU OS 8_2 like Mac OS X) AppleWebKit/600.1.4 (KHTML, like Gecko) Version/8.0 Mobile/12D508 Safari/600.1.4"
87.18.42.31 - - [29/Mar/2015:07:47:19 +0000] "GET /api/1.0/jade.js HTTP/1.1" 200 5009 "http://www.atletipercaso.net/tag/streaming" "Mozilla/5.0 (iPad; CPU OS 8_2 like Mac OS X) AppleWebKit/600.1.4 (KHTML, like Gecko) Version/8.0 Mobile/12D508 Safari/600.1.4"
66.249.78.127 - - [29/Mar/2015:07:47:29 +0000] "GET /api/1.0/jade.css HTTP/1.1" 200 1757 "http://www.atletipercaso.net/tag/sonia-malavisi" "Mozilla/5.0 (compatible; Googlebot/2.1; +http://www.google.com/bot.html)"
66.249.78.127 - - [29/Mar/2015:07:47:30 +0000] "GET /api/1.0/jade.js HTTP/1.1" 200 5008 "http://www.atletipercaso.net/tag/sonia-malavisi" "Mozilla/5.0 (compatible; Googlebot/2.1; +http://www.google.com/bot.html)"
217.200.202.227 - - [29/Mar/2015:07:47:37 +0000] "GET /confronto/index.php?atletaUno=36346&atletaDue=46610 HTTP/1.1" 200 5488 "http://atletica.me/atleta/36346" "Mozilla/5.0 (Linux; U; Android 4.2.2; it-it; GT-I9060 Build/JDQ39) AppleWebKit/534.30 (KHTML, like Gecko) Version/4.0 Mobile Safari/534.30"
217.200.202.227 - - [29/Mar/2015:07:47:41 +0000] "POST /confronto/engine/confronta.php HTTP/1.1" 200 2650 "http://atletica.me/confronto/index.php?atletaUno=36346&atletaDue=46610" "Mozilla/5.0 (Linux; U; Android 4.2.2; it-it; GT-I9060 Build/JDQ39) AppleWebKit/534.30 (KHTML, like Gecko) Version/4.0 Mobile Safari/534.30"
217.200.202.227 - - [29/Mar/2015:07:47:41 +0000] "POST /confronto/engine/get_pb_atleti.php HTTP/1.1" 200 994 "http://atletica.me/confronto/index.php?atletaUno=36346&atletaDue=46610" "Mozilla/5.0 (Linux; U; Android 4.2.2; it-it; GT-I9060 Build/JDQ39) AppleWebKit/534.30 (KHTML, like Gecko) Version/4.0 Mobile Safari/534.30"
66.249.78.120 - - [29/Mar/2015:07:48:15 +0000] "GET /confronto/index.php?atletaUno=103054&atletaDue=23165 HTTP/1.1" 200 5558 "-" "Mozilla/5.0 (compatible; Googlebot/2.1; +http://www.google.com/bot.html)"
188.216.53.189 - - [29/Mar/2015:07:48:24 +0000] "GET /confronto/index.php?atletaUno=186967&atletaDue=168040 HTTP/1.1" 200 5486 "http://atletica.me/confronto/index.php?atletaUno=186967&atletaDue=169756" "Mozilla/5.0 (Windows NT 6.1; Trident/7.0; rv:11.0) like Gecko"
188.216.53.189 - - [29/Mar/2015:07:48:24 +0000] "GET /confronto/atleta/style_cell.css HTTP/1.1" 302 529 "http://atletica.me/confronto/index.php?atletaUno=186967&atletaDue=168040" "Mozilla/5.0 (Windows NT 6.1; Trident/7.0; rv:11.0) like Gecko"
188.216.53.189 - - [29/Mar/2015:07:48:25 +0000] "POST /confronto/engine/confronta.php HTTP/1.1" 200 1427 "http://atletica.me/confronto/index.php?atletaUno=186967&atletaDue=168040" "Mozilla/5.0 (Windows NT 6.1; Trident/7.0; rv:11.0) like Gecko"
188.216.53.189 - - [29/Mar/2015:07:48:25 +0000] "POST /confronto/engine/get_pb_atleti.php HTTP/1.1" 200 732 "http://atletica.me/confronto/index.php?atletaUno=186967&atletaDue=168040" "Mozilla/5.0 (Windows NT 6.1; Trident/7.0; rv:11.0) like Gecko"
217.200.202.227 - - [29/Mar/2015:07:48:25 +0000] "GET /atleta/36346 HTTP/1.1" 200 7073 "-" "Mozilla/5.0 (Linux; U; Android 4.2.2; it-it; GT-I9060 Build/JDQ39) AppleWebKit/534.30 (KHTML, like Gecko) Version/4.0 Mobile Safari/534.30"
66.249.78.127 - - [29/Mar/2015:07:48:27 +0000] "GET /confronto/index.php?atletaUno=14944&atletaDue=142732 HTTP/1.1" 200 5537 "-" "Mozilla/5.0 (compatible; Googlebot/2.1; +http://www.google.com/bot.html)"
66.249.78.113 - - [29/Mar/2015:07:48:30 +0000] "POST /confronto/engine/confronta.php HTTP/1.1" 200 2403 "http://atletica.me/confronto/index.php?atletaUno=98083&atletaDue=6950" "Mozilla/5.0 (compatible; Googlebot/2.1; +http://www.google.com/bot.html)"
66.249.78.120 - - [29/Mar/2015:07:48:30 +0000] "POST /confronto/engine/get_pb_atleti.php HTTP/1.1" 200 660 "http://atletica.me/confronto/index.php?atletaUno=98083&atletaDue=6950" "Mozilla/5.0 (compatible; Googlebot/2.1; +http://www.google.com/bot.html)"
217.200.202.227 - - [29/Mar/2015:07:48:31 +0000] "POST /atleta/aggiorna.php HTTP/1.1" 200 4206 "http://atletica.me/atleta/36346" "Mozilla/5.0 (Linux; U; Android 4.2.2; it-it; GT-I9060 Build/JDQ39) AppleWebKit/534.30 (KHTML, like Gecko) Version/4.0 Mobile Safari/534.30"
79.9.211.254 - - [29/Mar/2015:07:48:52 +0000] "GET /api/1.0/jade.js HTTP/1.1" 304 212 "http://www.atletipercaso.net/" "Mozilla/5.0 (Windows NT 6.3; WOW64; Trident/7.0; MAFSJS; rv:11.0) like Gecko"
79.9.211.254 - - [29/Mar/2015:07:48:52 +0000] "GET /api/1.0/jade.css HTTP/1.1" 200 1757 "http://www.atletipercaso.net/" "Mozilla/5.0 (Windows NT 6.3; WOW64; Trident/7.0; MAFSJS; rv:11.0) like Gecko"
188.216.53.189 - - [29/Mar/2015:07:48:52 +0000] "GET /confronto/index.php?atletaUno=186967&atletaDue=169756 HTTP/1.1" 200 5501 "http://atletica.me/confronto/index.php?atletaUno=186967&atletaDue=168040" "Mozilla/5.0 (Windows NT 6.1; Trident/7.0; rv:11.0) like Gecko"
188.216.53.189 - - [29/Mar/2015:07:48:53 +0000] "GET /confronto/atleta/style_cell.css HTTP/1.1" 302 530 "http://atletica.me/confronto/index.php?atletaUno=186967&atletaDue=169756" "Mozilla/5.0 (Windows NT 6.1; Trident/7.0; rv:11.0) like Gecko"
188.216.53.189 - - [29/Mar/2015:07:48:53 +0000] "POST /confronto/engine/confronta.php HTTP/1.1" 200 1756 "http://atletica.me/confronto/index.php?atletaUno=186967&atletaDue=169756" "Mozilla/5.0 (Windows NT 6.1; Trident/7.0; rv:11.0) like Gecko"
188.216.53.189 - - [29/Mar/2015:07:48:53 +0000] "POST /confronto/engine/get_pb_atleti.php HTTP/1.1" 200 780 "http://atletica.me/confronto/index.php?atletaUno=186967&atletaDue=169756" "Mozilla/5.0 (Windows NT 6.1; Trident/7.0; rv:11.0) like Gecko"
79.42.39.107 - - [29/Mar/2015:07:48:56 +0000] "GET /api/1.0/jade.js HTTP/1.1" 304 212 "http://www.atletipercaso.net/" "Mozilla/5.0 (Macintosh; Intel Mac OS X 10_10_2) AppleWebKit/600.3.18 (KHTML, like Gecko) Version/8.0.3 Safari/600.3.18"
79.42.39.107 - - [29/Mar/2015:07:48:56 +0000] "GET /api/1.0/jade.css HTTP/1.1" 200 1757 "http://www.atletipercaso.net/" "Mozilla/5.0 (Macintosh; Intel Mac OS X 10_10_2) AppleWebKit/600.3.18 (KHTML, like Gecko) Version/8.0.3 Safari/600.3.18"
188.216.53.189 - - [29/Mar/2015:07:49:02 +0000] "GET /confronto/index.php?atletaUno=169756&atletaDue=169782 HTTP/1.1" 200 5504 "http://atletica.me/confronto/index.php?atletaUno=186967&atletaDue=169756" "Mozilla/5.0 (Windows NT 6.1; Trident/7.0; rv:11.0) like Gecko"
188.216.53.189 - - [29/Mar/2015:07:49:03 +0000] "GET /confronto/atleta/style_cell.css HTTP/1.1" 302 529 "http://atletica.me/confronto/index.php?atletaUno=169756&atletaDue=169782" "Mozilla/5.0 (Windows NT 6.1; Trident/7.0; rv:11.0) like Gecko"
188.216.53.189 - - [29/Mar/2015:07:49:03 +0000] "POST /confronto/engine/get_pb_atleti.php HTTP/1.1" 200 611 "http://atletica.me/confronto/index.php?atletaUno=169756&atletaDue=169782" "Mozilla/5.0 (Windows NT 6.1; Trident/7.0; rv:11.0) like Gecko"
188.216.53.189 - - [29/Mar/2015:07:49:03 +0000] "POST /confronto/engine/confronta.php HTTP/1.1" 200 1213 "http://atletica.me/confronto/index.php?atletaUno=169756&atletaDue=169782" "Mozilla/5.0 (Windows NT 6.1; Trident/7.0; rv:11.0) like Gecko"
95.245.235.24 - - [29/Mar/2015:07:49:08 +0000] "GET /atleta/59366 HTTP/1.1" 200 7126 "https://www.google.it/" "Mozilla/5.0 (iPhone; CPU iPhone OS 8_2 like Mac OS X) AppleWebKit/600.1.4 (KHTML, like Gecko) Version/8.0 Mobile/12D508 Safari/600.1.4"
95.245.235.24 - - [29/Mar/2015:07:49:08 +0000] "GET /css/fondamenta.css HTTP/1.1" 200 4735 "http://atletica.me/atleta/59366" "Mozilla/5.0 (iPhone; CPU iPhone OS 8_2 like Mac OS X) AppleWebKit/600.1.4 (KHTML, like Gecko) Version/8.0 Mobile/12D508 Safari/600.1.4"
95.245.235.24 - - [29/Mar/2015:07:49:08 +0000] "GET /record/js/modernizr.custom.js HTTP/1.1" 200 4101 "http://atletica.me/atleta/59366" "Mozilla/5.0 (iPhone; CPU iPhone OS 8_2 like Mac OS X) AppleWebKit/600.1.4 (KHTML, like Gecko) Version/8.0 Mobile/12D508 Safari/600.1.4"
95.245.235.24 - - [29/Mar/2015:07:49:08 +0000] "GET /atleta/myfun.js HTTP/1.1" 200 6785 "http://atletica.me/atleta/59366" "Mozilla/5.0 (iPhone; CPU iPhone OS 8_2 like Mac OS X) AppleWebKit/600.1.4 (KHTML, like Gecko) Version/8.0 Mobile/12D508 Safari/600.1.4"
95.245.235.24 - - [29/Mar/2015:07:49:08 +0000] "GET /atleta/graph.js HTTP/1.1" 200 3160 "http://atletica.me/atleta/59366" "Mozilla/5.0 (iPhone; CPU iPhone OS 8_2 like Mac OS X) AppleWebKit/600.1.4 (KHTML, like Gecko) Version/8.0 Mobile/12D508 Safari/600.1.4"
95.245.235.24 - - [29/Mar/2015:07:49:08 +0000] "GET /myjs/ricerca.js HTTP/1.1" 200 644 "http://atletica.me/atleta/59366" "Mozilla/5.0 (iPhone; CPU iPhone OS 8_2 like Mac OS X) AppleWebKit/600.1.4 (KHTML, like Gecko) Version/8.0 Mobile/12D508 Safari/600.1.4"
95.245.235.24 - - [29/Mar/2015:07:49:08 +0000] "GET /atleta/style.css HTTP/1.1" 200 4778 "http://atletica.me/atleta/59366" "Mozilla/5.0 (iPhone; CPU iPhone OS 8_2 like Mac OS X) AppleWebKit/600.1.4 (KHTML, like Gecko) Version/8.0 Mobile/12D508 Safari/600.1.4"
95.245.235.24 - - [29/Mar/2015:07:49:08 +0000] "GET /myjs/login.js HTTP/1.1" 200 1504 "http://atletica.me/atleta/59366" "Mozilla/5.0 (iPhone; CPU iPhone OS 8_2 like Mac OS X) AppleWebKit/600.1.4 (KHTML, like Gecko) Version/8.0 Mobile/12D508 Safari/600.1.4"
95.245.235.24 - - [29/Mar/2015:07:49:08 +0000] "GET /record/js/classie.js HTTP/1.1" 200 1062 "http://atletica.me/atleta/59366" "Mozilla/5.0 (iPhone; CPU iPhone OS 8_2 like Mac OS X) AppleWebKit/600.1.4 (KHTML, like Gecko) Version/8.0 Mobile/12D508 Safari/600.1.4"
95.245.235.24 - - [29/Mar/2015:07:49:08 +0000] "GET /record/js/uiMorphingButton_fixed.js HTTP/1.1" 200 1703 "http://atletica.me/atleta/59366" "Mozilla/5.0 (iPhone; CPU iPhone OS 8_2 like Mac OS X) AppleWebKit/600.1.4 (KHTML, like Gecko) Version/8.0 Mobile/12D508 Safari/600.1.4"
95.245.235.24 - - [29/Mar/2015:07:49:08 +0000] "GET /atleta/style_cell.css HTTP/1.1" 200 565 "http://atletica.me/atleta/59366" "Mozilla/5.0 (iPhone; CPU iPhone OS 8_2 like Mac OS X) AppleWebKit/600.1.4 (KHTML, like Gecko) Version/8.0 Mobile/12D508 Safari/600.1.4"
95.245.235.24 - - [29/Mar/2015:07:49:08 +0000] "GET /ico/social/min/face.png HTTP/1.1" 200 893 "http://atletica.me/atleta/59366" "Mozilla/5.0 (iPhone; CPU iPhone OS 8_2 like Mac OS X) AppleWebKit/600.1.4 (KHTML, like Gecko) Version/8.0 Mobile/12D508 Safari/600.1.4"
95.245.235.24 - - [29/Mar/2015:07:49:08 +0000] "GET /ico/cancel/cancel-50.png HTTP/1.1" 200 548 "http://atletica.me/atleta/59366" "Mozilla/5.0 (iPhone; CPU iPhone OS 8_2 like Mac OS X) AppleWebKit/600.1.4 (KHTML, like Gecko) Version/8.0 Mobile/12D508 Safari/600.1.4"
95.245.235.24 - - [29/Mar/2015:07:49:08 +0000] "GET /ico/sent/sent-50.png HTTP/1.1" 200 962 "http://atletica.me/atleta/59366" "Mozilla/5.0 (iPhone; CPU iPhone OS 8_2 like Mac OS X) AppleWebKit/600.1.4 (KHTML, like Gecko) Version/8.0 Mobile/12D508 Safari/600.1.4"
95.245.235.24 - - [29/Mar/2015:07:49:08 +0000] "GET /record/css/content.css HTTP/1.1" 200 2462 "http://atletica.me/atleta/59366" "Mozilla/5.0 (iPhone; CPU iPhone OS 8_2 like Mac OS X) AppleWebKit/600.1.4 (KHTML, like Gecko) Version/8.0 Mobile/12D508 Safari/600.1.4"
95.245.235.24 - - [29/Mar/2015:07:49:08 +0000] "GET /myjs/fondamenta.js HTTP/1.1" 200 4345 "http://atletica.me/atleta/59366" "Mozilla/5.0 (iPhone; CPU iPhone OS 8_2 like Mac OS X) AppleWebKit/600.1.4 (KHTML, like Gecko) Version/8.0 Mobile/12D508 Safari/600.1.4"
95.245.235.24 - - [29/Mar/2015:07:49:08 +0000] "GET /includephp/down4-32.png HTTP/1.1" 200 473 "http://atletica.me/atleta/59366" "Mozilla/5.0 (iPhone; CPU iPhone OS 8_2 like Mac OS X) AppleWebKit/600.1.4 (KHTML, like Gecko) Version/8.0 Mobile/12D508 Safari/600.1.4"
95.245.235.24 - - [29/Mar/2015:07:49:08 +0000] "GET /ico/bug/bug-32.png HTTP/1.1" 200 962 "http://atletica.me/atleta/59366" "Mozilla/5.0 (iPhone; CPU iPhone OS 8_2 like Mac OS X) AppleWebKit/600.1.4 (KHTML, like Gecko) Version/8.0 Mobile/12D508 Safari/600.1.4"
95.245.235.24 - - [29/Mar/2015:07:49:08 +0000] "GET /ico/quote-32.png HTTP/1.1" 200 920 "http://atletica.me/atleta/59366" "Mozilla/5.0 (iPhone; CPU iPhone OS 8_2 like Mac OS X) AppleWebKit/600.1.4 (KHTML, like Gecko) Version/8.0 Mobile/12D508 Safari/600.1.4"
95.245.235.24 - - [29/Mar/2015:07:49:08 +0000] "GET /ico/social/min/youtube.png HTTP/1.1" 200 897 "http://atletica.me/atleta/59366" "Mozilla/5.0 (iPhone; CPU iPhone OS 8_2 like Mac OS X) AppleWebKit/600.1.4 (KHTML, like Gecko) Version/8.0 Mobile/12D508 Safari/600.1.4"
95.245.235.24 - - [29/Mar/2015:07:49:08 +0000] "GET /ico/Registration/enter/enter-32.png HTTP/1.1" 200 556 "http://atletica.me/atleta/59366" "Mozilla/5.0 (iPhone; CPU iPhone OS 8_2 like Mac OS X) AppleWebKit/600.1.4 (KHTML, like Gecko) Version/8.0 Mobile/12D508 Safari/600.1.4"
95.245.235.24 - - [29/Mar/2015:07:49:09 +0000] "GET /record/css/component.css HTTP/1.1" 200 1674 "http://atletica.me/atleta/59366" "Mozilla/5.0 (iPhone; CPU iPhone OS 8_2 like Mac OS X) AppleWebKit/600.1.4 (KHTML, like Gecko) Version/8.0 Mobile/12D508 Safari/600.1.4"
95.245.235.24 - - [29/Mar/2015:07:49:09 +0000] "GET /ico/search/search-100.png HTTP/1.1" 200 1343 "http://atletica.me/atleta/59366" "Mozilla/5.0 (iPhone; CPU iPhone OS 8_2 like Mac OS X) AppleWebKit/600.1.4 (KHTML, like Gecko) Version/8.0 Mobile/12D508 Safari/600.1.4"
95.245.235.24 - - [29/Mar/2015:07:49:09 +0000] "GET /barra/more_icon_black.png HTTP/1.1" 200 939 "http://atletica.me/atleta/59366" "Mozilla/5.0 (iPhone; CPU iPhone OS 8_2 like Mac OS X) AppleWebKit/600.1.4 (KHTML, like Gecko) Version/8.0 Mobile/12D508 Safari/600.1.4"
95.245.235.24 - - [29/Mar/2015:07:49:09 +0000] "GET /ico/social/min/twitter.png HTTP/1.1" 200 895 "http://atletica.me/atleta/59366" "Mozilla/5.0 (iPhone; CPU iPhone OS 8_2 like Mac OS X) AppleWebKit/600.1.4 (KHTML, like Gecko) Version/8.0 Mobile/12D508 Safari/600.1.4"
95.245.235.24 - - [29/Mar/2015:07:49:10 +0000] "GET /barra/home_icon_white.png HTTP/1.1" 200 1554 "http://atletica.me/atleta/59366" "Mozilla/5.0 (iPhone; CPU iPhone OS 8_2 like Mac OS X) AppleWebKit/600.1.4 (KHTML, like Gecko) Version/8.0 Mobile/12D508 Safari/600.1.4"
95.245.235.24 - - [29/Mar/2015:07:49:10 +0000] "GET /record/fonts/icomoon/icomoon.woff?i64fx9 HTTP/1.1" 302 529 "http://atletica.me/atleta/59366" "Mozilla/5.0 (iPhone; CPU iPhone OS 8_2 like Mac OS X) AppleWebKit/600.1.4 (KHTML, like Gecko) Version/8.0 Mobile/12D508 Safari/600.1.4"
95.245.235.24 - - [29/Mar/2015:07:49:10 +0000] "GET /404/ HTTP/1.1" 200 1217 "http://atletica.me/atleta/59366" "Mozilla/5.0 (iPhone; CPU iPhone OS 8_2 like Mac OS X) AppleWebKit/600.1.4 (KHTML, like Gecko) Version/8.0 Mobile/12D508 Safari/600.1.4"
95.245.235.24 - - [29/Mar/2015:07:49:10 +0000] "GET /record/fonts/icomoon/icomoon.ttf?i64fx9 HTTP/1.1" 302 529 "http://atletica.me/atleta/59366" "Mozilla/5.0 (iPhone; CPU iPhone OS 8_2 like Mac OS X) AppleWebKit/600.1.4 (KHTML, like Gecko) Version/8.0 Mobile/12D508 Safari/600.1.4"
95.245.235.24 - - [29/Mar/2015:07:49:11 +0000] "GET /record/fonts/icomoon/icomoon.svg?i64fx9 HTTP/1.1" 302 529 "http://atletica.me/atleta/59366" "Mozilla/5.0 (iPhone; CPU iPhone OS 8_2 like Mac OS X) AppleWebKit/600.1.4 (KHTML, like Gecko) Version/8.0 Mobile/12D508 Safari/600.1.4"
95.245.235.24 - - [29/Mar/2015:07:49:14 +0000] "GET /apple-touch-icon-120x120-precomposed.png HTTP/1.1" 302 530 "-" "MobileSafari/600.1.4 CFNetwork/711.2.23 Darwin/14.0.0"
95.245.235.24 - - [29/Mar/2015:07:49:15 +0000] "GET /404/ HTTP/1.1" 200 1217 "-" "MobileSafari/600.1.4 CFNetwork/711.2.23 Darwin/14.0.0"
95.245.235.24 - - [29/Mar/2015:07:49:15 +0000] "GET /apple-touch-icon-120x120.png HTTP/1.1" 302 529 "-" "MobileSafari/600.1.4 CFNetwork/711.2.23 Darwin/14.0.0"
95.245.235.24 - - [29/Mar/2015:07:49:16 +0000] "GET /apple-touch-icon.png HTTP/1.1" 302 529 "-" "MobileSafari/600.1.4 CFNetwork/711.2.23 Darwin/14.0.0"
95.245.235.24 - - [29/Mar/2015:07:49:16 +0000] "GET /apple-touch-icon.png HTTP/1.1" 302 529 "-" "MobileSafari/600.1.4 CFNetwork/711.2.23 Darwin/14.0.0"
95.245.235.24 - - [29/Mar/2015:07:49:19 +0000] "POST /atleta/aggiorna.php HTTP/1.1" 200 2227 "http://atletica.me/atleta/59366" "Mozilla/5.0 (iPhone; CPU iPhone OS 8_2 like Mac OS X) AppleWebKit/600.1.4 (KHTML, like Gecko) Version/8.0 Mobile/12D508 Safari/600.1.4"
95.245.235.24 - - [29/Mar/2015:07:49:19 +0000] "GET /ico/min-arr.png HTTP/1.1" 200 870 "http://atletica.me/atleta/59366" "Mozilla/5.0 (iPhone; CPU iPhone OS 8_2 like Mac OS X) AppleWebKit/600.1.4 (KHTML, like Gecko) Version/8.0 Mobile/12D508 Safari/600.1.4"
151.18.187.34 - - [29/Mar/2015:07:49:24 +0000] "GET /societa/1912 HTTP/1.1" 200 11285 "-" "Mozilla/5.0 (Linux; Android 4.4.2; it-it; SAMSUNG GT-I9301I Build/KOT49H) AppleWebKit/537.36 (KHTML, like Gecko) Version/1.5 Chrome/28.0.1500.94 Mobile Safari/537.36"
2.33.134.161 - - [29/Mar/2015:07:49:28 +0000] "GET /api/1.0/jade.css HTTP/1.1" 200 1757 "http://www.atletipercaso.net/" "Mozilla/5.0 (Windows NT 6.1; WOW64) AppleWebKit/537.36 (KHTML, like Gecko) Chrome/41.0.2272.101 Safari/537.36"
2.33.134.161 - - [29/Mar/2015:07:49:28 +0000] "GET /api/1.0/jade.js HTTP/1.1" 200 5009 "http://www.atletipercaso.net/" "Mozilla/5.0 (Windows NT 6.1; WOW64) AppleWebKit/537.36 (KHTML, like Gecko) Chrome/41.0.2272.101 Safari/537.36"
66.249.78.120 - - [29/Mar/2015:07:49:37 +0000] "GET /confronto/index.php?atletaUno=144079&atletaDue=55984 HTTP/1.1" 200 5566 "-" "Mozilla/5.0 (compatible; Googlebot/2.1; +http://www.google.com/bot.html)"
94.39.57.242 - - [29/Mar/2015:07:50:07 +0000] "GET /atleta/328259 HTTP/1.1" 200 6896 "-" "Mozilla/5.0 (Windows NT 5.1; rv:36.0) Gecko/20100101 Firefox/36.0"
94.39.57.242 - - [29/Mar/2015:07:50:07 +0000] "GET /css/fondamenta.css HTTP/1.1" 200 4735 "http://atletica.me/atleta/328259" "Mozilla/5.0 (Windows NT 5.1; rv:36.0) Gecko/20100101 Firefox/36.0"
94.39.57.242 - - [29/Mar/2015:07:50:07 +0000] "GET /atleta/style.css HTTP/1.1" 200 4778 "http://atletica.me/atleta/328259" "Mozilla/5.0 (Windows NT 5.1; rv:36.0) Gecko/20100101 Firefox/36.0"
94.39.57.242 - - [29/Mar/2015:07:50:07 +0000] "GET /atleta/style_cell.css HTTP/1.1" 200 565 "http://atletica.me/atleta/328259" "Mozilla/5.0 (Windows NT 5.1; rv:36.0) Gecko/20100101 Firefox/36.0"
94.39.57.242 - - [29/Mar/2015:07:50:08 +0000] "GET /myjs/fondamenta.js HTTP/1.1" 200 4345 "http://atletica.me/atleta/328259" "Mozilla/5.0 (Windows NT 5.1; rv:36.0) Gecko/20100101 Firefox/36.0"
94.39.57.242 - - [29/Mar/2015:07:50:08 +0000] "GET /record/css/component.css HTTP/1.1" 200 1674 "http://atletica.me/atleta/328259" "Mozilla/5.0 (Windows NT 5.1; rv:36.0) Gecko/20100101 Firefox/36.0"
94.39.57.242 - - [29/Mar/2015:07:50:08 +0000] "GET /record/css/content.css HTTP/1.1" 200 2462 "http://atletica.me/atleta/328259" "Mozilla/5.0 (Windows NT 5.1; rv:36.0) Gecko/20100101 Firefox/36.0"
94.39.57.242 - - [29/Mar/2015:07:50:08 +0000] "GET /record/js/modernizr.custom.js HTTP/1.1" 200 4101 "http://atletica.me/atleta/328259" "Mozilla/5.0 (Windows NT 5.1; rv:36.0) Gecko/20100101 Firefox/36.0"
94.39.57.242 - - [29/Mar/2015:07:50:08 +0000] "GET /atleta/graph.js HTTP/1.1" 200 3160 "http://atletica.me/atleta/328259" "Mozilla/5.0 (Windows NT 5.1; rv:36.0) Gecko/20100101 Firefox/36.0"
94.39.57.242 - - [29/Mar/2015:07:50:08 +0000] "GET /atleta/myfun.js HTTP/1.1" 200 6785 "http://atletica.me/atleta/328259" "Mozilla/5.0 (Windows NT 5.1; rv:36.0) Gecko/20100101 Firefox/36.0"
94.39.57.242 - - [29/Mar/2015:07:50:08 +0000] "GET /myjs/ricerca.js HTTP/1.1" 200 644 "http://atletica.me/atleta/328259" "Mozilla/5.0 (Windows NT 5.1; rv:36.0) Gecko/20100101 Firefox/36.0"
94.39.57.242 - - [29/Mar/2015:07:50:08 +0000] "GET /myjs/login.js HTTP/1.1" 200 1504 "http://atletica.me/atleta/328259" "Mozilla/5.0 (Windows NT 5.1; rv:36.0) Gecko/20100101 Firefox/36.0"
94.39.57.242 - - [29/Mar/2015:07:50:08 +0000] "GET /record/js/classie.js HTTP/1.1" 200 1062 "http://atletica.me/atleta/328259" "Mozilla/5.0 (Windows NT 5.1; rv:36.0) Gecko/20100101 Firefox/36.0"
94.39.57.242 - - [29/Mar/2015:07:50:08 +0000] "GET /record/js/uiMorphingButton_fixed.js HTTP/1.1" 200 1703 "http://atletica.me/atleta/328259" "Mozilla/5.0 (Windows NT 5.1; rv:36.0) Gecko/20100101 Firefox/36.0"
94.39.57.242 - - [29/Mar/2015:07:50:08 +0000] "GET /ico/cancel/cancel-50.png HTTP/1.1" 200 548 "http://atletica.me/atleta/328259" "Mozilla/5.0 (Windows NT 5.1; rv:36.0) Gecko/20100101 Firefox/36.0"
94.39.57.242 - - [29/Mar/2015:07:50:09 +0000] "GET /ico/sent/sent-50.png HTTP/1.1" 200 962 "http://atletica.me/atleta/328259" "Mozilla/5.0 (Windows NT 5.1; rv:36.0) Gecko/20100101 Firefox/36.0"
94.39.57.242 - - [29/Mar/2015:07:50:09 +0000] "GET /ico/bug/bug-32.png HTTP/1.1" 200 962 "http://atletica.me/atleta/328259" "Mozilla/5.0 (Windows NT 5.1; rv:36.0) Gecko/20100101 Firefox/36.0"
94.39.57.242 - - [29/Mar/2015:07:50:09 +0000] "GET /ico/quote-32.png HTTP/1.1" 200 920 "http://atletica.me/atleta/328259" "Mozilla/5.0 (Windows NT 5.1; rv:36.0) Gecko/20100101 Firefox/36.0"
94.39.57.242 - - [29/Mar/2015:07:50:09 +0000] "GET /includephp/down4-32.png HTTP/1.1" 200 473 "http://atletica.me/atleta/328259" "Mozilla/5.0 (Windows NT 5.1; rv:36.0) Gecko/20100101 Firefox/36.0"
94.39.57.242 - - [29/Mar/2015:07:50:09 +0000] "GET /barra/home_icon_white.png HTTP/1.1" 200 1554 "http://atletica.me/atleta/328259" "Mozilla/5.0 (Windows NT 5.1; rv:36.0) Gecko/20100101 Firefox/36.0"
94.39.57.242 - - [29/Mar/2015:07:50:09 +0000] "GET /ico/search/search-100.png HTTP/1.1" 200 1343 "http://atletica.me/atleta/328259" "Mozilla/5.0 (Windows NT 5.1; rv:36.0) Gecko/20100101 Firefox/36.0"
94.39.57.242 - - [29/Mar/2015:07:50:09 +0000] "GET /ico/Registration/enter/enter-32.png HTTP/1.1" 200 556 "http://atletica.me/atleta/328259" "Mozilla/5.0 (Windows NT 5.1; rv:36.0) Gecko/20100101 Firefox/36.0"
94.39.57.242 - - [29/Mar/2015:07:50:09 +0000] "GET /barra/more_icon_black.png HTTP/1.1" 200 939 "http://atletica.me/atleta/328259" "Mozilla/5.0 (Windows NT 5.1; rv:36.0) Gecko/20100101 Firefox/36.0"
94.39.57.242 - - [29/Mar/2015:07:50:09 +0000] "GET /ico/social/min/face.png HTTP/1.1" 200 893 "http://atletica.me/atleta/328259" "Mozilla/5.0 (Windows NT 5.1; rv:36.0) Gecko/20100101 Firefox/36.0"
94.39.57.242 - - [29/Mar/2015:07:50:10 +0000] "GET /ico/social/min/twitter.png HTTP/1.1" 200 895 "http://atletica.me/atleta/328259" "Mozilla/5.0 (Windows NT 5.1; rv:36.0) Gecko/20100101 Firefox/36.0"
94.39.57.242 - - [29/Mar/2015:07:50:10 +0000] "GET /ico/social/min/youtube.png HTTP/1.1" 200 897 "http://atletica.me/atleta/328259" "Mozilla/5.0 (Windows NT 5.1; rv:36.0) Gecko/20100101 Firefox/36.0"
151.18.187.34 - - [29/Mar/2015:07:50:12 +0000] "GET /atleta/66771 HTTP/1.1" 200 7084 "http://atletica.me/societa/1912" "Mozilla/5.0 (Linux; Android 4.4.2; it-it; SAMSUNG GT-I9301I Build/KOT49H) AppleWebKit/537.36 (KHTML, like Gecko) Version/1.5 Chrome/28.0.1500.94 Mobile Safari/537.36"
151.18.187.34 - - [29/Mar/2015:07:50:15 +0000] "GET /record/fonts/icomoon/icomoon.woff?i64fx9 HTTP/1.1" 302 530 "http://atletica.me/atleta/66771" "Mozilla/5.0 (Linux; Android 4.4.2; it-it; SAMSUNG GT-I9301I Build/KOT49H) AppleWebKit/537.36 (KHTML, like Gecko) Version/1.5 Chrome/28.0.1500.94 Mobile Safari/537.36"
151.18.187.34 - - [29/Mar/2015:07:50:16 +0000] "GET /record/fonts/icomoon/icomoon.ttf?i64fx9 HTTP/1.1" 302 529 "http://atletica.me/atleta/66771" "Mozilla/5.0 (Linux; Android 4.4.2; it-it; SAMSUNG GT-I9301I Build/KOT49H) AppleWebKit/537.36 (KHTML, like Gecko) Version/1.5 Chrome/28.0.1500.94 Mobile Safari/537.36"
151.18.187.34 - - [29/Mar/2015:07:50:16 +0000] "POST /atleta/aggiorna.php HTTP/1.1" 200 3109 "http://atletica.me/atleta/66771" "Mozilla/5.0 (Linux; Android 4.4.2; it-it; SAMSUNG GT-I9301I Build/KOT49H) AppleWebKit/537.36 (KHTML, like Gecko) Version/1.5 Chrome/28.0.1500.94 Mobile Safari/537.36"
151.18.187.34 - - [29/Mar/2015:07:50:16 +0000] "GET /record/fonts/icomoon/icomoon.svg?i64fx9 HTTP/1.1" 302 530 "http://atletica.me/atleta/66771" "Mozilla/5.0 (Linux; Android 4.4.2; it-it; SAMSUNG GT-I9301I Build/KOT49H) AppleWebKit/537.36 (KHTML, like Gecko) Version/1.5 Chrome/28.0.1500.94 Mobile Safari/537.36"
84.76.196.251 - - [29/Mar/2015:07:50:19 +0000] "GET /api/1.0/jade.js HTTP/1.1" 200 5009 "http://www.atletipercaso.net/16969/news-bufera-sullaccordo-nike-gatlin-gli-atleti-sponsorizzare-un-ex-dopato-uccide-latletica" "Mozilla/5.0 (Windows NT 5.1) AppleWebKit/537.36 (KHTML, like Gecko) Chrome/41.0.2272.101 Safari/537.36"
84.76.196.251 - - [29/Mar/2015:07:50:19 +0000] "GET /api/1.0/jade.css HTTP/1.1" 200 1757 "http://www.atletipercaso.net/16969/news-bufera-sullaccordo-nike-gatlin-gli-atleti-sponsorizzare-un-ex-dopato-uccide-latletica" "Mozilla/5.0 (Windows NT 5.1) AppleWebKit/537.36 (KHTML, like Gecko) Chrome/41.0.2272.101 Safari/537.36"
94.39.57.242 - - [29/Mar/2015:07:50:22 +0000] "POST /atleta/aggiorna.php HTTP/1.1" 200 586 "http://atletica.me/atleta/328259" "Mozilla/5.0 (Windows NT 5.1; rv:36.0) Gecko/20100101 Firefox/36.0"
66.249.78.113 - - [29/Mar/2015:07:50:46 +0000] "GET /confronto/index.php?atletaUno=84315&atletaDue=153540 HTTP/1.1" 200 5605 "-" "Mozilla/5.0 (compatible; Googlebot/2.1; +http://www.google.com/bot.html)"
5.90.138.216 - - [29/Mar/2015:07:50:54 +0000] "GET /api/1.0/jade.css HTTP/1.1" 200 1757 "http://www.atletipercaso.net/5623/stadio-della-farnesina-roma" "Mozilla/5.0 (Linux; Android 4.4.2; it-it; SAMSUNG GT-I9195/I9195XXUCNJ6 Build/KOT49H) AppleWebKit/537.36 (KHTML, like Gecko) Version/1.5 Chrome/28.0.1500.94 Mobile Safari/537.36"
5.90.138.216 - - [29/Mar/2015:07:50:54 +0000] "GET /api/1.0/jade.js HTTP/1.1" 200 5009 "http://www.atletipercaso.net/5623/stadio-della-farnesina-roma" "Mozilla/5.0 (Linux; Android 4.4.2; it-it; SAMSUNG GT-I9195/I9195XXUCNJ6 Build/KOT49H) AppleWebKit/537.36 (KHTML, like Gecko) Version/1.5 Chrome/28.0.1500.94 Mobile Safari/537.36"
5.90.138.216 - - [29/Mar/2015:07:51:17 +0000] "-" 408 0 "-" "-"
159.245.16.100 - - [29/Mar/2015:07:51:19 +0000] "GET /myjs/ricerca.js HTTP/1.1" 304 211 "-" "Mozilla/4.0 (compatible;)"
66.249.78.120 - - [29/Mar/2015:07:51:56 +0000] "GET /confronto/index.php?atletaUno=93883&atletaDue=59074 HTTP/1.1" 200 5549 "-" "Mozilla/5.0 (compatible; Googlebot/2.1; +http://www.google.com/bot.html)"
66.249.78.120 - - [29/Mar/2015:07:53:06 +0000] "GET /confronto/index.php?atletaUno=118958&atletaDue=5184 HTTP/1.1" 200 5533 "-" "Mozilla/5.0 (compatible; Googlebot/2.1; +http://www.google.com/bot.html)"
79.45.114.140 - - [29/Mar/2015:07:53:39 +0000] "GET /profilo/impo/ HTTP/1.1" 200 4240 "http://atletica.me/profilo/" "Mozilla/5.0 (Mobile; Windows Phone 8.1; Android 4.0; ARM; Trident/7.0; Touch; rv:11.0; IEMobile/11.0; NOKIA; Lumia 920) like iPhone OS 7_0_3 Mac OS X AppleWebKit/537 (KHTML, like Gecko) Mobile Safari/537"
79.45.114.140 - - [29/Mar/2015:07:53:40 +0000] "GET /profilo/impo/style_cell.css HTTP/1.1" 302 529 "http://atletica.me/profilo/impo/" "Mozilla/5.0 (Mobile; Windows Phone 8.1; Android 4.0; ARM; Trident/7.0; Touch; rv:11.0; IEMobile/11.0; NOKIA; Lumia 920) like iPhone OS 7_0_3 Mac OS X AppleWebKit/537 (KHTML, like Gecko) Mobile Safari/537"
79.45.114.140 - - [29/Mar/2015:07:53:41 +0000] "POST /profilo/impo/getListSegui.php HTTP/1.1" 200 432 "http://atletica.me/profilo/impo/" "Mozilla/5.0 (Mobile; Windows Phone 8.1; Android 4.0; ARM; Trident/7.0; Touch; rv:11.0; IEMobile/11.0; NOKIA; Lumia 920) like iPhone OS 7_0_3 Mac OS X AppleWebKit/537 (KHTML, like Gecko) Mobile Safari/537"
