79.45.114.140 - - [29/Mar/2015:07:53:41 +0000] "POST /includephp/auto-login.php HTTP/1.1" 200 440 "http://atletica.me/profilo/impo/" "Mozilla/5.0 (Mobile; Windows Phone 8.1; Android 4.0; ARM; Trident/7.0; Touch; rv:11.0; IEMobile/11.0; NOKIA; Lumia 920) like iPhone OS 7_0_3 Mac OS X AppleWebKit/537 (KHTML, like Gecko) Mobile Safari/537"
93.41.208.32 - - [29/Mar/2015:07:53:54 +0000] "GET /api/1.0/jade.css HTTP/1.1" 200 1757 "http://www.atletipercaso.net/4660/stadio-casal-del-marmo-roma" "Mozilla/5.0 (iPad; CPU OS 8_2 like Mac OS X) AppleWebKit/600.1.4 (KHTML, like Gecko) Version/8.0 Mobile/12D508 Safari/600.1.4"
93.41.208.32 - - [29/Mar/2015:07:53:54 +0000] "GET /api/1.0/jade.js HTTP/1.1" 200 5009 "http://www.atletipercaso.net/4660/stadio-casal-del-marmo-roma" "Mozilla/5.0 (iPad; CPU OS 8_2 like Mac OS X) AppleWebKit/600.1.4 (KHTML, like Gecko) Version/8.0 Mobile/12D508 Safari/600.1.4"
66.249.78.127 - - [29/Mar/2015:07:54:15 +0000] "GET /confronto/index.php?atletaUno=102864&atletaDue=58007 HTTP/1.1" 200 5547 "-" "Mozilla/5.0 (compatible; Googlebot/2.1; +http://www.google.com/bot.html)"
151.47.128.37 - - [29/Mar/2015:07:54:32 +0000] "GET /confronto/index.php?atletaUno=35056&atletaDue=151263 HTTP/1.1" 200 5523 "http://www.google.it/" "Mozilla/5.0 (Linux; Android 4.4.2; GT-I9195 Build/KOT49H) AppleWebKit/537.36 (KHTML, like Gecko) Chrome/41.0.2272.96 Mobile Safari/537.36"
151.47.128.37 - - [29/Mar/2015:07:54:33 +0000] "GET /css/fondamenta.css HTTP/1.1" 200 4735 "http://www.google.it/" "Mozilla/5.0 (Linux; Android 4.4.2; GT-I9195 Build/KOT49H) AppleWebKit/537.36 (KHTML, like Gecko) Chrome/41.0.2272.96 Mobile Safari/537.36"
151.47.128.37 - - [29/Mar/2015:07:54:33 +0000] "GET /confronto/style.css HTTP/1.1" 200 3430 "http://www.google.it/" "Mozilla/5.0 (Linux; Android 4.4.2; GT-I9195 Build/KOT49H) AppleWebKit/537.36 (KHTML, like Gecko) Chrome/41.0.2272.96 Mobile Safari/537.36"
151.47.128.37 - - [29/Mar/2015:07:54:33 +0000] "GET /confronto/style_cell.css HTTP/1.1" 200 817 "http://www.google.it/" "Mozilla/5.0 (Linux; Android 4.4.2; GT-I9195 Build/KOT49H) AppleWebKit/537.36 (KHTML, like Gecko) Chrome/41.0.2272.96 Mobile Safari/537.36"
151.47.128.37 - - [29/Mar/2015:07:54:33 +0000] "GET /atleta/style.css HTTP/1.1" 200 4778 "http://www.google.it/" "Mozilla/5.0 (Linux; Android 4.4.2; GT-I9195 Build/KOT49H) AppleWebKit/537.36 (KHTML, like Gecko) Chrome/41.0.2272.96 Mobile Safari/537.36"
151.47.128.37 - - [29/Mar/2015:07:54:33 +0000] "GET /confronto/atleta/style_cell.css HTTP/1.1" 302 530 "http://www.google.it/" "Mozilla/5.0 (Linux; Android 4.4.2; GT-I9195 Build/KOT49H) AppleWebKit/537.36 (KHTML, like Gecko) Chrome/41.0.2272.96 Mobile Safari/537.36"
151.47.128.37 - - [29/Mar/2015:07:54:33 +0000] "GET /record/css/component.css HTTP/1.1" 200 1674 "http://www.google.it/" "Mozilla/5.0 (Linux; Android 4.4.2; GT-I9195 Build/KOT49H) AppleWebKit/537.36 (KHTML, like Gecko) Chrome/41.0.2272.96 Mobile Safari/537.36"
151.47.128.37 - - [29/Mar/2015:07:54:33 +0000] "GET /record/css/content.css HTTP/1.1" 200 2461 "http://www.google.it/" "Mozilla/5.0 (Linux; Android 4.4.2; GT-I9195 Build/KOT49H) AppleWebKit/537.36 (KHTML, like Gecko) Chrome/41.0.2272.96 Mobile Safari/537.36"
151.47.128.37 - - [29/Mar/2015:07:54:33 +0000] "GET /myjs/fondamenta.js HTTP/1.1" 200 4344 "http://www.google.it/" "Mozilla/5.0 (Linux; Android 4.4.2; GT-I9195 Build/KOT49H) AppleWebKit/537.36 (KHTML, like Gecko) Chrome/41.0.2272.96 Mobile Safari/537.36"
151.47.128.37 - - [29/Mar/2015:07:54:33 +0000] "GET /record/js/modernizr.custom.js HTTP/1.1" 200 4101 "http://www.google.it/" "Mozilla/5.0 (Linux; Android 4.4.2; GT-I9195 Build/KOT49H) AppleWebKit/537.36 (KHTML, like Gecko) Chrome/41.0.2272.96 Mobile Safari/537.36"
151.47.128.37 - - [29/Mar/2015:07:54:33 +0000] "GET /confronto/myfun_clean.js HTTP/1.1" 200 9121 "http://www.google.it/" "Mozilla/5.0 (Linux; Android 4.4.2; GT-I9195 Build/KOT49H) AppleWebKit/537.36 (KHTML, like Gecko) Chrome/41.0.2272.96 Mobile Safari/537.36"
151.47.128.37 - - [29/Mar/2015:07:54:33 +0000] "GET /myjs/ricerca.js HTTP/1.1" 200 644 "http://www.google.it/" "Mozilla/5.0 (Linux; Android 4.4.2; GT-I9195 Build/KOT49H) AppleWebKit/537.36 (KHTML, like Gecko) Chrome/41.0.2272.96 Mobile Safari/537.36"
151.47.128.37 - - [29/Mar/2015:07:54:33 +0000] "GET /myjs/login.js HTTP/1.1" 200 1504 "http://www.google.it/" "Mozilla/5.0 (Linux; Android 4.4.2; GT-I9195 Build/KOT49H) AppleWebKit/537.36 (KHTML, like Gecko) Chrome/41.0.2272.96 Mobile Safari/537.36"
151.47.128.37 - - [29/Mar/2015:07:54:34 +0000] "GET /ico/cancel/cancel-50.png HTTP/1.1" 200 548 "http://www.google.it/" "Mozilla/5.0 (Linux; Android 4.4.2; GT-I9195 Build/KOT49H) AppleWebKit/537.36 (KHTML, like Gecko) Chrome/41.0.2272.96 Mobile Safari/537.36"
151.47.128.37 - - [29/Mar/2015:07:54:34 +0000] "GET /404/ HTTP/1.1" 200 1217 "http://www.google.it/" "Mozilla/5.0 (Linux; Android 4.4.2; GT-I9195 Build/KOT49H) AppleWebKit/537.36 (KHTML, like Gecko) Chrome/41.0.2272.96 Mobile Safari/537.36"
151.47.128.37 - - [29/Mar/2015:07:54:34 +0000] "GET /ico/sent/sent-50.png HTTP/1.1" 200 962 "http://www.google.it/" "Mozilla/5.0 (Linux; Android 4.4.2; GT-I9195 Build/KOT49H) AppleWebKit/537.36 (KHTML, like Gecko) Chrome/41.0.2272.96 Mobile Safari/537.36"
151.47.128.37 - - [29/Mar/2015:07:54:34 +0000] "GET /ico/bug/bug-32.png HTTP/1.1" 200 962 "http://www.google.it/" "Mozilla/5.0 (Linux; Android 4.4.2; GT-I9195 Build/KOT49H) AppleWebKit/537.36 (KHTML, like Gecko) Chrome/41.0.2272.96 Mobile Safari/537.36"
151.47.128.37 - - [29/Mar/2015:07:54:34 +0000] "GET /includephp/down4-32.png HTTP/1.1" 200 473 "http://www.google.it/" "Mozilla/5.0 (Linux; Android 4.4.2; GT-I9195 Build/KOT49H) AppleWebKit/537.36 (KHTML, like Gecko) Chrome/41.0.2272.96 Mobile Safari/537.36"
151.47.128.37 - - [29/Mar/2015:07:54:34 +0000] "GET /ico/quote-32.png HTTP/1.1" 200 920 "http://www.google.it/" "Mozilla/5.0 (Linux; Android 4.4.2; GT-I9195 Build/KOT49H) AppleWebKit/537.36 (KHTML, like Gecko) Chrome/41.0.2272.96 Mobile Safari/537.36"
151.47.128.37 - - [29/Mar/2015:07:54:34 +0000] "GET /ico/Registration/enter/enter-32.png HTTP/1.1" 200 556 "http://www.google.it/" "Mozilla/5.0 (Linux; Android 4.4.2; GT-I9195 Build/KOT49H) AppleWebKit/537.36 (KHTML, like Gecko) Chrome/41.0.2272.96 Mobile Safari/537.36"
151.47.128.37 - - [29/Mar/2015:07:54:34 +0000] "GET /barra/home_icon_white.png HTTP/1.1" 200 1554 "http://www.google.it/" "Mozilla/5.0 (Linux; Android 4.4.2; GT-I9195 Build/KOT49H) AppleWebKit/537.36 (KHTML, like Gecko) Chrome/41.0.2272.96 Mobile Safari/537.36"
151.47.128.37 - - [29/Mar/2015:07:54:34 +0000] "GET /barra/more_icon_black.png HTTP/1.1" 200 939 "http://www.google.it/" "Mozilla/5.0 (Linux; Android 4.4.2; GT-I9195 Build/KOT49H) AppleWebKit/537.36 (KHTML, like Gecko) Chrome/41.0.2272.96 Mobile Safari/537.36"
151.47.128.37 - - [29/Mar/2015:07:54:34 +0000] "GET /ico/search/search-100.png HTTP/1.1" 200 1343 "http://www.google.it/" "Mozilla/5.0 (Linux; Android 4.4.2; GT-I9195 Build/KOT49H) AppleWebKit/537.36 (KHTML, like Gecko) Chrome/41.0.2272.96 Mobile Safari/537.36"
151.47.128.37 - - [29/Mar/2015:07:54:34 +0000] "GET /ico/social/min/face.png HTTP/1.1" 200 893 "http://www.google.it/" "Mozilla/5.0 (Linux; Android 4.4.2; GT-I9195 Build/KOT49H) AppleWebKit/537.36 (KHTML, like Gecko) Chrome/41.0.2272.96 Mobile Safari/537.36"
151.47.128.37 - - [29/Mar/2015:07:54:34 +0000] "GET /ico/social/min/twitter.png HTTP/1.1" 200 895 "http://www.google.it/" "Mozilla/5.0 (Linux; Android 4.4.2; GT-I9195 Build/KOT49H) AppleWebKit/537.36 (KHTML, like Gecko) Chrome/41.0.2272.96 Mobile Safari/537.36"
151.47.128.37 - - [29/Mar/2015:07:54:34 +0000] "GET /ico/social/min/youtube.png HTTP/1.1" 200 897 "http://www.google.it/" "Mozilla/5.0 (Linux; Android 4.4.2; GT-I9195 Build/KOT49H) AppleWebKit/537.36 (KHTML, like Gecko) Chrome/41.0.2272.96 Mobile Safari/537.36"
151.47.128.37 - - [29/Mar/2015:07:54:36 +0000] "GET /img/pattern/skulls.png HTTP/1.1" 200 67029 "http://www.google.it/" "Mozilla/5.0 (Linux; Android 4.4.2; GT-I9195 Build/KOT49H) AppleWebKit/537.36 (KHTML, like Gecko) Chrome/41.0.2272.96 Mobile Safari/537.36"
151.47.128.37 - - [29/Mar/2015:07:54:36 +0000] "POST /confronto/engine/confronta.php HTTP/1.1" 200 2334 "http://www.google.it/" "Mozilla/5.0 (Linux; Android 4.4.2; GT-I9195 Build/KOT49H) AppleWebKit/537.36 (KHTML, like Gecko) Chrome/41.0.2272.96 Mobile Safari/537.36"
151.47.128.37 - - [29/Mar/2015:07:54:36 +0000] "POST /confronto/engine/get_pb_atleti.php HTTP/1.1" 200 752 "http://www.google.it/" "Mozilla/5.0 (Linux; Android 4.4.2; GT-I9195 Build/KOT49H) AppleWebKit/537.36 (KHTML, like Gecko) Chrome/41.0.2272.96 Mobile Safari/537.36"
207.46.13.6 - - [29/Mar/2015:07:54:37 +0000] "GET /instagram/noiAtleti HTTP/1.1" 200 5415 "-" "Mozilla/5.0 (compatible; bingbot/2.0; +http://www.bing.com/bingbot.htm)"
2.225.162.58 - - [29/Mar/2015:07:54:39 +0000] "GET /style_home.css HTTP/1.1" 200 3592 "https://www.google.it/" "Mozilla/5.0 (Linux; Android 4.4.2; GT-I9195 Build/KOT49H) AppleWebKit/537.36 (KHTML, like Gecko) Chrome/41.0.2272.96 Mobile Safari/537.36"
2.225.162.58 - - [29/Mar/2015:07:54:39 +0000] "GET /style_mob.css HTTP/1.1" 200 806 "https://www.google.it/" "Mozilla/5.0 (Linux; Android 4.4.2; GT-I9195 Build/KOT49H) AppleWebKit/537.36 (KHTML, like Gecko) Chrome/41.0.2272.96 Mobile Safari/537.36"
2.225.162.58 - - [29/Mar/2015:07:54:39 +0000] "GET / HTTP/1.1" 200 4313 "https://www.google.it/" "Mozilla/5.0 (Linux; Android 4.4.2; GT-I9195 Build/KOT49H) AppleWebKit/537.36 (KHTML, like Gecko) Chrome/41.0.2272.96 Mobile Safari/537.36"
2.225.162.58 - - [29/Mar/2015:07:54:39 +0000] "GET /myjs/login.js HTTP/1.1" 200 1505 "https://www.google.it/" "Mozilla/5.0 (Linux; Android 4.4.2; GT-I9195 Build/KOT49H) AppleWebKit/537.36 (KHTML, like Gecko) Chrome/41.0.2272.96 Mobile Safari/537.36"
151.47.128.37 - - [29/Mar/2015:07:54:39 +0000] "GET /ico/expand/expand1.png HTTP/1.1" 200 7265 "http://www.google.it/" "Mozilla/5.0 (Linux; Android 4.4.2; GT-I9195 Build/KOT49H) AppleWebKit/537.36 (KHTML, like Gecko) Chrome/41.0.2272.96 Mobile Safari/537.36"
2.225.162.58 - - [29/Mar/2015:07:54:39 +0000] "GET /ico/face_inv.png HTTP/1.1" 200 1000 "http://atletica.me/" "Mozilla/5.0 (Linux; Android 4.4.2; GT-I9195 Build/KOT49H) AppleWebKit/537.36 (KHTML, like Gecko) Chrome/41.0.2272.96 Mobile Safari/537.36"
2.225.162.58 - - [29/Mar/2015:07:54:39 +0000] "GET /ico/scorri.png HTTP/1.1" 200 693 "http://atletica.me/" "Mozilla/5.0 (Linux; Android 4.4.2; GT-I9195 Build/KOT49H) AppleWebKit/537.36 (KHTML, like Gecko) Chrome/41.0.2272.96 Mobile Safari/537.36"
2.225.162.58 - - [29/Mar/2015:07:54:39 +0000] "GET /ico/social/facebook.png HTTP/1.1" 200 1168 "http://atletica.me/" "Mozilla/5.0 (Linux; Android 4.4.2; GT-I9195 Build/KOT49H) AppleWebKit/537.36 (KHTML, like Gecko) Chrome/41.0.2272.96 Mobile Safari/537.36"
2.225.162.58 - - [29/Mar/2015:07:54:39 +0000] "GET /img/iphone_mini.png HTTP/1.1" 200 55712 "http://atletica.me/" "Mozilla/5.0 (Linux; Android 4.4.2; GT-I9195 Build/KOT49H) AppleWebKit/537.36 (KHTML, like Gecko) Chrome/41.0.2272.96 Mobile Safari/537.36"
2.225.162.58 - - [29/Mar/2015:07:54:39 +0000] "GET /ico/so/android.png HTTP/1.1" 200 1177 "http://atletica.me/" "Mozilla/5.0 (Linux; Android 4.4.2; GT-I9195 Build/KOT49H) AppleWebKit/537.36 (KHTML, like Gecko) Chrome/41.0.2272.96 Mobile Safari/537.36"
66.249.78.127 - - [29/Mar/2015:07:54:39 +0000] "POST /confronto/engine/get_pb_atleti.php HTTP/1.1" 200 812 "http://atletica.me/confronto/index.php?atletaUno=127253&atletaDue=36735" "Mozilla/5.0 (compatible; Googlebot/2.1; +http://www.google.com/bot.html)"
2.225.162.58 - - [29/Mar/2015:07:54:39 +0000] "GET /ico/social/min/youtube.png HTTP/1.1" 200 897 "http://atletica.me/" "Mozilla/5.0 (Linux; Android 4.4.2; GT-I9195 Build/KOT49H) AppleWebKit/537.36 (KHTML, like Gecko) Chrome/41.0.2272.96 Mobile Safari/537.36"
2.225.162.58 - - [29/Mar/2015:07:54:39 +0000] "GET /ico/so/ios.png HTTP/1.1" 200 1347 "http://atletica.me/" "Mozilla/5.0 (Linux; Android 4.4.2; GT-I9195 Build/KOT49H) AppleWebKit/537.36 (KHTML, like Gecko) Chrome/41.0.2272.96 Mobile Safari/537.36"
2.225.162.58 - - [29/Mar/2015:07:54:39 +0000] "GET /ico/social/min/face.png HTTP/1.1" 200 894 "http://atletica.me/" "Mozilla/5.0 (Linux; Android 4.4.2; GT-I9195 Build/KOT49H) AppleWebKit/537.36 (KHTML, like Gecko) Chrome/41.0.2272.96 Mobile Safari/537.36"
2.225.162.58 - - [29/Mar/2015:07:54:39 +0000] "GET /ico/social/min/twitter.png HTTP/1.1" 200 896 "http://atletica.me/" "Mozilla/5.0 (Linux; Android 4.4.2; GT-I9195 Build/KOT49H) AppleWebKit/537.36 (KHTML, like Gecko) Chrome/41.0.2272.96 Mobile Safari/537.36"
2.225.162.58 - - [29/Mar/2015:07:54:40 +0000] "GET /img/height_jump.jpg HTTP/1.1" 200 47110 "http://atletica.me/style_home.css" "Mozilla/5.0 (Linux; Android 4.4.2; GT-I9195 Build/KOT49H) AppleWebKit/537.36 (KHTML, like Gecko) Chrome/41.0.2272.96 Mobile Safari/537.36"
2.225.162.58 - - [29/Mar/2015:07:54:40 +0000] "GET /img/chi_siamo/chi_siamo_mini.jpg HTTP/1.1" 200 53298 "http://atletica.me/style_home.css" "Mozilla/5.0 (Linux; Android 4.4.2; GT-I9195 Build/KOT49H) AppleWebKit/537.36 (KHTML, like Gecko) Chrome/41.0.2272.96 Mobile Safari/537.36"
66.249.78.120 - - [29/Mar/2015:07:54:40 +0000] "POST /confronto/engine/confronta.php HTTP/1.1" 200 1870 "http://atletica.me/confronto/index.php?atletaUno=127253&atletaDue=36735" "Mozilla/5.0 (compatible; Googlebot/2.1; +http://www.google.com/bot.html)"
66.249.78.120 - - [29/Mar/2015:07:54:41 +0000] "POST /confronto/engine/confronta.php HTTP/1.1" 200 1404 "http://atletica.me/confronto/index.php?atletaUno=115000&atletaDue=115024" "Mozilla/5.0 (compatible; Googlebot/2.1; +http://www.google.com/bot.html)"
2.225.162.58 - - [29/Mar/2015:07:54:41 +0000] "GET /ico/favicon.png HTTP/1.1" 200 19427 "-" "Mozilla/5.0 (Linux; Android 4.4.2; GT-I9195 Build/KOT49H) AppleWebKit/537.36 (KHTML, like Gecko) Chrome/41.0.2272.96 Mobile Safari/537.36"
66.249.78.120 - - [29/Mar/2015:07:54:42 +0000] "POST /confronto/engine/get_pb_atleti.php HTTP/1.1" 200 670 "http://atletica.me/confronto/index.php?atletaUno=115000&atletaDue=115024" "Mozilla/5.0 (compatible; Googlebot/2.1; +http://www.google.com/bot.html)"
151.47.128.37 - - [29/Mar/2015:07:54:46 +0000] "GET /ico/favicon.png HTTP/1.1" 200 19428 "http://www.google.it/" "Mozilla/5.0 (Linux; Android 4.4.2; GT-I9195 Build/KOT49H) AppleWebKit/537.36 (KHTML, like Gecko) Chrome/41.0.2272.96 Mobile Safari/537.36"
2.225.162.58 - - [29/Mar/2015:07:54:54 +0000] "POST /includephp/auto-login.php HTTP/1.1" 200 438 "http://atletica.me/" "Mozilla/5.0 (Linux; Android 4.4.2; GT-I9195 Build/KOT49H) AppleWebKit/537.36 (KHTML, like Gecko) Chrome/41.0.2272.96 Mobile Safari/537.36"
2.225.162.58 - - [29/Mar/2015:07:54:54 +0000] "GET /profilo/ HTTP/1.1" 200 4206 "http://atletica.me/" "Mozilla/5.0 (Linux; Android 4.4.2; GT-I9195 Build/KOT49H) AppleWebKit/537.36 (KHTML, like Gecko) Chrome/41.0.2272.96 Mobile Safari/537.36"
2.225.162.58 - - [29/Mar/2015:07:54:54 +0000] "GET /css/profiloGen.css HTTP/1.1" 200 838 "http://atletica.me/profilo/" "Mozilla/5.0 (Linux; Android 4.4.2; GT-I9195 Build/KOT49H) AppleWebKit/537.36 (KHTML, like Gecko) Chrome/41.0.2272.96 Mobile Safari/537.36"
2.225.162.58 - - [29/Mar/2015:07:54:54 +0000] "GET /css/fondamenta.css HTTP/1.1" 200 4735 "http://atletica.me/profilo/" "Mozilla/5.0 (Linux; Android 4.4.2; GT-I9195 Build/KOT49H) AppleWebKit/537.36 (KHTML, like Gecko) Chrome/41.0.2272.96 Mobile Safari/537.36"
2.225.162.58 - - [29/Mar/2015:07:54:54 +0000] "GET /profilo/style.css HTTP/1.1" 200 1876 "http://atletica.me/profilo/" "Mozilla/5.0 (Linux; Android 4.4.2; GT-I9195 Build/KOT49H) AppleWebKit/537.36 (KHTML, like Gecko) Chrome/41.0.2272.96 Mobile Safari/537.36"
2.225.162.58 - - [29/Mar/2015:07:54:54 +0000] "GET /profilo/style_cell.css HTTP/1.1" 302 530 "http://atletica.me/profilo/" "Mozilla/5.0 (Linux; Android 4.4.2; GT-I9195 Build/KOT49H) AppleWebKit/537.36 (KHTML, like Gecko) Chrome/41.0.2272.96 Mobile Safari/537.36"
2.225.162.58 - - [29/Mar/2015:07:54:54 +0000] "GET /myjs/fondamenta.js HTTP/1.1" 200 4345 "http://atletica.me/profilo/" "Mozilla/5.0 (Linux; Android 4.4.2; GT-I9195 Build/KOT49H) AppleWebKit/537.36 (KHTML, like Gecko) Chrome/41.0.2272.96 Mobile Safari/537.36"
2.225.162.58 - - [29/Mar/2015:07:54:54 +0000] "GET /profilo/funzioni_profilo.js HTTP/1.1" 200 4635 "http://atletica.me/profilo/" "Mozilla/5.0 (Linux; Android 4.4.2; GT-I9195 Build/KOT49H) AppleWebKit/537.36 (KHTML, like Gecko) Chrome/41.0.2272.96 Mobile Safari/537.36"
2.225.162.58 - - [29/Mar/2015:07:54:54 +0000] "GET /ico/cancel/cancel-50.png HTTP/1.1" 200 549 "http://atletica.me/profilo/" "Mozilla/5.0 (Linux; Android 4.4.2; GT-I9195 Build/KOT49H) AppleWebKit/537.36 (KHTML, like Gecko) Chrome/41.0.2272.96 Mobile Safari/537.36"
2.225.162.58 - - [29/Mar/2015:07:54:54 +0000] "GET /ico/sent/sent-50.png HTTP/1.1" 200 962 "http://atletica.me/profilo/" "Mozilla/5.0 (Linux; Android 4.4.2; GT-I9195 Build/KOT49H) AppleWebKit/537.36 (KHTML, like Gecko) Chrome/41.0.2272.96 Mobile Safari/537.36"
2.225.162.58 - - [29/Mar/2015:07:54:54 +0000] "GET /includephp/down4-32.png HTTP/1.1" 200 473 "http://atletica.me/profilo/" "Mozilla/5.0 (Linux; Android 4.4.2; GT-I9195 Build/KOT49H) AppleWebKit/537.36 (KHTML, like Gecko) Chrome/41.0.2272.96 Mobile Safari/537.36"
2.225.162.58 - - [29/Mar/2015:07:54:54 +0000] "GET /ico/bug/bug-32.png HTTP/1.1" 200 962 "http://atletica.me/profilo/" "Mozilla/5.0 (Linux; Android 4.4.2; GT-I9195 Build/KOT49H) AppleWebKit/537.36 (KHTML, like Gecko) Chrome/41.0.2272.96 Mobile Safari/537.36"
2.225.162.58 - - [29/Mar/2015:07:54:54 +0000] "GET /ico/quote-32.png HTTP/1.1" 200 920 "http://atletica.me/profilo/" "Mozilla/5.0 (Linux; Android 4.4.2; GT-I9195 Build/KOT49H) AppleWebKit/537.36 (KHTML, like Gecko) Chrome/41.0.2272.96 Mobile Safari/537.36"
2.225.162.58 - - [29/Mar/2015:07:54:54 +0000] "GET /barra/home_icon_white.png HTTP/1.1" 200 1554 "http://atletica.me/profilo/" "Mozilla/5.0 (Linux; Android 4.4.2; GT-I9195 Build/KOT49H) AppleWebKit/537.36 (KHTML, like Gecko) Chrome/41.0.2272.96 Mobile Safari/537.36"
2.225.162.58 - - [29/Mar/2015:07:54:54 +0000] "GET /ico/search/search-100.png HTTP/1.1" 200 1343 "http://atletica.me/profilo/" "Mozilla/5.0 (Linux; Android 4.4.2; GT-I9195 Build/KOT49H) AppleWebKit/537.36 (KHTML, like Gecko) Chrome/41.0.2272.96 Mobile Safari/537.36"
2.225.162.58 - - [29/Mar/2015:07:54:54 +0000] "GET /barra/more_icon_black.png HTTP/1.1" 200 939 "http://atletica.me/profilo/" "Mozilla/5.0 (Linux; Android 4.4.2; GT-I9195 Build/KOT49H) AppleWebKit/537.36 (KHTML, like Gecko) Chrome/41.0.2272.96 Mobile Safari/537.36"
2.225.162.58 - - [29/Mar/2015:07:54:54 +0000] "GET /ico/profilo/home.png HTTP/1.1" 200 3184 "http://atletica.me/profilo/" "Mozilla/5.0 (Linux; Android 4.4.2; GT-I9195 Build/KOT49H) AppleWebKit/537.36 (KHTML, like Gecko) Chrome/41.0.2272.96 Mobile Safari/537.36"
2.225.162.58 - - [29/Mar/2015:07:54:54 +0000] "GET /404/ HTTP/1.1" 200 1217 "http://atletica.me/profilo/" "Mozilla/5.0 (Linux; Android 4.4.2; GT-I9195 Build/KOT49H) AppleWebKit/537.36 (KHTML, like Gecko) Chrome/41.0.2272.96 Mobile Safari/537.36"
2.225.162.58 - - [29/Mar/2015:07:54:54 +0000] "GET /ico/profilo/risultati.png HTTP/1.1" 200 3207 "http://atletica.me/profilo/" "Mozilla/5.0 (Linux; Android 4.4.2; GT-I9195 Build/KOT49H) AppleWebKit/537.36 (KHTML, like Gecko) Chrome/41.0.2272.96 Mobile Safari/537.36"
2.225.162.58 - - [29/Mar/2015:07:54:54 +0000] "GET /ico/profilo/setting.png HTTP/1.1" 200 3356 "http://atletica.me/profilo/" "Mozilla/5.0 (Linux; Android 4.4.2; GT-I9195 Build/KOT49H) AppleWebKit/537.36 (KHTML, like Gecko) Chrome/41.0.2272.96 Mobile Safari/537.36"
2.225.162.58 - - [29/Mar/2015:07:54:54 +0000] "GET /profilo/expand-25.png HTTP/1.1" 200 512 "http://atletica.me/profilo/" "Mozilla/5.0 (Linux; Android 4.4.2; GT-I9195 Build/KOT49H) AppleWebKit/537.36 (KHTML, like Gecko) Chrome/41.0.2272.96 Mobile Safari/537.36"
2.225.162.58 - - [29/Mar/2015:07:54:54 +0000] "GET /profilo/align_left-25.png HTTP/1.1" 200 413 "http://atletica.me/profilo/" "Mozilla/5.0 (Linux; Android 4.4.2; GT-I9195 Build/KOT49H) AppleWebKit/537.36 (KHTML, like Gecko) Chrome/41.0.2272.96 Mobile Safari/537.36"
2.225.162.58 - - [29/Mar/2015:07:54:55 +0000] "POST /profilo/getNotizie.php HTTP/1.1" 200 1508 "http://atletica.me/profilo/" "Mozilla/5.0 (Linux; Android 4.4.2; GT-I9195 Build/KOT49H) AppleWebKit/537.36 (KHTML, like Gecko) Chrome/41.0.2272.96 Mobile Safari/537.36"
151.29.252.154 - - [29/Mar/2015:07:54:57 +0000] "GET /api/1.0/jade.js HTTP/1.1" 200 5009 "http://www.atletipercaso.net/16969/news-bufera-sullaccordo-nike-gatlin-gli-atleti-sponsorizzare-un-ex-dopato-uccide-latletica" "Mozilla/5.0 (Linux; U; Android 4.3; it-it; GT-I9300 Build/JSS15J) AppleWebKit/534.30 (KHTML, like Gecko) Version/4.0 Mobile Safari/534.30"
151.29.252.154 - - [29/Mar/2015:07:54:57 +0000] "GET /api/1.0/jade.css HTTP/1.1" 200 1757 "http://www.atletipercaso.net/16969/news-bufera-sullaccordo-nike-gatlin-gli-atleti-sponsorizzare-un-ex-dopato-uccide-latletica" "Mozilla/5.0 (Linux; U; Android 4.3; it-it; GT-I9300 Build/JSS15J) AppleWebKit/534.30 (KHTML, like Gecko) Version/4.0 Mobile Safari/534.30"
80.180.96.120 - - [29/Mar/2015:07:55:15 +0000] "GET /api/1.0/jade.css HTTP/1.1" 200 1757 "http://www.atletipercaso.net/tag/campionati-italiani" "Mozilla/5.0 (Windows NT 6.1; WOW64) AppleWebKit/537.36 (KHTML, like Gecko) Chrome/41.0.2272.101 Safari/537.36"
80.180.96.120 - - [29/Mar/2015:07:55:15 +0000] "GET /api/1.0/jade.js HTTP/1.1" 200 5009 "http://www.atletipercaso.net/tag/campionati-italiani" "Mozilla/5.0 (Windows NT 6.1; WOW64) AppleWebKit/537.36 (KHTML, like Gecko) Chrome/41.0.2272.101 Safari/537.36"
2.225.162.58 - - [29/Mar/2015:07:55:15 +0000] "GET /atleta HTTP/1.1" 301 550 "http://atletica.me/profilo/" "Mozilla/5.0 (Linux; Android 4.4.2; GT-I9195 Build/KOT49H) AppleWebKit/537.36 (KHTML, like Gecko) Chrome/41.0.2272.96 Mobile Safari/537.36"
2.225.162.58 - - [29/Mar/2015:07:55:15 +0000] "GET /atleta/ HTTP/1.1" 200 5391 "http://atletica.me/profilo/" "Mozilla/5.0 (Linux; Android 4.4.2; GT-I9195 Build/KOT49H) AppleWebKit/537.36 (KHTML, like Gecko) Chrome/41.0.2272.96 Mobile Safari/537.36"
2.225.162.58 - - [29/Mar/2015:07:55:16 +0000] "GET /atleta/style.css HTTP/1.1" 200 4777 "http://atletica.me/atleta/" "Mozilla/5.0 (Linux; Android 4.4.2; GT-I9195 Build/KOT49H) AppleWebKit/537.36 (KHTML, like Gecko) Chrome/41.0.2272.96 Mobile Safari/537.36"
2.225.162.58 - - [29/Mar/2015:07:55:16 +0000] "GET /atleta/style_cell.css HTTP/1.1" 200 565 "http://atletica.me/atleta/" "Mozilla/5.0 (Linux; Android 4.4.2; GT-I9195 Build/KOT49H) AppleWebKit/537.36 (KHTML, like Gecko) Chrome/41.0.2272.96 Mobile Safari/537.36"
2.225.162.58 - - [29/Mar/2015:07:55:16 +0000] "GET /record/css/component.css HTTP/1.1" 200 1674 "http://atletica.me/atleta/" "Mozilla/5.0 (Linux; Android 4.4.2; GT-I9195 Build/KOT49H) AppleWebKit/537.36 (KHTML, like Gecko) Chrome/41.0.2272.96 Mobile Safari/537.36"
2.225.162.58 - - [29/Mar/2015:07:55:16 +0000] "GET /record/css/content.css HTTP/1.1" 200 2462 "http://atletica.me/atleta/" "Mozilla/5.0 (Linux; Android 4.4.2; GT-I9195 Build/KOT49H) AppleWebKit/537.36 (KHTML, like Gecko) Chrome/41.0.2272.96 Mobile Safari/537.36"
2.225.162.58 - - [29/Mar/2015:07:55:16 +0000] "GET /record/js/modernizr.custom.js HTTP/1.1" 200 4102 "http://atletica.me/atleta/" "Mozilla/5.0 (Linux; Android 4.4.2; GT-I9195 Build/KOT49H) AppleWebKit/537.36 (KHTML, like Gecko) Chrome/41.0.2272.96 Mobile Safari/537.36"
2.225.162.58 - - [29/Mar/2015:07:55:16 +0000] "GET /atleta/myfun.js HTTP/1.1" 200 6786 "http://atletica.me/atleta/" "Mozilla/5.0 (Linux; Android 4.4.2; GT-I9195 Build/KOT49H) AppleWebKit/537.36 (KHTML, like Gecko) Chrome/41.0.2272.96 Mobile Safari/537.36"
2.225.162.58 - - [29/Mar/2015:07:55:16 +0000] "GET /atleta/graph.js HTTP/1.1" 200 3160 "http://atletica.me/atleta/" "Mozilla/5.0 (Linux; Android 4.4.2; GT-I9195 Build/KOT49H) AppleWebKit/537.36 (KHTML, like Gecko) Chrome/41.0.2272.96 Mobile Safari/537.36"
2.225.162.58 - - [29/Mar/2015:07:55:16 +0000] "GET /myjs/ricerca.js HTTP/1.1" 200 644 "http://atletica.me/atleta/" "Mozilla/5.0 (Linux; Android 4.4.2; GT-I9195 Build/KOT49H) AppleWebKit/537.36 (KHTML, like Gecko) Chrome/41.0.2272.96 Mobile Safari/537.36"
2.225.162.58 - - [29/Mar/2015:07:55:16 +0000] "GET /record/js/classie.js HTTP/1.1" 200 1062 "http://atletica.me/atleta/" "Mozilla/5.0 (Linux; Android 4.4.2; GT-I9195 Build/KOT49H) AppleWebKit/537.36 (KHTML, like Gecko) Chrome/41.0.2272.96 Mobile Safari/537.36"
2.225.162.58 - - [29/Mar/2015:07:55:16 +0000] "GET /record/js/uiMorphingButton_fixed.js HTTP/1.1" 200 1703 "http://atletica.me/atleta/" "Mozilla/5.0 (Linux; Android 4.4.2; GT-I9195 Build/KOT49H) AppleWebKit/537.36 (KHTML, like Gecko) Chrome/41.0.2272.96 Mobile Safari/537.36"
5.170.83.124 - - [29/Mar/2015:07:55:17 +0000] "GET / HTTP/1.1" 200 4313 "http://www.google.it/url?sa=t&rct=j&q=atletica%20me&source=web&cd=1&ved=0CAwQFjAA&url=http%3A%2F%2Fatletica.me%2F&ei=4a8XVZyYI8SBywPf84GYCQ&usg=AFQjCNFVuuI5Hs7m1ZftFPOITvVLvUxrIg" "Mozilla/5.0 (iPad; CPU OS 8_2 like Mac OS X) AppleWebKit/600.1.4 (KHTML, like Gecko) GSA/5.2.43972 Mobile/12D508 Safari/600.1.4"
5.170.83.124 - - [29/Mar/2015:07:55:17 +0000] "GET /style_home.css HTTP/1.1" 200 3591 "http://atletica.me/" "Mozilla/5.0 (iPad; CPU OS 8_2 like Mac OS X) AppleWebKit/600.1.4 (KHTML, like Gecko) GSA/5.2.43972 Mobile/12D508 Safari/600.1.4"
5.170.83.124 - - [29/Mar/2015:07:55:17 +0000] "GET /ico/scorri.png HTTP/1.1" 200 694 "http://atletica.me/" "Mozilla/5.0 (iPad; CPU OS 8_2 like Mac OS X) AppleWebKit/600.1.4 (KHTML, like Gecko) GSA/5.2.43972 Mobile/12D508 Safari/600.1.4"
5.170.83.124 - - [29/Mar/2015:07:55:17 +0000] "GET /style_mob.css HTTP/1.1" 200 806 "http://atletica.me/" "Mozilla/5.0 (iPad; CPU OS 8_2 like Mac OS X) AppleWebKit/600.1.4 (KHTML, like Gecko) GSA/5.2.43972 Mobile/12D508 Safari/600.1.4"
5.170.83.124 - - [29/Mar/2015:07:55:17 +0000] "GET /img/iphone_mini.png HTTP/1.1" 200 55712 "http://atletica.me/" "Mozilla/5.0 (iPad; CPU OS 8_2 like Mac OS X) AppleWebKit/600.1.4 (KHTML, like Gecko) GSA/5.2.43972 Mobile/12D508 Safari/600.1.4"
5.170.83.124 - - [29/Mar/2015:07:55:17 +0000] "GET /ico/so/android.png HTTP/1.1" 200 1177 "http://atletica.me/" "Mozilla/5.0 (iPad; CPU OS 8_2 like Mac OS X) AppleWebKit/600.1.4 (KHTML, like Gecko) GSA/5.2.43972 Mobile/12D508 Safari/600.1.4"
5.170.83.124 - - [29/Mar/2015:07:55:17 +0000] "GET /ico/so/ios.png HTTP/1.1" 200 1347 "http://atletica.me/" "Mozilla/5.0 (iPad; CPU OS 8_2 like Mac OS X) AppleWebKit/600.1.4 (KHTML, like Gecko) GSA/5.2.43972 Mobile/12D508 Safari/600.1.4"
5.170.83.124 - - [29/Mar/2015:07:55:18 +0000] "GET /ico/social/facebook.png HTTP/1.1" 200 1169 "http://atletica.me/" "Mozilla/5.0 (iPad; CPU OS 8_2 like Mac OS X) AppleWebKit/600.1.4 (KHTML, like Gecko) GSA/5.2.43972 Mobile/12D508 Safari/600.1.4"
5.170.83.124 - - [29/Mar/2015:07:55:18 +0000] "GET /myjs/login.js HTTP/1.1" 200 1505 "http://atletica.me/" "Mozilla/5.0 (iPad; CPU OS 8_2 like Mac OS X) AppleWebKit/600.1.4 (KHTML, like Gecko) GSA/5.2.43972 Mobile/12D508 Safari/600.1.4"
5.170.83.124 - - [29/Mar/2015:07:55:18 +0000] "GET /ico/social/min/face.png HTTP/1.1" 200 893 "http://atletica.me/" "Mozilla/5.0 (iPad; CPU OS 8_2 like Mac OS X) AppleWebKit/600.1.4 (KHTML, like Gecko) GSA/5.2.43972 Mobile/12D508 Safari/600.1.4"
5.170.83.124 - - [29/Mar/2015:07:55:18 +0000] "GET /ico/social/min/twitter.png HTTP/1.1" 200 895 "http://atletica.me/" "Mozilla/5.0 (iPad; CPU OS 8_2 like Mac OS X) AppleWebKit/600.1.4 (KHTML, like Gecko) GSA/5.2.43972 Mobile/12D508 Safari/600.1.4"
5.170.83.124 - - [29/Mar/2015:07:55:18 +0000] "GET /ico/social/min/youtube.png HTTP/1.1" 200 897 "http://atletica.me/" "Mozilla/5.0 (iPad; CPU OS 8_2 like Mac OS X) AppleWebKit/600.1.4 (KHTML, like Gecko) GSA/5.2.43972 Mobile/12D508 Safari/600.1.4"
5.170.83.124 - - [29/Mar/2015:07:55:18 +0000] "GET /img/height_jump.jpg HTTP/1.1" 200 47110 "http://atletica.me/" "Mozilla/5.0 (iPad; CPU OS 8_2 like Mac OS X) AppleWebKit/600.1.4 (KHTML, like Gecko) GSA/5.2.43972 Mobile/12D508 Safari/600.1.4"
5.170.83.124 - - [29/Mar/2015:07:55:18 +0000] "GET /img/chi_siamo/chi_siamo_mini.jpg HTTP/1.1" 200 53298 "http://atletica.me/" "Mozilla/5.0 (iPad; CPU OS 8_2 like Mac OS X) AppleWebKit/600.1.4 (KHTML, like Gecko) GSA/5.2.43972 Mobile/12D508 Safari/600.1.4"
5.170.83.124 - - [29/Mar/2015:07:55:19 +0000] "GET /ico/face_inv.png HTTP/1.1" 200 1001 "http://atletica.me/" "Mozilla/5.0 (iPad; CPU OS 8_2 like Mac OS X) AppleWebKit/600.1.4 (KHTML, like Gecko) GSA/5.2.43972 Mobile/12D508 Safari/600.1.4"
5.170.83.124 - - [29/Mar/2015:07:55:19 +0000] "POST /includephp/auto-login.php HTTP/1.1" 200 440 "http://atletica.me/" "Mozilla/5.0 (iPad; CPU OS 8_2 like Mac OS X) AppleWebKit/600.1.4 (KHTML, like Gecko) GSA/5.2.43972 Mobile/12D508 Safari/600.1.4"
5.170.83.124 - - [29/Mar/2015:07:55:22 +0000] "GET /profilo HTTP/1.1" 301 555 "http://atletica.me/" "Mozilla/5.0 (iPad; CPU OS 8_2 like Mac OS X) AppleWebKit/600.1.4 (KHTML, like Gecko) GSA/5.2.43972 Mobile/12D508 Safari/600.1.4"
5.170.83.124 - - [29/Mar/2015:07:55:23 +0000] "GET /profilo/ HTTP/1.1" 200 4205 "http://atletica.me/" "Mozilla/5.0 (iPad; CPU OS 8_2 like Mac OS X) AppleWebKit/600.1.4 (KHTML, like Gecko) GSA/5.2.43972 Mobile/12D508 Safari/600.1.4"
5.170.83.124 - - [29/Mar/2015:07:55:23 +0000] "GET /css/profiloGen.css HTTP/1.1" 200 838 "http://atletica.me/profilo/" "Mozilla/5.0 (iPad; CPU OS 8_2 like Mac OS X) AppleWebKit/600.1.4 (KHTML, like Gecko) GSA/5.2.43972 Mobile/12D508 Safari/600.1.4"
2.225.162.58 - - [29/Mar/2015:07:55:23 +0000] "POST /atleta/sexy_list_selected.php HTTP/1.1" 200 293 "http://atletica.me/atleta/" "Mozilla/5.0 (Linux; Android 4.4.2; GT-I9195 Build/KOT49H) AppleWebKit/537.36 (KHTML, like Gecko) Chrome/41.0.2272.96 Mobile Safari/537.36"
5.170.83.124 - - [29/Mar/2015:07:55:23 +0000] "GET /ico/sent/sent-50.png HTTP/1.1" 200 962 "http://atletica.me/profilo/" "Mozilla/5.0 (iPad; CPU OS 8_2 like Mac OS X) AppleWebKit/600.1.4 (KHTML, like Gecko) GSA/5.2.43972 Mobile/12D508 Safari/600.1.4"
5.170.83.124 - - [29/Mar/2015:07:55:23 +0000] "GET /includephp/down4-32.png HTTP/1.1" 200 473 "http://atletica.me/profilo/" "Mozilla/5.0 (iPad; CPU OS 8_2 like Mac OS X) AppleWebKit/600.1.4 (KHTML, like Gecko) GSA/5.2.43972 Mobile/12D508 Safari/600.1.4"
5.170.83.124 - - [29/Mar/2015:07:55:23 +0000] "GET /ico/cancel/cancel-50.png HTTP/1.1" 200 549 "http://atletica.me/profilo/" "Mozilla/5.0 (iPad; CPU OS 8_2 like Mac OS X) AppleWebKit/600.1.4 (KHTML, like Gecko) GSA/5.2.43972 Mobile/12D508 Safari/600.1.4"
5.170.83.124 - - [29/Mar/2015:07:55:23 +0000] "GET /ico/bug/bug-32.png HTTP/1.1" 200 962 "http://atletica.me/profilo/" "Mozilla/5.0 (iPad; CPU OS 8_2 like Mac OS X) AppleWebKit/600.1.4 (KHTML, like Gecko) GSA/5.2.43972 Mobile/12D508 Safari/600.1.4"
5.170.83.124 - - [29/Mar/2015:07:55:23 +0000] "GET /profilo/funzioni_profilo.js HTTP/1.1" 200 4636 "http://atletica.me/profilo/" "Mozilla/5.0 (iPad; CPU OS 8_2 like Mac OS X) AppleWebKit/600.1.4 (KHTML, like Gecko) GSA/5.2.43972 Mobile/12D508 Safari/600.1.4"
5.170.83.124 - - [29/Mar/2015:07:55:23 +0000] "GET /profilo/style.css HTTP/1.1" 200 1877 "http://atletica.me/profilo/" "Mozilla/5.0 (iPad; CPU OS 8_2 like Mac OS X) AppleWebKit/600.1.4 (KHTML, like Gecko) GSA/5.2.43972 Mobile/12D508 Safari/600.1.4"
5.170.83.124 - - [29/Mar/2015:07:55:23 +0000] "GET /barra/home_icon_white.png HTTP/1.1" 200 1554 "http://atletica.me/profilo/" "Mozilla/5.0 (iPad; CPU OS 8_2 like Mac OS X) AppleWebKit/600.1.4 (KHTML, like Gecko) GSA/5.2.43972 Mobile/12D508 Safari/600.1.4"
5.170.83.124 - - [29/Mar/2015:07:55:23 +0000] "GET /ico/quote-32.png HTTP/1.1" 200 920 "http://atletica.me/profilo/" "Mozilla/5.0 (iPad; CPU OS 8_2 like Mac OS X) AppleWebKit/600.1.4 (KHTML, like Gecko) GSA/5.2.43972 Mobile/12D508 Safari/600.1.4"
5.170.83.124 - - [29/Mar/2015:07:55:23 +0000] "GET /barra/more_icon_black.png HTTP/1.1" 200 939 "http://atletica.me/profilo/" "Mozilla/5.0 (iPad; CPU OS 8_2 like Mac OS X) AppleWebKit/600.1.4 (KHTML, like Gecko) GSA/5.2.43972 Mobile/12D508 Safari/600.1.4"
5.170.83.124 - - [29/Mar/2015:07:55:23 +0000] "GET /ico/profilo/risultati.png HTTP/1.1" 200 3207 "http://atletica.me/profilo/" "Mozilla/5.0 (iPad; CPU OS 8_2 like Mac OS X) AppleWebKit/600.1.4 (KHTML, like Gecko) GSA/5.2.43972 Mobile/12D508 Safari/600.1.4"
5.170.83.124 - - [29/Mar/2015:07:55:23 +0000] "GET /ico/search/search-100.png HTTP/1.1" 200 1343 "http://atletica.me/profilo/" "Mozilla/5.0 (iPad; CPU OS 8_2 like Mac OS X) AppleWebKit/600.1.4 (KHTML, like Gecko) GSA/5.2.43972 Mobile/12D508 Safari/600.1.4"
5.170.83.124 - - [29/Mar/2015:07:55:23 +0000] "GET /css/fondamenta.css HTTP/1.1" 200 4736 "http://atletica.me/profilo/" "Mozilla/5.0 (iPad; CPU OS 8_2 like Mac OS X) AppleWebKit/600.1.4 (KHTML, like Gecko) GSA/5.2.43972 Mobile/12D508 Safari/600.1.4"
5.170.83.124 - - [29/Mar/2015:07:55:23 +0000] "GET /ico/profilo/home.png HTTP/1.1" 200 3184 "http://atletica.me/profilo/" "Mozilla/5.0 (iPad; CPU OS 8_2 like Mac OS X) AppleWebKit/600.1.4 (KHTML, like Gecko) GSA/5.2.43972 Mobile/12D508 Safari/600.1.4"
5.170.83.124 - - [29/Mar/2015:07:55:23 +0000] "GET /profilo/align_left-25.png HTTP/1.1" 200 413 "http://atletica.me/profilo/" "Mozilla/5.0 (iPad; CPU OS 8_2 like Mac OS X) AppleWebKit/600.1.4 (KHTML, like Gecko) GSA/5.2.43972 Mobile/12D508 Safari/600.1.4"
5.170.83.124 - - [29/Mar/2015:07:55:23 +0000] "GET /myjs/fondamenta.js HTTP/1.1" 200 4345 "http://atletica.me/profilo/" "Mozilla/5.0 (iPad; CPU OS 8_2 like Mac OS X) AppleWebKit/600.1.4 (KHTML, like Gecko) GSA/5.2.43972 Mobile/12D508 Safari/600.1.4"
5.170.83.124 - - [29/Mar/2015:07:55:23 +0000] "GET /ico/profilo/setting.png HTTP/1.1" 200 3356 "http://atletica.me/profilo/" "Mozilla/5.0 (iPad; CPU OS 8_2 like Mac OS X) AppleWebKit/600.1.4 (KHTML, like Gecko) GSA/5.2.43972 Mobile/12D508 Safari/600.1.4"
5.170.83.124 - - [29/Mar/2015:07:55:23 +0000] "GET /profilo/expand-25.png HTTP/1.1" 200 512 "http://atletica.me/profilo/" "Mozilla/5.0 (iPad; CPU OS 8_2 like Mac OS X) AppleWebKit/600.1.4 (KHTML, like Gecko) GSA/5.2.43972 Mobile/12D508 Safari/600.1.4"
5.170.83.124 - - [29/Mar/2015:07:55:24 +0000] "GET /profilo/style_cell.css HTTP/1.1" 302 529 "http://atletica.me/profilo/" "Mozilla/5.0 (iPad; CPU OS 8_2 like Mac OS X) AppleWebKit/600.1.4 (KHTML, like Gecko) GSA/5.2.43972 Mobile/12D508 Safari/600.1.4"
2.225.162.58 - - [29/Mar/2015:07:55:23 +0000] "POST /atleta/sexy_list_selected.php HTTP/1.1" 200 292 "http://atletica.me/atleta/" "Mozilla/5.0 (Linux; Android 4.4.2; GT-I9195 Build/KOT49H) AppleWebKit/537.36 (KHTML, like Gecko) Chrome/41.0.2272.96 Mobile Safari/537.36"
5.170.83.124 - - [29/Mar/2015:07:55:24 +0000] "GET /404/ HTTP/1.1" 200 1217 "http://atletica.me/profilo/" "Mozilla/5.0 (iPad; CPU OS 8_2 like Mac OS X) AppleWebKit/600.1.4 (KHTML, like Gecko) GSA/5.2.43972 Mobile/12D508 Safari/600.1.4"
5.170.83.124 - - [29/Mar/2015:07:55:24 +0000] "POST /profilo/getNotizie.php HTTP/1.1" 200 429 "http://atletica.me/profilo/" "Mozilla/5.0 (iPad; CPU OS 8_2 like Mac OS X) AppleWebKit/600.1.4 (KHTML, like Gecko) GSA/5.2.43972 Mobile/12D508 Safari/600.1.4"
2.225.162.58 - - [29/Mar/2015:07:55:24 +0000] "POST /atleta/sexy_list_selected.php HTTP/1.1" 200 1699 "http://atletica.me/atleta/" "Mozilla/5.0 (Linux; Android 4.4.2; GT-I9195 Build/KOT49H) AppleWebKit/537.36 (KHTML, like Gecko) Chrome/41.0.2272.96 Mobile Safari/537.36"
2.225.162.58 - - [29/Mar/2015:07:55:24 +0000] "POST /atleta/sexy_list_selected.php HTTP/1.1" 200 1701 "http://atletica.me/atleta/" "Mozilla/5.0 (Linux; Android 4.4.2; GT-I9195 Build/KOT49H) AppleWebKit/537.36 (KHTML, like Gecko) Chrome/41.0.2272.96 Mobile Safari/537.36"
66.249.78.127 - - [29/Mar/2015:07:55:25 +0000] "GET /confronto/index.php?atletaUno=19766&atletaDue=10955 HTTP/1.1" 200 5518 "-" "Mozilla/5.0 (compatible; Googlebot/2.1; +http://www.google.com/bot.html)"
5.170.83.124 - - [29/Mar/2015:07:55:28 +0000] "GET /profilo/risultati HTTP/1.1" 301 571 "http://atletica.me/profilo/" "Mozilla/5.0 (iPad; CPU OS 8_2 like Mac OS X) AppleWebKit/600.1.4 (KHTML, like Gecko) GSA/5.2.43972 Mobile/12D508 Safari/600.1.4"
2.225.162.58 - - [29/Mar/2015:07:55:27 +0000] "POST /atleta/sexy_list_selected.php HTTP/1.1" 200 958 "http://atletica.me/atleta/" "Mozilla/5.0 (Linux; Android 4.4.2; GT-I9195 Build/KOT49H) AppleWebKit/537.36 (KHTML, like Gecko) Chrome/41.0.2272.96 Mobile Safari/537.36"
5.170.83.124 - - [29/Mar/2015:07:55:28 +0000] "GET /profilo/risultati/ HTTP/1.1" 200 4183 "http://atletica.me/profilo/" "Mozilla/5.0 (iPad; CPU OS 8_2 like Mac OS X) AppleWebKit/600.1.4 (KHTML, like Gecko) GSA/5.2.43972 Mobile/12D508 Safari/600.1.4"
5.170.83.124 - - [29/Mar/2015:07:55:28 +0000] "GET /profilo/risultati/style.css HTTP/1.1" 200 3077 "http://atletica.me/profilo/risultati/" "Mozilla/5.0 (iPad; CPU OS 8_2 like Mac OS X) AppleWebKit/600.1.4 (KHTML, like Gecko) GSA/5.2.43972 Mobile/12D508 Safari/600.1.4"
5.170.83.124 - - [29/Mar/2015:07:55:29 +0000] "GET /ico/checkmark/checkmark-50.png HTTP/1.1" 200 743 "http://atletica.me/profilo/risultati/" "Mozilla/5.0 (iPad; CPU OS 8_2 like Mac OS X) AppleWebKit/600.1.4 (KHTML, like Gecko) GSA/5.2.43972 Mobile/12D508 Safari/600.1.4"
5.170.83.124 - - [29/Mar/2015:07:55:29 +0000] "GET /profilo/risultati/style_cell.css HTTP/1.1" 302 530 "http://atletica.me/profilo/risultati/" "Mozilla/5.0 (iPad; CPU OS 8_2 like Mac OS X) AppleWebKit/600.1.4 (KHTML, like Gecko) GSA/5.2.43972 Mobile/12D508 Safari/600.1.4"
5.170.83.124 - - [29/Mar/2015:07:55:29 +0000] "GET /profilo/risultati/myfun.js HTTP/1.1" 200 5047 "http://atletica.me/profilo/risultati/" "Mozilla/5.0 (iPad; CPU OS 8_2 like Mac OS X) AppleWebKit/600.1.4 (KHTML, like Gecko) GSA/5.2.43972 Mobile/12D508 Safari/600.1.4"
5.170.83.124 - - [29/Mar/2015:07:55:29 +0000] "POST /profilo/risultati/get_mie_notizie.php HTTP/1.1" 200 1180 "http://atletica.me/profilo/risultati/" "Mozilla/5.0 (iPad; CPU OS 8_2 like Mac OS X) AppleWebKit/600.1.4 (KHTML, like Gecko) GSA/5.2.43972 Mobile/12D508 Safari/600.1.4"
5.170.83.124 - - [29/Mar/2015:07:55:29 +0000] "GET /profilo_pro/loveOff.png HTTP/1.1" 302 529 "http://atletica.me/profilo/risultati/" "Mozilla/5.0 (iPad; CPU OS 8_2 like Mac OS X) AppleWebKit/600.1.4 (KHTML, like Gecko) GSA/5.2.43972 Mobile/12D508 Safari/600.1.4"
5.170.83.124 - - [29/Mar/2015:07:55:29 +0000] "POST /profilo/risultati/get_attivita.php HTTP/1.1" 200 429 "http://atletica.me/profilo/risultati/" "Mozilla/5.0 (iPad; CPU OS 8_2 like Mac OS X) AppleWebKit/600.1.4 (KHTML, like Gecko) GSA/5.2.43972 Mobile/12D508 Safari/600.1.4"
5.170.83.124 - - [29/Mar/2015:07:55:29 +0000] "POST /profilo/risultati/get_attivita_nascoste.php HTTP/1.1" 200 429 "http://atletica.me/profilo/risultati/" "Mozilla/5.0 (iPad; CPU OS 8_2 like Mac OS X) AppleWebKit/600.1.4 (KHTML, like Gecko) GSA/5.2.43972 Mobile/12D508 Safari/600.1.4"
2.225.162.58 - - [29/Mar/2015:07:55:30 +0000] "POST /atleta/sexy_list_selected.php HTTP/1.1" 200 466 "http://atletica.me/atleta/" "Mozilla/5.0 (Linux; Android 4.4.2; GT-I9195 Build/KOT49H) AppleWebKit/537.36 (KHTML, like Gecko) Chrome/41.0.2272.96 Mobile Safari/537.36"
2.225.162.58 - - [29/Mar/2015:07:55:35 +0000] "POST /atleta/sexy_list_selected.php HTTP/1.1" 200 411 "http://atletica.me/atleta/" "Mozilla/5.0 (Linux; Android 4.4.2; GT-I9195 Build/KOT49H) AppleWebKit/537.36 (KHTML, like Gecko) Chrome/41.0.2272.96 Mobile Safari/537.36"
2.225.162.58 - - [29/Mar/2015:07:55:38 +0000] "POST /atleta/sexy_list_selected.php HTTP/1.1" 200 292 "http://atletica.me/atleta/" "Mozilla/5.0 (Linux; Android 4.4.2; GT-I9195 Build/KOT49H) AppleWebKit/537.36 (KHTML, like Gecko) Chrome/41.0.2272.96 Mobile Safari/537.36"
5.170.83.124 - - [29/Mar/2015:07:55:38 +0000] "GET /profilo/impo HTTP/1.1" 301 563 "http://atletica.me/profilo/risultati/" "Mozilla/5.0 (iPad; CPU OS 8_2 like Mac OS X) AppleWebKit/600.1.4 (KHTML, like Gecko) GSA/5.2.43972 Mobile/12D508 Safari/600.1.4"
5.170.83.124 - - [29/Mar/2015:07:55:38 +0000] "GET /profilo/impo/ HTTP/1.1" 200 4206 "http://atletica.me/profilo/risultati/" "Mozilla/5.0 (iPad; CPU OS 8_2 like Mac OS X) AppleWebKit/600.1.4 (KHTML, like Gecko) GSA/5.2.43972 Mobile/12D508 Safari/600.1.4"
5.170.83.124 - - [29/Mar/2015:07:55:39 +0000] "GET /profilo/impo/style.css HTTP/1.1" 200 1516 "http://atletica.me/profilo/impo/" "Mozilla/5.0 (iPad; CPU OS 8_2 like Mac OS X) AppleWebKit/600.1.4 (KHTML, like Gecko) GSA/5.2.43972 Mobile/12D508 Safari/600.1.4"
5.170.83.124 - - [29/Mar/2015:07:55:39 +0000] "GET /profilo/impo/myfun.js HTTP/1.1" 200 1649 "http://atletica.me/profilo/impo/" "Mozilla/5.0 (iPad; CPU OS 8_2 like Mac OS X) AppleWebKit/600.1.4 (KHTML, like Gecko) GSA/5.2.43972 Mobile/12D508 Safari/600.1.4"
5.170.83.124 - - [29/Mar/2015:07:55:39 +0000] "GET /profilo/impo/style_cell.css HTTP/1.1" 302 530 "http://atletica.me/profilo/impo/" "Mozilla/5.0 (iPad; CPU OS 8_2 like Mac OS X) AppleWebKit/600.1.4 (KHTML, like Gecko) GSA/5.2.43972 Mobile/12D508 Safari/600.1.4"
5.170.83.124 - - [29/Mar/2015:07:55:39 +0000] "POST /profilo/impo/getListSegui.php HTTP/1.1" 200 429 "http://atletica.me/profilo/impo/" "Mozilla/5.0 (iPad; CPU OS 8_2 like Mac OS X) AppleWebKit/600.1.4 (KHTML, like Gecko) GSA/5.2.43972 Mobile/12D508 Safari/600.1.4"
2.225.162.58 - - [29/Mar/2015:07:55:41 +0000] "GET /profilo/ HTTP/1.1" 200 4205 "http://atletica.me/" "Mozilla/5.0 (Linux; Android 4.4.2; GT-I9195 Build/KOT49H) AppleWebKit/537.36 (KHTML, like Gecko) Chrome/41.0.2272.96 Mobile Safari/537.36"
2.225.162.58 - - [29/Mar/2015:07:55:41 +0000] "GET / HTTP/1.1" 200 4257 "https://www.google.it/" "Mozilla/5.0 (Linux; Android 4.4.2; GT-I9195 Build/KOT49H) AppleWebKit/537.36 (KHTML, like Gecko) Chrome/41.0.2272.96 Mobile Safari/537.36"
2.225.162.58 - - [29/Mar/2015:07:55:41 +0000] "GET /profilo/ HTTP/1.1" 200 4206 "http://atletica.me/" "Mozilla/5.0 (Linux; Android 4.4.2; GT-I9195 Build/KOT49H) AppleWebKit/537.36 (KHTML, like Gecko) Chrome/41.0.2272.96 Mobile Safari/537.36"
2.225.162.58 - - [29/Mar/2015:07:55:42 +0000] "GET /profilo/ HTTP/1.1" 200 4206 "http://atletica.me/" "Mozilla/5.0 (Linux; Android 4.4.2; GT-I9195 Build/KOT49H) AppleWebKit/537.36 (KHTML, like Gecko) Chrome/41.0.2272.96 Mobile Safari/537.36"
2.225.162.58 - - [29/Mar/2015:07:55:42 +0000] "GET /profilo/ HTTP/1.1" 200 4206 "http://atletica.me/" "Mozilla/5.0 (Linux; Android 4.4.2; GT-I9195 Build/KOT49H) AppleWebKit/537.36 (KHTML, like Gecko) Chrome/41.0.2272.96 Mobile Safari/537.36"
2.225.162.58 - - [29/Mar/2015:07:55:42 +0000] "GET /profilo/ HTTP/1.1" 200 4206 "http://atletica.me/" "Mozilla/5.0 (Linux; Android 4.4.2; GT-I9195 Build/KOT49H) AppleWebKit/537.36 (KHTML, like Gecko) Chrome/41.0.2272.96 Mobile Safari/537.36"
5.170.83.124 - - [29/Mar/2015:07:55:42 +0000] "GET /profilo/ HTTP/1.1" 200 4206 "http://atletica.me/profilo/impo/" "Mozilla/5.0 (iPad; CPU OS 8_2 like Mac OS X) AppleWebKit/600.1.4 (KHTML, like Gecko) GSA/5.2.43972 Mobile/12D508 Safari/600.1.4"
2.225.162.58 - - [29/Mar/2015:07:55:42 +0000] "GET /profilo/ HTTP/1.1" 200 4206 "http://atletica.me/" "Mozilla/5.0 (Linux; Android 4.4.2; GT-I9195 Build/KOT49H) AppleWebKit/537.36 (KHTML, like Gecko) Chrome/41.0.2272.96 Mobile Safari/537.36"
5.170.83.124 - - [29/Mar/2015:07:55:43 +0000] "POST /profilo/getNotizie.php HTTP/1.1" 200 429 "http://atletica.me/profilo/" "Mozilla/5.0 (iPad; CPU OS 8_2 like Mac OS X) AppleWebKit/600.1.4 (KHTML, like Gecko) GSA/5.2.43972 Mobile/12D508 Safari/600.1.4"
2.225.162.58 - - [29/Mar/2015:07:55:43 +0000] "POST /profilo/getNotizie.php HTTP/1.1" 200 1508 "http://atletica.me/profilo/" "Mozilla/5.0 (Linux; Android 4.4.2; GT-I9195 Build/KOT49H) AppleWebKit/537.36 (KHTML, like Gecko) Chrome/41.0.2272.96 Mobile Safari/537.36"
2.225.162.58 - - [29/Mar/2015:07:55:44 +0000] "GET / HTTP/1.1" 200 4257 "https://www.google.it/" "Mozilla/5.0 (Linux; Android 4.4.2; GT-I9195 Build/KOT49H) AppleWebKit/537.36 (KHTML, like Gecko) Chrome/41.0.2272.96 Mobile Safari/537.36"
2.225.162.58 - - [29/Mar/2015:07:55:22 +0000] "POST /atleta/sexy_list_selected.php HTTP/1.1" 200 1666 "http://atletica.me/atleta/" "Mozilla/5.0 (Linux; Android 4.4.2; GT-I9195 Build/KOT49H) AppleWebKit/537.36 (KHTML, like Gecko) Chrome/41.0.2272.96 Mobile Safari/537.36"
5.170.83.124 - - [29/Mar/2015:07:55:48 +0000] "GET /atleta/12150 HTTP/1.1" 200 7173 "http://atletica.me/profilo/" "Mozilla/5.0 (iPad; CPU OS 8_2 like Mac OS X) AppleWebKit/600.1.4 (KHTML, like Gecko) GSA/5.2.43972 Mobile/12D508 Safari/600.1.4"
5.170.83.124 - - [29/Mar/2015:07:55:49 +0000] "GET /atleta/style.css HTTP/1.1" 200 4777 "http://atletica.me/atleta/12150" "Mozilla/5.0 (iPad; CPU OS 8_2 like Mac OS X) AppleWebKit/600.1.4 (KHTML, like Gecko) GSA/5.2.43972 Mobile/12D508 Safari/600.1.4"
5.170.83.124 - - [29/Mar/2015:07:55:49 +0000] "GET /record/js/modernizr.custom.js HTTP/1.1" 200 4102 "http://atletica.me/atleta/12150" "Mozilla/5.0 (iPad; CPU OS 8_2 like Mac OS X) AppleWebKit/600.1.4 (KHTML, like Gecko) GSA/5.2.43972 Mobile/12D508 Safari/600.1.4"
5.170.83.124 - - [29/Mar/2015:07:55:49 +0000] "GET /atleta/graph.js HTTP/1.1" 200 3160 "http://atletica.me/atleta/12150" "Mozilla/5.0 (iPad; CPU OS 8_2 like Mac OS X) AppleWebKit/600.1.4 (KHTML, like Gecko) GSA/5.2.43972 Mobile/12D508 Safari/600.1.4"
5.170.83.124 - - [29/Mar/2015:07:55:49 +0000] "GET /atleta/style_cell.css HTTP/1.1" 200 565 "http://atletica.me/atleta/12150" "Mozilla/5.0 (iPad; CPU OS 8_2 like Mac OS X) AppleWebKit/600.1.4 (KHTML, like Gecko) GSA/5.2.43972 Mobile/12D508 Safari/600.1.4"
5.170.83.124 - - [29/Mar/2015:07:55:49 +0000] "GET /myjs/ricerca.js HTTP/1.1" 200 644 "http://atletica.me/atleta/12150" "Mozilla/5.0 (iPad; CPU OS 8_2 like Mac OS X) AppleWebKit/600.1.4 (KHTML, like Gecko) GSA/5.2.43972 Mobile/12D508 Safari/600.1.4"
5.170.83.124 - - [29/Mar/2015:07:55:49 +0000] "GET /record/css/component.css HTTP/1.1" 200 1674 "http://atletica.me/atleta/12150" "Mozilla/5.0 (iPad; CPU OS 8_2 like Mac OS X) AppleWebKit/600.1.4 (KHTML, like Gecko) GSA/5.2.43972 Mobile/12D508 Safari/600.1.4"
5.170.83.124 - - [29/Mar/2015:07:55:49 +0000] "GET /record/css/content.css HTTP/1.1" 200 2462 "http://atletica.me/atleta/12150" "Mozilla/5.0 (iPad; CPU OS 8_2 like Mac OS X) AppleWebKit/600.1.4 (KHTML, like Gecko) GSA/5.2.43972 Mobile/12D508 Safari/600.1.4"
5.170.83.124 - - [29/Mar/2015:07:55:49 +0000] "GET /record/js/classie.js HTTP/1.1" 200 1062 "http://atletica.me/atleta/12150" "Mozilla/5.0 (iPad; CPU OS 8_2 like Mac OS X) AppleWebKit/600.1.4 (KHTML, like Gecko) GSA/5.2.43972 Mobile/12D508 Safari/600.1.4"
5.170.83.124 - - [29/Mar/2015:07:55:49 +0000] "GET /record/js/uiMorphingButton_fixed.js HTTP/1.1" 200 1703 "http://atletica.me/atleta/12150" "Mozilla/5.0 (iPad; CPU OS 8_2 like Mac OS X) AppleWebKit/600.1.4 (KHTML, like Gecko) GSA/5.2.43972 Mobile/12D508 Safari/600.1.4"
5.170.83.124 - - [29/Mar/2015:07:55:49 +0000] "GET /atleta/myfun.js HTTP/1.1" 200 6786 "http://atletica.me/atleta/12150" "Mozilla/5.0 (iPad; CPU OS 8_2 like Mac OS X) AppleWebKit/600.1.4 (KHTML, like Gecko) GSA/5.2.43972 Mobile/12D508 Safari/600.1.4"
5.170.83.124 - - [29/Mar/2015:07:55:49 +0000] "GET /ico/marker_pen/marker_pen_white-25.png HTTP/1.1" 200 1633 "http://atletica.me/atleta/12150" "Mozilla/5.0 (iPad; CPU OS 8_2 like Mac OS X) AppleWebKit/600.1.4 (KHTML, like Gecko) GSA/5.2.43972 Mobile/12D508 Safari/600.1.4"
5.170.83.124 - - [29/Mar/2015:07:55:51 +0000] "GET /record/fonts/icomoon/icomoon.woff?i64fx9 HTTP/1.1" 302 530 "http://atletica.me/atleta/12150" "Mozilla/5.0 (iPad; CPU OS 8_2 like Mac OS X) AppleWebKit/600.1.4 (KHTML, like Gecko) GSA/5.2.43972 Mobile/12D508 Safari/600.1.4"
5.170.83.124 - - [29/Mar/2015:07:55:51 +0000] "GET /record/fonts/icomoon/icomoon.ttf?i64fx9 HTTP/1.1" 302 529 "http://atletica.me/atleta/12150" "Mozilla/5.0 (iPad; CPU OS 8_2 like Mac OS X) AppleWebKit/600.1.4 (KHTML, like Gecko) GSA/5.2.43972 Mobile/12D508 Safari/600.1.4"
5.170.83.124 - - [29/Mar/2015:07:55:51 +0000] "GET /record/fonts/icomoon/icomoon.svg?i64fx9 HTTP/1.1" 302 529 "http://atletica.me/atleta/12150" "Mozilla/5.0 (iPad; CPU OS 8_2 like Mac OS X) AppleWebKit/600.1.4 (KHTML, like Gecko) GSA/5.2.43972 Mobile/12D508 Safari/600.1.4"
5.170.83.124 - - [29/Mar/2015:07:55:52 +0000] "POST /atleta/aggiorna.php HTTP/1.1" 200 1669 "http://atletica.me/atleta/12150" "Mozilla/5.0 (iPad; CPU OS 8_2 like Mac OS X) AppleWebKit/600.1.4 (KHTML, like Gecko) GSA/5.2.43972 Mobile/12D508 Safari/600.1.4"
5.170.83.124 - - [29/Mar/2015:07:55:52 +0000] "GET /ico/min-arr.png HTTP/1.1" 200 870 "http://atletica.me/atleta/12150" "Mozilla/5.0 (iPad; CPU OS 8_2 like Mac OS X) AppleWebKit/600.1.4 (KHTML, like Gecko) GSA/5.2.43972 Mobile/12D508 Safari/600.1.4"
66.249.78.120 - - [29/Mar/2015:07:55:56 +0000] "POST /confronto/engine/confronta.php HTTP/1.1" 200 1403 "http://atletica.me/confronto/index.php?atletaUno=163848&atletaDue=114994" "Mozilla/5.0 (compatible; Googlebot/2.1; +http://www.google.com/bot.html)"
66.249.78.120 - - [29/Mar/2015:07:55:57 +0000] "POST /confronto/engine/get_pb_atleti.php HTTP/1.1" 200 616 "http://atletica.me/confronto/index.php?atletaUno=163848&atletaDue=114994" "Mozilla/5.0 (compatible; Googlebot/2.1; +http://www.google.com/bot.html)"
66.249.78.127 - - [29/Mar/2015:07:56:00 +0000] "POST /confronto/engine/confronta.php HTTP/1.1" 200 2154 "http://atletica.me/confronto/index.php?atletaUno=86399&atletaDue=77462" "Mozilla/5.0 (compatible; Googlebot/2.1; +http://www.google.com/bot.html)"
66.249.78.113 - - [29/Mar/2015:07:56:00 +0000] "POST /confronto/engine/get_pb_atleti.php HTTP/1.1" 200 576 "http://atletica.me/confronto/index.php?atletaUno=86399&atletaDue=77462" "Mozilla/5.0 (compatible; Googlebot/2.1; +http://www.google.com/bot.html)"
5.170.83.124 - - [29/Mar/2015:07:56:01 +0000] "POST /atleta/get_notizie.php HTTP/1.1" 200 744 "http://atletica.me/atleta/12150" "Mozilla/5.0 (iPad; CPU OS 8_2 like Mac OS X) AppleWebKit/600.1.4 (KHTML, like Gecko) GSA/5.2.43972 Mobile/12D508 Safari/600.1.4"
